--------- beginning of /dev/log/system
05-27 11:21:21.800   142   142 I Vold    : Vold 2.1 (the revenge) firing up
05-27 11:21:21.800   142   142 W Vold    : Parse /proc/filesystems ...
05-27 11:21:21.800   142   142 W Vold    : filetype[0]=vfat
05-27 11:21:21.810   142   142 W Vold    : filetype[1]=ext4
05-27 11:21:21.810   142   142 W Vold    : filetype[2]=ext3
05-27 11:21:21.810   142   142 W Vold    : filetype[3]=ext2
05-27 11:21:21.810   142   142 W Vold    : filetype[4]=fuseblk
05-27 11:21:21.810   142   142 W Vold    : filetype[5]=ntfs
05-27 11:21:21.810   142   142 W Vold    : filetype[6]=exfat
05-27 11:21:21.810   142   142 I Vold    : fstab_filename = /fstab.leadcoreinnopower
05-27 11:21:21.810   142   142 I Vold    : fstab size = 19
05-27 11:21:21.810   142   142 I Vold    : ------------
05-27 11:21:21.810   142   142 D Vold    : Volume sdcard1 state changing -1 (Initializing) -> 0 (No-Media)
05-27 11:21:21.810   142   142 I DirectVolume: Dv::addPath -- /devices/platform/comip-mmc.0/mmc_host/mmc1
05-27 11:21:21.810   142   142 I Vold    : ------------
05-27 11:21:21.820   142   142 D Vold    : Volume usbotg state changing -1 (Initializing) -> 0 (No-Media)
05-27 11:21:21.820   142   142 I DirectVolume: Dv::addPath -- /devices/platform/comip-hcd/usb1
05-27 11:21:21.820   142   225 W DirectVolume: Block (/devices/virtual/block/loop0) is not managed by vold rule (/devices/platform/comip-mmc.0/mmc_host/mmc1). Try next rule
05-27 11:21:21.820   142   225 E DirectVolume: Block (/devices/virtual/block/loop0) is not managed by this DirectVolume
05-27 11:21:21.820   142   225 W DirectVolume: Block (/devices/virtual/block/loop0) is not managed by vold rule (/devices/platform/comip-hcd/usb1). Try next rule
05-27 11:21:21.820   142   225 E DirectVolume: Block (/devices/virtual/block/loop0) is not managed by this DirectVolume
05-27 11:21:21.820   142   225 W DirectVolume: Block (/devices/virtual/block/loop1) is not managed by vold rule (/devices/platform/comip-mmc.0/mmc_host/mmc1). Try next rule
05-27 11:21:21.820   142   225 E DirectVolume: Block (/devices/virtual/block/loop1) is not managed by this DirectVolume
05-27 11:21:21.820   142   225 W DirectVolume: Block (/devices/virtual/block/loop1) is not managed by vold rule (/devices/platform/comip-hcd/usb1). Try next rule
05-27 11:21:21.820   142   225 E DirectVolume: Block (/devices/virtual/block/loop1) is not managed by this DirectVolume
05-27 11:21:21.820   142   225 W DirectVolume: Block (/devices/virtual/block/loop2) is not managed by vold rule (/devices/platform/comip-mmc.0/mmc_host/mmc1). Try next rule
05-27 11:21:21.820   142   225 E DirectVolume: Block (/devices/virtual/block/loop2) is not managed by this DirectVolume
05-27 11:21:21.820   142   225 W DirectVolume: Block (/devices/virtual/block/loop2) is not managed by vold rule (/devices/platform/comip-hcd/usb1). Try next rule
05-27 11:21:21.820   142   225 E DirectVolume: Block (/devices/virtual/block/loop2) is not managed by this DirectVolume
05-27 11:21:21.820   142   225 W DirectVolume: Block (/devices/virtual/block/loop3) is not managed by vold rule (/devices/platform/comip-mmc.0/mmc_host/mmc1). Try next rule
05-27 11:21:21.820   142   225 E DirectVolume: Block (/devices/virtual/block/loop3) is not managed by this DirectVolume
05-27 11:21:21.820   142   225 W DirectVolume: Block (/devices/virtual/block/loop3) is not managed by vold rule (/devices/platform/comip-hcd/usb1). Try next rule
05-27 11:21:21.820   142   225 E DirectVolume: Block (/devices/virtual/block/loop3) is not managed by this DirectVolume
05-27 11:21:21.820   142   225 W DirectVolume: Block (/devices/virtual/block/loop4) is not managed by vold rule (/devices/platform/comip-mmc.0/mmc_host/mmc1). Try next rule
05-27 11:21:21.820   142   225 E DirectVolume: Block (/devices/virtual/block/loop4) is not managed by this DirectVolume
05-27 11:21:21.820   142   225 W DirectVolume: Block (/devices/virtual/block/loop4) is not managed by vold rule (/devices/platform/comip-hcd/usb1). Try next rule
05-27 11:21:21.820   142   225 E DirectVolume: Block (/devices/virtual/block/loop4) is not managed by this DirectVolume
05-27 11:21:21.820   142   225 W DirectVolume: Block (/devices/virtual/block/loop5) is not managed by vold rule (/devices/platform/comip-mmc.0/mmc_host/mmc1). Try next rule
05-27 11:21:21.820   142   225 E DirectVolume: Block (/devices/virtual/block/loop5) is not managed by this DirectVolume
05-27 11:21:21.820   142   225 W DirectVolume: Block (/devices/virtual/block/loop5) is not managed by vold rule (/devices/platform/comip-hcd/usb1). Try next rule
05-27 11:21:21.820   142   225 E DirectVolume: Block (/devices/virtual/block/loop5) is not managed by this DirectVolume
05-27 11:21:21.820   142   225 W DirectVolume: Block (/devices/virtual/block/loop6) is not managed by vold rule (/devices/platform/comip-mmc.0/mmc_host/mmc1). Try next rule
05-27 11:21:21.820   142   225 E DirectVolume: Block (/devices/virtual/block/loop6) is not managed by this DirectVolume
05-27 11:21:21.820   142   225 W DirectVolume: Block (/devices/virtual/block/loop6) is not managed by vold rule (/devices/platform/comip-hcd/usb1). Try next rule
05-27 11:21:21.820   142   225 E DirectVolume: Block (/devices/virtual/block/loop6) is not managed by this DirectVolume
05-27 11:21:21.820   142   225 W DirectVolume: Block (/devices/virtual/block/loop7) is not managed by vold rule (/devices/platform/comip-mmc.0/mmc_host/mmc1). Try next rule
05-27 11:21:21.820   142   225 E DirectVolume: Block (/devices/virtual/block/loop7) is not managed by this DirectVolume
05-27 11:21:21.820   142   225 W DirectVolume: Block (/devices/virtual/block/loop7) is not managed by vold rule (/devices/platform/comip-hcd/usb1). Try next rule
05-27 11:21:21.820   142   225 E DirectVolume: Block (/devices/virtual/block/loop7) is not managed by this DirectVolume
05-27 11:21:21.820   142   225 W DirectVolume: Block (/devices/virtual/block/zram0) is not managed by vold rule (/devices/platform/comip-mmc.0/mmc_host/mmc1). Try next rule
05-27 11:21:21.820   142   225 E DirectVolume: Block (/devices/virtual/block/zram0) is not managed by this DirectVolume
05-27 11:21:21.820   142   225 W DirectVolume: Block (/devices/virtual/block/zram0) is not managed by vold rule (/devices/platform/comip-hcd/usb1). Try next rule
05-27 11:21:21.820   142   225 E DirectVolume: Block (/devices/virtual/block/zram0) is not managed by this DirectVolume
05-27 11:21:21.820   142   225 W DirectVolume: Block (/devices/platform/comip-mmc.1/mmc_host/mmc0/mmc0:0001/block/mmcblk0/mmcblk0rpmb) is not managed by vold rule (/devices/platform/comip-mmc.0/mmc_host/mmc1). Try next rule
05-27 11:21:21.820   142   225 E DirectVolume: Block (/devices/platform/comip-mmc.1/mmc_host/mmc0/mmc0:0001/block/mmcblk0/mmcblk0rpmb) is not managed by this DirectVolume
05-27 11:21:21.820   142   225 W DirectVolume: Block (/devices/platform/comip-mmc.1/mmc_host/mmc0/mmc0:0001/block/mmcblk0/mmcblk0rpmb) is not managed by vold rule (/devices/platform/comip-hcd/usb1). Try next rule
05-27 11:21:21.820   142   225 E DirectVolume: Block (/devices/platform/comip-mmc.1/mmc_host/mmc0/mmc0:0001/block/mmcblk0/mmcblk0rpmb) is not managed by this DirectVolume
05-27 11:21:21.820   142   225 W DirectVolume: Block (/devices/platform/comip-mmc.1/mmc_host/mmc0/mmc0:0001/block/mmcblk0/mmcblk0boot0) is not managed by vold rule (/devices/platform/comip-mmc.0/mmc_host/mmc1). Try next rule
05-27 11:21:21.820   142   225 E DirectVolume: Block (/devices/platform/comip-mmc.1/mmc_host/mmc0/mmc0:0001/block/mmcblk0/mmcblk0boot0) is not managed by this DirectVolume
05-27 11:21:21.820   142   225 W DirectVolume: Block (/devices/platform/comip-mmc.1/mmc_host/mmc0/mmc0:0001/block/mmcblk0/mmcblk0boot0) is not managed by vold rule (/devices/platform/comip-hcd/usb1). Try next rule
05-27 11:21:21.820   142   225 E DirectVolume: Block (/devices/platform/comip-mmc.1/mmc_host/mmc0/mmc0:0001/block/mmcblk0/mmcblk0boot0) is not managed by this DirectVolume
05-27 11:21:21.820   142   225 W DirectVolume: Block (/devices/platform/comip-mmc.1/mmc_host/mmc0/mmc0:0001/block/mmcblk0/mmcblk0boot1) is not managed by vold rule (/devices/platform/comip-mmc.0/mmc_host/mmc1). Try next rule
05-27 11:21:21.820   142   225 E DirectVolume: Block (/devices/platform/comip-mmc.1/mmc_host/mmc0/mmc0:0001/block/mmcblk0/mmcblk0boot1) is not managed by this DirectVolume
05-27 11:21:21.820   142   225 W DirectVolume: Block (/devices/platform/comip-mmc.1/mmc_host/mmc0/mmc0:0001/block/mmcblk0/mmcblk0boot1) is not managed by vold rule (/devices/platform/comip-hcd/usb1). Try next rule
05-27 11:21:21.820   142   225 E DirectVolume: Block (/devices/platform/comip-mmc.1/mmc_host/mmc0/mmc0:0001/block/mmcblk0/mmcblk0boot1) is not managed by this DirectVolume
05-27 11:21:21.830   142   225 W DirectVolume: Block (/devices/platform/comip-mmc.1/mmc_host/mmc0/mmc0:0001/block/mmcblk0) is not managed by vold rule (/devices/platform/comip-mmc.0/mmc_host/mmc1). Try next rule
05-27 11:21:21.830   142   225 E DirectVolume: Block (/devices/platform/comip-mmc.1/mmc_host/mmc0/mmc0:0001/block/mmcblk0) is not managed by this DirectVolume
05-27 11:21:21.830   142   225 W DirectVolume: Block (/devices/platform/comip-mmc.1/mmc_host/mmc0/mmc0:0001/block/mmcblk0) is not managed by vold rule (/devices/platform/comip-hcd/usb1). Try next rule
05-27 11:21:21.830   142   225 E DirectVolume: Block (/devices/platform/comip-mmc.1/mmc_host/mmc0/mmc0:0001/block/mmcblk0) is not managed by this DirectVolume
05-27 11:21:21.830   142   225 W DirectVolume: Block (/devices/platform/comip-mmc.1/mmc_host/mmc0/mmc0:0001/block/mmcblk0/mmcblk0p1) is not managed by vold rule (/devices/platform/comip-mmc.0/mmc_host/mmc1). Try next rule
05-27 11:21:21.830   142   225 E DirectVolume: Block (/devices/platform/comip-mmc.1/mmc_host/mmc0/mmc0:0001/block/mmcblk0/mmcblk0p1) is not managed by this DirectVolume
05-27 11:21:21.830   142   225 W DirectVolume: Block (/devices/platform/comip-mmc.1/mmc_host/mmc0/mmc0:0001/block/mmcblk0/mmcblk0p1) is not managed by vold rule (/devices/platform/comip-hcd/usb1). Try next rule
05-27 11:21:21.830   142   225 E DirectVolume: Block (/devices/platform/comip-mmc.1/mmc_host/mmc0/mmc0:0001/block/mmcblk0/mmcblk0p1) is not managed by this DirectVolume
05-27 11:21:21.830   142   225 W DirectVolume: Block (/devices/platform/comip-mmc.1/mmc_host/mmc0/mmc0:0001/block/mmcblk0/mmcblk0p2) is not managed by vold rule (/devices/platform/comip-mmc.0/mmc_host/mmc1). Try next rule
05-27 11:21:21.830   142   225 E DirectVolume: Block (/devices/platform/comip-mmc.1/mmc_host/mmc0/mmc0:0001/block/mmcblk0/mmcblk0p2) is not managed by this DirectVolume
05-27 11:21:21.830   142   225 W DirectVolume: Block (/devices/platform/comip-mmc.1/mmc_host/mmc0/mmc0:0001/block/mmcblk0/mmcblk0p2) is not managed by vold rule (/devices/platform/comip-hcd/usb1). Try next rule
05-27 11:21:21.830   142   225 E DirectVolume: Block (/devices/platform/comip-mmc.1/mmc_host/mmc0/mmc0:0001/block/mmcblk0/mmcblk0p2) is not managed by this DirectVolume
05-27 11:21:21.830   142   225 W DirectVolume: Block (/devices/platform/comip-mmc.1/mmc_host/mmc0/mmc0:0001/block/mmcblk0/mmcblk0p3) is not managed by vold rule (/devices/platform/comip-mmc.0/mmc_host/mmc1). Try next rule
05-27 11:21:21.830   142   225 E DirectVolume: Block (/devices/platform/comip-mmc.1/mmc_host/mmc0/mmc0:0001/block/mmcblk0/mmcblk0p3) is not managed by this DirectVolume
05-27 11:21:21.830   142   225 W DirectVolume: Block (/devices/platform/comip-mmc.1/mmc_host/mmc0/mmc0:0001/block/mmcblk0/mmcblk0p3) is not managed by vold rule (/devices/platform/comip-hcd/usb1). Try next rule
05-27 11:21:21.830   142   225 E DirectVolume: Block (/devices/platform/comip-mmc.1/mmc_host/mmc0/mmc0:0001/block/mmcblk0/mmcblk0p3) is not managed by this DirectVolume
05-27 11:21:21.830   142   225 W DirectVolume: Block (/devices/platform/comip-mmc.1/mmc_host/mmc0/mmc0:0001/block/mmcblk0/mmcblk0p4) is not managed by vold rule (/devices/platform/comip-mmc.0/mmc_host/mmc1). Try next rule
05-27 11:21:21.830   142   225 E DirectVolume: Block (/devices/platform/comip-mmc.1/mmc_host/mmc0/mmc0:0001/block/mmcblk0/mmcblk0p4) is not managed by this DirectVolume
05-27 11:21:21.830   142   225 W DirectVolume: Block (/devices/platform/comip-mmc.1/mmc_host/mmc0/mmc0:0001/block/mmcblk0/mmcblk0p4) is not managed by vold rule (/devices/platform/comip-hcd/usb1). Try next rule
05-27 11:21:21.830   142   225 E DirectVolume: Block (/devices/platform/comip-mmc.1/mmc_host/mmc0/mmc0:0001/block/mmcblk0/mmcblk0p4) is not managed by this DirectVolume
05-27 11:21:21.830   142   225 W DirectVolume: Block (/devices/platform/comip-mmc.1/mmc_host/mmc0/mmc0:0001/block/mmcblk0/mmcblk0p5) is not managed by vold rule (/devices/platform/comip-mmc.0/mmc_host/mmc1). Try next rule
05-27 11:21:21.830   142   225 E DirectVolume: Block (/devices/platform/comip-mmc.1/mmc_host/mmc0/mmc0:0001/block/mmcblk0/mmcblk0p5) is not managed by this DirectVolume
05-27 11:21:21.830   142   225 W DirectVolume: Block (/devices/platform/comip-mmc.1/mmc_host/mmc0/mmc0:0001/block/mmcblk0/mmcblk0p5) is not managed by vold rule (/devices/platform/comip-hcd/usb1). Try next rule
05-27 11:21:21.830   142   225 E DirectVolume: Block (/devices/platform/comip-mmc.1/mmc_host/mmc0/mmc0:0001/block/mmcblk0/mmcblk0p5) is not managed by this DirectVolume
05-27 11:21:21.830   142   225 W DirectVolume: Block (/devices/platform/comip-mmc.1/mmc_host/mmc0/mmc0:0001/block/mmcblk0/mmcblk0p6) is not managed by vold rule (/devices/platform/comip-mmc.0/mmc_host/mmc1). Try next rule
05-27 11:21:21.830   142   225 E DirectVolume: Block (/devices/platform/comip-mmc.1/mmc_host/mmc0/mmc0:0001/block/mmcblk0/mmcblk0p6) is not managed by this DirectVolume
05-27 11:21:21.830   142   225 W DirectVolume: Block (/devices/platform/comip-mmc.1/mmc_host/mmc0/mmc0:0001/block/mmcblk0/mmcblk0p6) is not managed by vold rule (/devices/platform/comip-hcd/usb1). Try next rule
05-27 11:21:21.830   142   225 E DirectVolume: Block (/devices/platform/comip-mmc.1/mmc_host/mmc0/mmc0:0001/block/mmcblk0/mmcblk0p6) is not managed by this DirectVolume
05-27 11:21:21.830   142   225 W DirectVolume: Block (/devices/platform/comip-mmc.1/mmc_host/mmc0/mmc0:0001/block/mmcblk0/mmcblk0p7) is not managed by vold rule (/devices/platform/comip-mmc.0/mmc_host/mmc1). Try next rule
05-27 11:21:21.830   142   225 E DirectVolume: Block (/devices/platform/comip-mmc.1/mmc_host/mmc0/mmc0:0001/block/mmcblk0/mmcblk0p7) is not managed by this DirectVolume
05-27 11:21:21.830   142   225 W DirectVolume: Block (/devices/platform/comip-mmc.1/mmc_host/mmc0/mmc0:0001/block/mmcblk0/mmcblk0p7) is not managed by vold rule (/devices/platform/comip-hcd/usb1). Try next rule
05-27 11:21:21.830   142   225 E DirectVolume: Block (/devices/platform/comip-mmc.1/mmc_host/mmc0/mmc0:0001/block/mmcblk0/mmcblk0p7) is not managed by this DirectVolume
05-27 11:21:21.830   142   225 W DirectVolume: Block (/devices/platform/comip-mmc.1/mmc_host/mmc0/mmc0:0001/block/mmcblk0/mmcblk0p8) is not managed by vold rule (/devices/platform/comip-mmc.0/mmc_host/mmc1). Try next rule
05-27 11:21:21.830   142   225 E DirectVolume: Block (/devices/platform/comip-mmc.1/mmc_host/mmc0/mmc0:0001/block/mmcblk0/mmcblk0p8) is not managed by this DirectVolume
05-27 11:21:21.830   142   225 W DirectVolume: Block (/devices/platform/comip-mmc.1/mmc_host/mmc0/mmc0:0001/block/mmcblk0/mmcblk0p8) is not managed by vold rule (/devices/platform/comip-hcd/usb1). Try next rule
05-27 11:21:21.830   142   225 E DirectVolume: Block (/devices/platform/comip-mmc.1/mmc_host/mmc0/mmc0:0001/block/mmcblk0/mmcblk0p8) is not managed by this DirectVolume
05-27 11:21:21.830   142   225 W DirectVolume: Block (/devices/platform/comip-mmc.1/mmc_host/mmc0/mmc0:0001/block/mmcblk0/mmcblk0p9) is not managed by vold rule (/devices/platform/comip-mmc.0/mmc_host/mmc1). Try next rule
05-27 11:21:21.830   142   225 E DirectVolume: Block (/devices/platform/comip-mmc.1/mmc_host/mmc0/mmc0:0001/block/mmcblk0/mmcblk0p9) is not managed by this DirectVolume
05-27 11:21:21.830   142   225 W DirectVolume: Block (/devices/platform/comip-mmc.1/mmc_host/mmc0/mmc0:0001/block/mmcblk0/mmcblk0p9) is not managed by vold rule (/devices/platform/comip-hcd/usb1). Try next rule
05-27 11:21:21.830   142   225 E DirectVolume: Block (/devices/platform/comip-mmc.1/mmc_host/mmc0/mmc0:0001/block/mmcblk0/mmcblk0p9) is not managed by this DirectVolume
05-27 11:21:21.840   142   225 W DirectVolume: Block (/devices/platform/comip-mmc.1/mmc_host/mmc0/mmc0:0001/block/mmcblk0/mmcblk0rpmb) is not managed by vold rule (/devices/platform/comip-mmc.0/mmc_host/mmc1). Try next rule
05-27 11:21:21.840   142   225 E DirectVolume: Block (/devices/platform/comip-mmc.1/mmc_host/mmc0/mmc0:0001/block/mmcblk0/mmcblk0rpmb) is not managed by this DirectVolume
05-27 11:21:21.840   142   225 W DirectVolume: Block (/devices/platform/comip-mmc.1/mmc_host/mmc0/mmc0:0001/block/mmcblk0/mmcblk0rpmb) is not managed by vold rule (/devices/platform/comip-hcd/usb1). Try next rule
05-27 11:21:21.840   142   225 E DirectVolume: Block (/devices/platform/comip-mmc.1/mmc_host/mmc0/mmc0:0001/block/mmcblk0/mmcblk0rpmb) is not managed by this DirectVolume
05-27 11:21:21.840   142   225 W DirectVolume: Block (/devices/platform/comip-mmc.1/mmc_host/mmc0/mmc0:0001/block/mmcblk0/mmcblk0boot0) is not managed by vold rule (/devices/platform/comip-mmc.0/mmc_host/mmc1). Try next rule
05-27 11:21:21.840   142   225 E DirectVolume: Block (/devices/platform/comip-mmc.1/mmc_host/mmc0/mmc0:0001/block/mmcblk0/mmcblk0boot0) is not managed by this DirectVolume
05-27 11:21:21.840   142   225 W DirectVolume: Block (/devices/platform/comip-mmc.1/mmc_host/mmc0/mmc0:0001/block/mmcblk0/mmcblk0boot0) is not managed by vold rule (/devices/platform/comip-hcd/usb1). Try next rule
05-27 11:21:21.840   142   225 E DirectVolume: Block (/devices/platform/comip-mmc.1/mmc_host/mmc0/mmc0:0001/block/mmcblk0/mmcblk0boot0) is not managed by this DirectVolume
05-27 11:21:21.840   142   225 W DirectVolume: Block (/devices/platform/comip-mmc.1/mmc_host/mmc0/mmc0:0001/block/mmcblk0/mmcblk0boot1) is not managed by vold rule (/devices/platform/comip-mmc.0/mmc_host/mmc1). Try next rule
05-27 11:21:21.840   142   225 E DirectVolume: Block (/devices/platform/comip-mmc.1/mmc_host/mmc0/mmc0:0001/block/mmcblk0/mmcblk0boot1) is not managed by this DirectVolume
05-27 11:21:21.840   142   225 W DirectVolume: Block (/devices/platform/comip-mmc.1/mmc_host/mmc0/mmc0:0001/block/mmcblk0/mmcblk0boot1) is not managed by vold rule (/devices/platform/comip-hcd/usb1). Try next rule
05-27 11:21:21.840   142   225 E DirectVolume: Block (/devices/platform/comip-mmc.1/mmc_host/mmc0/mmc0:0001/block/mmcblk0/mmcblk0boot1) is not managed by this DirectVolume
05-27 11:21:21.840   142   225 W DirectVolume: Block (/devices/platform/comip-mmc.1/mmc_host/mmc0/mmc0:0001/block/mmcblk0/mmcblk0p10) is not managed by vold rule (/devices/platform/comip-mmc.0/mmc_host/mmc1). Try next rule
05-27 11:21:21.840   142   225 E DirectVolume: Block (/devices/platform/comip-mmc.1/mmc_host/mmc0/mmc0:0001/block/mmcblk0/mmcblk0p10) is not managed by this DirectVolume
05-27 11:21:21.840   142   225 W DirectVolume: Block (/devices/platform/comip-mmc.1/mmc_host/mmc0/mmc0:0001/block/mmcblk0/mmcblk0p10) is not managed by vold rule (/devices/platform/comip-hcd/usb1). Try next rule
05-27 11:21:21.840   142   225 E DirectVolume: Block (/devices/platform/comip-mmc.1/mmc_host/mmc0/mmc0:0001/block/mmcblk0/mmcblk0p10) is not managed by this DirectVolume
05-27 11:21:21.840   142   225 W DirectVolume: Block (/devices/platform/comip-mmc.1/mmc_host/mmc0/mmc0:0001/block/mmcblk0/mmcblk0p11) is not managed by vold rule (/devices/platform/comip-mmc.0/mmc_host/mmc1). Try next rule
05-27 11:21:21.840   142   225 E DirectVolume: Block (/devices/platform/comip-mmc.1/mmc_host/mmc0/mmc0:0001/block/mmcblk0/mmcblk0p11) is not managed by this DirectVolume
05-27 11:21:21.840   142   225 W DirectVolume: Block (/devices/platform/comip-mmc.1/mmc_host/mmc0/mmc0:0001/block/mmcblk0/mmcblk0p11) is not managed by vold rule (/devices/platform/comip-hcd/usb1). Try next rule
05-27 11:21:21.840   142   225 E DirectVolume: Block (/devices/platform/comip-mmc.1/mmc_host/mmc0/mmc0:0001/block/mmcblk0/mmcblk0p11) is not managed by this DirectVolume
05-27 11:21:21.840   142   225 W DirectVolume: Block (/devices/platform/comip-mmc.1/mmc_host/mmc0/mmc0:0001/block/mmcblk0/mmcblk0p12) is not managed by vold rule (/devices/platform/comip-mmc.0/mmc_host/mmc1). Try next rule
05-27 11:21:21.840   142   225 E DirectVolume: Block (/devices/platform/comip-mmc.1/mmc_host/mmc0/mmc0:0001/block/mmcblk0/mmcblk0p12) is not managed by this DirectVolume
05-27 11:21:21.840   142   225 W DirectVolume: Block (/devices/platform/comip-mmc.1/mmc_host/mmc0/mmc0:0001/block/mmcblk0/mmcblk0p12) is not managed by vold rule (/devices/platform/comip-hcd/usb1). Try next rule
05-27 11:21:21.840   142   225 E DirectVolume: Block (/devices/platform/comip-mmc.1/mmc_host/mmc0/mmc0:0001/block/mmcblk0/mmcblk0p12) is not managed by this DirectVolume
05-27 11:21:21.840   142   225 W DirectVolume: Block (/devices/platform/comip-mmc.1/mmc_host/mmc0/mmc0:0001/block/mmcblk0/mmcblk0p13) is not managed by vold rule (/devices/platform/comip-mmc.0/mmc_host/mmc1). Try next rule
05-27 11:21:21.840   142   225 E DirectVolume: Block (/devices/platform/comip-mmc.1/mmc_host/mmc0/mmc0:0001/block/mmcblk0/mmcblk0p13) is not managed by this DirectVolume
05-27 11:21:21.840   142   225 W DirectVolume: Block (/devices/platform/comip-mmc.1/mmc_host/mmc0/mmc0:0001/block/mmcblk0/mmcblk0p13) is not managed by vold rule (/devices/platform/comip-hcd/usb1). Try next rule
05-27 11:21:21.840   142   225 E DirectVolume: Block (/devices/platform/comip-mmc.1/mmc_host/mmc0/mmc0:0001/block/mmcblk0/mmcblk0p13) is not managed by this DirectVolume
05-27 11:21:21.840   142   225 W DirectVolume: Block (/devices/platform/comip-mmc.1/mmc_host/mmc0/mmc0:0001/block/mmcblk0/mmcblk0p14) is not managed by vold rule (/devices/platform/comip-mmc.0/mmc_host/mmc1). Try next rule
05-27 11:21:21.840   142   225 E DirectVolume: Block (/devices/platform/comip-mmc.1/mmc_host/mmc0/mmc0:0001/block/mmcblk0/mmcblk0p14) is not managed by this DirectVolume
05-27 11:21:21.840   142   225 W DirectVolume: Block (/devices/platform/comip-mmc.1/mmc_host/mmc0/mmc0:0001/block/mmcblk0/mmcblk0p14) is not managed by vold rule (/devices/platform/comip-hcd/usb1). Try next rule
05-27 11:21:21.840   142   225 E DirectVolume: Block (/devices/platform/comip-mmc.1/mmc_host/mmc0/mmc0:0001/block/mmcblk0/mmcblk0p14) is not managed by this DirectVolume
05-27 11:21:21.840   142   225 W DirectVolume: Block (/devices/platform/comip-mmc.1/mmc_host/mmc0/mmc0:0001/block/mmcblk0/mmcblk0p15) is not managed by vold rule (/devices/platform/comip-mmc.0/mmc_host/mmc1). Try next rule
05-27 11:21:21.840   142   225 E DirectVolume: Block (/devices/platform/comip-mmc.1/mmc_host/mmc0/mmc0:0001/block/mmcblk0/mmcblk0p15) is not managed by this DirectVolume
05-27 11:21:21.840   142   225 W DirectVolume: Block (/devices/platform/comip-mmc.1/mmc_host/mmc0/mmc0:0001/block/mmcblk0/mmcblk0p15) is not managed by vold rule (/devices/platform/comip-hcd/usb1). Try next rule
05-27 11:21:21.840   142   225 E DirectVolume: Block (/devices/platform/comip-mmc.1/mmc_host/mmc0/mmc0:0001/block/mmcblk0/mmcblk0p15) is not managed by this DirectVolume
05-27 11:21:21.840   142   225 W DirectVolume: Block (/devices/platform/comip-mmc.1/mmc_host/mmc0/mmc0:0001/block/mmcblk0/mmcblk0p16) is not managed by vold rule (/devices/platform/comip-mmc.0/mmc_host/mmc1). Try next rule
05-27 11:21:21.840   142   225 E DirectVolume: Block (/devices/platform/comip-mmc.1/mmc_host/mmc0/mmc0:0001/block/mmcblk0/mmcblk0p16) is not managed by this DirectVolume
05-27 11:21:21.840   142   225 W DirectVolume: Block (/devices/platform/comip-mmc.1/mmc_host/mmc0/mmc0:0001/block/mmcblk0/mmcblk0p16) is not managed by vold rule (/devices/platform/comip-hcd/usb1). Try next rule
05-27 11:21:21.840   142   225 E DirectVolume: Block (/devices/platform/comip-mmc.1/mmc_host/mmc0/mmc0:0001/block/mmcblk0/mmcblk0p16) is not managed by this DirectVolume
05-27 11:21:21.840   142   225 W DirectVolume: Block (/devices/platform/comip-mmc.1/mmc_host/mmc0/mmc0:0001/block/mmcblk0/mmcblk0p17) is not managed by vold rule (/devices/platform/comip-mmc.0/mmc_host/mmc1). Try next rule
05-27 11:21:21.840   142   225 E DirectVolume: Block (/devices/platform/comip-mmc.1/mmc_host/mmc0/mmc0:0001/block/mmcblk0/mmcblk0p17) is not managed by this DirectVolume
05-27 11:21:21.840   142   225 W DirectVolume: Block (/devices/platform/comip-mmc.1/mmc_host/mmc0/mmc0:0001/block/mmcblk0/mmcblk0p17) is not managed by vold rule (/devices/platform/comip-hcd/usb1). Try next rule
05-27 11:21:21.840   142   225 E DirectVolume: Block (/devices/platform/comip-mmc.1/mmc_host/mmc0/mmc0:0001/block/mmcblk0/mmcblk0p17) is not managed by this DirectVolume
05-27 11:21:21.840   142   225 W DirectVolume: Block (/devices/platform/comip-mmc.1/mmc_host/mmc0/mmc0:0001/block/mmcblk0/mmcblk0p18) is not managed by vold rule (/devices/platform/comip-mmc.0/mmc_host/mmc1). Try next rule
05-27 11:21:21.840   142   225 E DirectVolume: Block (/devices/platform/comip-mmc.1/mmc_host/mmc0/mmc0:0001/block/mmcblk0/mmcblk0p18) is not managed by this DirectVolume
05-27 11:21:21.840   142   225 W DirectVolume: Block (/devices/platform/comip-mmc.1/mmc_host/mmc0/mmc0:0001/block/mmcblk0/mmcblk0p18) is not managed by vold rule (/devices/platform/comip-hcd/usb1). Try next rule
05-27 11:21:21.840   142   225 E DirectVolume: Block (/devices/platform/comip-mmc.1/mmc_host/mmc0/mmc0:0001/block/mmcblk0/mmcblk0p18) is not managed by this DirectVolume
05-27 11:21:21.840   142   225 W DirectVolume: Block (/devices/platform/comip-mmc.1/mmc_host/mmc0/mmc0:0001/block/mmcblk0/mmcblk0p19) is not managed by vold rule (/devices/platform/comip-mmc.0/mmc_host/mmc1). Try next rule
05-27 11:21:21.840   142   225 E DirectVolume: Block (/devices/platform/comip-mmc.1/mmc_host/mmc0/mmc0:0001/block/mmcblk0/mmcblk0p19) is not managed by this DirectVolume
05-27 11:21:21.840   142   225 W DirectVolume: Block (/devices/platform/comip-mmc.1/mmc_host/mmc0/mmc0:0001/block/mmcblk0/mmcblk0p19) is not managed by vold rule (/devices/platform/comip-hcd/usb1). Try next rule
05-27 11:21:21.840   142   225 E DirectVolume: Block (/devices/platform/comip-mmc.1/mmc_host/mmc0/mmc0:0001/block/mmcblk0/mmcblk0p19) is not managed by this DirectVolume
05-27 11:21:21.840   142   225 W DirectVolume: Block (/devices/platform/comip-mmc.1/mmc_host/mmc0/mmc0:0001/block/mmcblk0/mmcblk0p20) is not managed by vold rule (/devices/platform/comip-mmc.0/mmc_host/mmc1). Try next rule
05-27 11:21:21.840   142   225 E DirectVolume: Block (/devices/platform/comip-mmc.1/mmc_host/mmc0/mmc0:0001/block/mmcblk0/mmcblk0p20) is not managed by this DirectVolume
05-27 11:21:21.840   142   225 W DirectVolume: Block (/devices/platform/comip-mmc.1/mmc_host/mmc0/mmc0:0001/block/mmcblk0/mmcblk0p20) is not managed by vold rule (/devices/platform/comip-hcd/usb1). Try next rule
05-27 11:21:21.840   142   225 E DirectVolume: Block (/devices/platform/comip-mmc.1/mmc_host/mmc0/mmc0:0001/block/mmcblk0/mmcblk0p20) is not managed by this DirectVolume
05-27 11:21:29.270   135   135 D         : event { THERMAL=70 }
05-27 11:21:42.020   768   969 I inputms : Initializing input manager
05-27 11:21:42.340   768   969 I inputms : Starting input manager
05-27 11:21:42.440   768   872 D mountservice: addVolumeLocked() StorageVolume [mAllowMassStorage=0, mDescriptionId=17040631, mEmulated=true, mMaxFileSize=0, mMtpReserveSpace=0, mPath=/storage/emulated/0, mRemovable=false, mStorageId=65537]
05-27 11:21:42.450   768   872 D mountservice: addVolumeLocked() StorageVolume [mAllowMassStorage=1, mDescriptionId=17040632, mEmulated=false, mMaxFileSize=0, mMtpReserveSpace=0, mPath=/storage/sdcard1, mRemovable=true, mStorageId=0]
05-27 11:21:42.450   768   872 D mountservice: addVolumeLocked() StorageVolume [mAllowMassStorage=0, mDescriptionId=17040691, mEmulated=false, mMaxFileSize=0, mMtpReserveSpace=0, mPath=/storage/usbotg, mRemovable=true, mStorageId=0]
05-27 11:21:42.460   142   228 I VoldCmdListener: line = 89, volume mount /storage/sdcard1
05-27 11:21:42.460   142   228 I VoldCmdListener: in this virtual int CommandListener::VolumeCmd::runCommand(SocketClient*, int, char**)
05-27 11:21:42.460   142   228 I VoldCmdListener: line = 155, in mount
05-27 11:21:42.460   142   228 W DirectVolume: DirectVolume search /storage/sdcard1 (this sdcard1)
05-27 11:21:42.460   142   228 W Vold    : Mount /storage/sdcard1 
05-27 11:21:42.460   142   228 W Vold    : Mount /storage/sdcard1(sdcard1) refcount 2
05-27 11:21:42.460   142   228 W Vold    : Volume sdcard1 /mnt/media_rw/sdcard1 mount .....
05-27 11:21:42.460   142   228 I VoldCmdListener: line = 157, in mount, rc = -1
05-27 11:21:42.460   768  1013 E mountservice: Boot-time mount failed (-2)
05-27 11:21:42.460   142   228 I VoldCmdListener: line = 89, volume mount /storage/usbotg
05-27 11:21:42.460   142   228 I VoldCmdListener: in this virtual int CommandListener::VolumeCmd::runCommand(SocketClient*, int, char**)
05-27 11:21:42.460   142   228 I VoldCmdListener: line = 155, in mount
05-27 11:21:42.460   142   228 W DirectVolume: DirectVolume search /storage/usbotg (this usbotg)
05-27 11:21:42.460   142   228 W Vold    : Mount /storage/usbotg 
05-27 11:21:42.460   142   228 W Vold    : Mount /storage/usbotg(usbotg) refcount 2
05-27 11:21:42.460   142   228 W Vold    : Volume usbotg /mnt/media_rw/usbotg mount .....
05-27 11:21:42.460   142   228 I VoldCmdListener: line = 157, in mount, rc = -1
05-27 11:21:42.460   768  1013 E mountservice: Boot-time mount failed (-2)
05-27 11:21:42.460   142   228 I VoldCmdListener: line = 89, volume list
05-27 11:21:42.460   142   228 I VoldCmdListener: in this virtual int CommandListener::VolumeCmd::runCommand(SocketClient*, int, char**)
05-27 11:21:42.460   142   228 W DirectVolume: DirectVolume (sdcard1)list start:
05-27 11:21:42.460   142   228 W DirectVolume: DirectVolume list end
05-27 11:21:42.460   142   228 W DirectVolume: DirectVolume (usbotg)list start:
05-27 11:21:42.460   142   228 W DirectVolume: DirectVolume list end
05-27 11:21:42.460   142   228 W Vold    : VolumeManager list end
05-27 11:21:42.460   142   228 I VoldCmdListener: in this virtual int CommandListener::AsecCmd::runCommand(SocketClient*, int, char**)
05-27 11:21:42.460   142   228 I VoldCmdListener: line = 89, asec list
05-27 11:21:42.460   142   228 I VoldCmdListener: in this void CommandListener::AsecCmd::listAsecsInDirectory(SocketClient*, char const*)
05-27 11:21:42.460   142   228 I VoldCmdListener: in this void CommandListener::AsecCmd::listAsecsInDirectory(SocketClient*, char const*)
05-27 11:21:42.540   142   228 I VoldCmdListener: line = 89, volume mount /storage/sdcard1
05-27 11:21:42.540   142   228 I VoldCmdListener: in this virtual int CommandListener::VolumeCmd::runCommand(SocketClient*, int, char**)
05-27 11:21:42.540   142   228 I VoldCmdListener: line = 155, in mount
05-27 11:21:42.540   142   228 W DirectVolume: DirectVolume search /storage/sdcard1 (this sdcard1)
05-27 11:21:42.540   142   228 W Vold    : Mount /storage/sdcard1 
05-27 11:21:42.540   142   228 W Vold    : Mount /storage/sdcard1(sdcard1) refcount 2
05-27 11:21:42.540   142   228 W Vold    : Volume sdcard1 /mnt/media_rw/sdcard1 mount .....
05-27 11:21:42.540   142   228 I VoldCmdListener: line = 157, in mount, rc = -1
05-27 11:21:42.540   768   872 D inputms : Setting display #0 size to 720x1280 external size 1280x 720
05-27 11:21:42.540   768   872 D inputms : Setting display #0 orientation to rotation 0 externalrotation 0
05-27 11:21:42.540   768  1017 E mountservice: Boot-time mount failed (-2)
05-27 11:21:42.550   142   228 I VoldCmdListener: line = 89, volume mount /storage/usbotg
05-27 11:21:42.550   142   228 I VoldCmdListener: in this virtual int CommandListener::VolumeCmd::runCommand(SocketClient*, int, char**)
05-27 11:21:42.550   142   228 I VoldCmdListener: line = 155, in mount
05-27 11:21:42.550   142   228 W DirectVolume: DirectVolume search /storage/usbotg (this usbotg)
05-27 11:21:42.550   142   228 W Vold    : Mount /storage/usbotg 
05-27 11:21:42.550   142   228 W Vold    : Mount /storage/usbotg(usbotg) refcount 2
05-27 11:21:42.550   142   228 W Vold    : Volume usbotg /mnt/media_rw/usbotg mount .....
05-27 11:21:42.550   142   228 I VoldCmdListener: line = 157, in mount, rc = -1
05-27 11:21:42.560   768  1017 E mountservice: Boot-time mount failed (-2)
05-27 11:21:42.580   914   914 I SystemServer: Entered the Android system server!
05-27 11:21:42.580   914  1033 I SystemServer: Create System Context
05-27 11:21:42.590   914  1033 V SystemServer: ActivityThread :android.app.ActivityThread@535c9868
05-27 11:21:42.600   914  1033 V SystemServer: Context: android.app.ContextImpl@535c9bc8PackageName: android
05-27 11:21:42.600   914  1033 I SystemServer: IPackageManager: android.app.ApplicationPackageManager@535ca344
05-27 11:21:42.600   914  1033 V SystemServer: ActivityThread android.app.ActivityThread@535c9868ApplicationInfo: ApplicationInfo{535ca558 android}
05-27 11:21:42.600   914  1033 V SystemServer: IActivityManagerandroid.app.ActivityManagerProxy@535cab88
05-27 11:21:42.620   914  1033 I SystemServer: NGB Event Manager Service using reflect!!!
05-27 11:21:42.620   914  1033 E SystemServer: Some exception in loading class com.android.server.NgbEventManagerService
05-27 11:21:42.620   914  1033 E SystemServer: Can not get NGB Event Manager Service
05-27 11:21:42.620   914  1033 I SystemServer: Scheduling Policy
05-27 11:21:42.620   914  1033 I SystemServer: LockSettingsService
05-27 11:21:42.620   914  1033 I SystemServer: Network Service Discovery Service
05-27 11:21:42.630   914  1033 D NsdService: Network service discovery enabled true
05-27 11:21:42.640   914  1033 I SystemServer: Serial Service
05-27 11:21:42.640   914  1033 I SystemServer: CommonTimeManagementService
05-27 11:21:42.640   914  1033 I SystemServer: Throttle Service
05-27 11:21:42.650   914  1033 I SystemServer: UpdateLock Service
05-27 11:21:42.670   914  1033 I Installer: connecting...
05-27 11:21:42.820   914  1033 W PackageManager: Library not found: /system/framework/com.android.future.usb.accessory.jar
05-27 11:21:43.020   768   872 D usbdevicemanager: updateState() going to send message, connected = 1, configured = 1
05-27 11:21:45.300   914  1033 I SystemServer: Text Service Manager Service
05-27 11:21:45.300   914  1033 W TextServicesManagerService: no available spell checker services found
05-27 11:21:45.300   914  1033 I SystemServer: Country Detector
05-27 11:21:45.300   914  1033 I SystemServer: Recognition Service
05-27 11:21:46.180   768   768 D inputms : System ready.
05-27 11:21:46.180   768   969 D inputms : Reloading device names.
05-27 11:21:46.180   768   969 D inputms : Reloading keyboard layouts.
05-27 11:21:46.310   914  1033 I SystemServer: sys.ams_processes_ready
05-27 11:21:46.520   768  1058 D usbdevicemanager: updateUsbState() going to send sticky broadcast, connected = 1, configured = 1
05-27 11:21:46.540   914  1237 E ThrottleService: Error reading data file
05-27 11:21:46.570   914  1033 W RecognitionManagerService: no available voice recognition services found
05-27 11:21:46.570   914  1033 W SystemServer: ***********************************************
05-27 11:21:46.680   914  1237 W ThrottleService: unable to find stats for iface rmnet0
05-27 11:21:46.990   914  1237 W ThrottleService: unable to find stats for iface rmnet0
05-27 11:21:47.120   914  1033 I SystemServer: Android system server start finish
05-27 11:21:47.120   914  1033 I SystemServer: send boot runtime Intent finish
05-27 11:21:51.000   142   228 I VoldCmdListener: line = 89, volume mount /storage/usbotg
05-27 11:21:51.000   142   228 I VoldCmdListener: in this virtual int CommandListener::VolumeCmd::runCommand(SocketClient*, int, char**)
05-27 11:21:51.000   142   228 I VoldCmdListener: line = 155, in mount
05-27 11:21:51.000   142   228 W DirectVolume: DirectVolume search /storage/usbotg (this usbotg)
05-27 11:21:51.000   142   228 W Vold    : Mount /storage/usbotg 
05-27 11:21:51.000   142   228 W Vold    : Mount /storage/usbotg(usbotg) refcount 2
05-27 11:21:51.000   142   228 W Vold    : Volume usbotg /mnt/media_rw/usbotg mount .....
05-27 11:21:51.000   142   228 I VoldCmdListener: line = 157, in mount, rc = -1
05-27 11:21:51.000   142   228 I VoldCmdListener: line = 89, volume mount /storage/sdcard1
05-27 11:21:51.000   142   228 I VoldCmdListener: in this virtual int CommandListener::VolumeCmd::runCommand(SocketClient*, int, char**)
05-27 11:21:51.000   142   228 I VoldCmdListener: line = 155, in mount
05-27 11:21:51.000   142   228 W DirectVolume: DirectVolume search /storage/sdcard1 (this sdcard1)
05-27 11:21:51.000   142   228 W Vold    : Mount /storage/sdcard1 
05-27 11:21:51.000   142   228 W Vold    : Mount /storage/sdcard1(sdcard1) refcount 2
05-27 11:21:51.000   142   228 W Vold    : Volume sdcard1 /mnt/media_rw/sdcard1 mount .....
05-27 11:21:51.000   142   228 I VoldCmdListener: line = 157, in mount, rc = -1
05-27 11:22:29.340   135   135 D         : event { THERMAL=66 }
05-27 11:23:16.640   914  1237 W ThrottleService: unable to find stats for iface rmnet0
05-27 11:23:16.650   914  1237 E ThrottleService: Error reading data file
05-27 11:23:29.520   135   135 D         : event { THERMAL=59 }
05-27 11:24:29.670   135   135 D         : event { THERMAL=59 }
05-27 11:25:29.820   135   135 D         : event { THERMAL=55 }
05-27 11:26:29.980   135   135 D         : event { THERMAL=54 }
05-27 11:27:30.140   135   135 D         : event { THERMAL=53 }
05-27 11:28:30.300   135   135 D         : event { THERMAL=52 }
05-27 11:29:30.470   135   135 D         : event { THERMAL=52 }
05-27 11:30:30.620   135   135 D         : event { THERMAL=51 }
05-27 11:31:30.800   135   135 D         : event { THERMAL=51 }
05-27 11:32:30.940   135   135 D         : event { THERMAL=51 }
05-27 11:33:16.660   914  1237 W ThrottleService: unable to find stats for iface rmnet0
05-27 11:33:31.100   135   135 D         : event { THERMAL=50 }
05-27 11:34:31.260   135   135 D         : event { THERMAL=50 }
05-27 11:35:31.420   135   135 D         : event { THERMAL=50 }
05-27 11:36:31.580   135   135 D         : event { THERMAL=50 }
05-27 11:37:31.740   135   135 D         : event { THERMAL=49 }
05-27 11:38:31.910   135   135 D         : event { THERMAL=50 }
05-27 11:39:32.060   135   135 D         : event { THERMAL=49 }
05-27 11:40:32.230   135   135 D         : event { THERMAL=50 }
05-27 11:41:32.390   135   135 D         : event { THERMAL=49 }
05-27 11:42:32.540   135   135 D         : event { THERMAL=49 }
05-27 11:43:16.670   914  1237 W ThrottleService: unable to find stats for iface rmnet0
05-27 11:43:32.700   135   135 D         : event { THERMAL=49 }
05-27 11:44:32.860   135   135 D         : event { THERMAL=49 }
05-27 11:45:33.020   135   135 D         : event { THERMAL=49 }
05-27 11:46:33.180   135   135 D         : event { THERMAL=48 }
05-27 11:47:33.340   135   135 D         : event { THERMAL=49 }
05-27 11:48:33.500   135   135 D         : event { THERMAL=48 }
05-27 11:49:33.660   135   135 D         : event { THERMAL=48 }
05-27 11:50:33.820   135   135 D         : event { THERMAL=48 }
05-27 11:51:33.980   135   135 D         : event { THERMAL=48 }
05-27 11:52:34.140   135   135 D         : event { THERMAL=48 }
05-27 11:53:16.680   914  1237 W ThrottleService: unable to find stats for iface rmnet0
05-27 11:53:34.300   135   135 D         : event { THERMAL=47 }
05-27 11:54:34.460   135   135 D         : event { THERMAL=47 }
05-27 11:55:34.620   135   135 D         : event { THERMAL=47 }
05-27 11:56:34.780   135   135 D         : event { THERMAL=47 }
05-27 11:57:34.940   135   135 D         : event { THERMAL=47 }
05-27 11:58:35.100   135   135 D         : event { THERMAL=47 }
05-27 11:59:35.280   135   135 D         : event { THERMAL=47 }
05-27 12:00:35.420   135   135 D         : event { THERMAL=47 }
05-27 12:01:35.580   135   135 D         : event { THERMAL=47 }
05-27 12:02:35.740   135   135 D         : event { THERMAL=47 }
05-27 12:03:16.680   914  1237 W ThrottleService: unable to find stats for iface rmnet0
05-27 12:03:35.900   135   135 D         : event { THERMAL=47 }
05-27 12:04:36.060   135   135 D         : event { THERMAL=47 }
05-27 12:05:36.220   135   135 D         : event { THERMAL=48 }
05-27 12:06:36.380   135   135 D         : event { THERMAL=47 }
05-27 12:07:36.540   135   135 D         : event { THERMAL=47 }
05-27 12:08:36.700   135   135 D         : event { THERMAL=48 }
05-27 12:09:36.860   135   135 D         : event { THERMAL=47 }
05-27 12:10:37.020   135   135 D         : event { THERMAL=47 }
05-27 12:11:37.180   135   135 D         : event { THERMAL=47 }
05-27 12:12:37.340   135   135 D         : event { THERMAL=46 }
05-27 12:13:16.690   914  1237 W ThrottleService: unable to find stats for iface rmnet0
05-27 12:13:37.500   135   135 D         : event { THERMAL=46 }
05-27 12:14:37.660   135   135 D         : event { THERMAL=46 }
05-27 12:15:37.820   135   135 D         : event { THERMAL=46 }
05-27 12:16:37.980   135   135 D         : event { THERMAL=47 }
05-27 12:17:38.140   135   135 D         : event { THERMAL=47 }
05-27 12:18:38.300   135   135 D         : event { THERMAL=46 }
05-27 12:19:38.460   135   135 D         : event { THERMAL=46 }
05-27 12:20:38.620   135   135 D         : event { THERMAL=46 }
05-27 12:21:38.780   135   135 D         : event { THERMAL=46 }
05-27 12:22:38.940   135   135 D         : event { THERMAL=46 }
05-27 12:23:16.700   914  1237 W ThrottleService: unable to find stats for iface rmnet0
05-27 12:23:39.100   135   135 D         : event { THERMAL=46 }
05-27 12:24:39.260   135   135 D         : event { THERMAL=46 }
05-27 12:25:39.420   135   135 D         : event { THERMAL=46 }
05-27 12:26:39.580   135   135 D         : event { THERMAL=46 }
05-27 12:27:39.740   135   135 D         : event { THERMAL=46 }
05-27 12:28:39.910   135   135 D         : event { THERMAL=46 }
05-27 12:29:40.060   135   135 D         : event { THERMAL=46 }
05-27 12:30:40.220   135   135 D         : event { THERMAL=46 }
05-27 12:31:40.380   135   135 D         : event { THERMAL=45 }
05-27 12:32:40.540   135   135 D         : event { THERMAL=46 }
05-27 12:33:16.710   914  1237 W ThrottleService: unable to find stats for iface rmnet0
05-27 12:33:40.700   135   135 D         : event { THERMAL=45 }
05-27 12:34:40.860   135   135 D         : event { THERMAL=46 }
05-27 12:35:41.020   135   135 D         : event { THERMAL=45 }
05-27 12:36:41.180   135   135 D         : event { THERMAL=46 }
05-27 12:37:41.340   135   135 D         : event { THERMAL=45 }
05-27 12:38:41.520   135   135 D         : event { THERMAL=45 }
05-27 12:39:41.660   135   135 D         : event { THERMAL=45 }
05-27 12:40:41.830   135   135 D         : event { THERMAL=46 }
05-27 12:41:41.980   135   135 D         : event { THERMAL=45 }
05-27 12:42:42.140   135   135 D         : event { THERMAL=45 }
05-27 12:43:16.740   914  1237 W ThrottleService: unable to find stats for iface rmnet0
05-27 12:43:42.300   135   135 D         : event { THERMAL=45 }
05-27 12:44:42.460   135   135 D         : event { THERMAL=45 }
05-27 12:45:42.620   135   135 D         : event { THERMAL=45 }
05-27 12:46:42.780   135   135 D         : event { THERMAL=45 }
05-27 12:47:42.940   135   135 D         : event { THERMAL=45 }
05-27 12:48:43.100   135   135 D         : event { THERMAL=45 }
05-27 12:49:43.260   135   135 D         : event { THERMAL=45 }
05-27 12:50:43.420   135   135 D         : event { THERMAL=45 }
05-27 12:51:43.580   135   135 D         : event { THERMAL=45 }
05-27 12:52:43.740   135   135 D         : event { THERMAL=45 }
05-27 12:53:16.740   914  1237 W ThrottleService: unable to find stats for iface rmnet0
05-27 12:53:43.910   135   135 D         : event { THERMAL=46 }
05-27 12:54:44.060   135   135 D         : event { THERMAL=45 }
05-27 12:55:44.220   135   135 D         : event { THERMAL=46 }
05-27 12:56:44.380   135   135 D         : event { THERMAL=45 }
05-27 12:57:44.540   135   135 D         : event { THERMAL=46 }
05-27 12:58:44.700   135   135 D         : event { THERMAL=45 }
05-27 12:59:44.860   135   135 D         : event { THERMAL=45 }
05-27 13:00:45.020   135   135 D         : event { THERMAL=45 }
05-27 13:01:45.180   135   135 D         : event { THERMAL=45 }
05-27 13:02:45.340   135   135 D         : event { THERMAL=44 }
05-27 13:03:16.750   914  1237 W ThrottleService: unable to find stats for iface rmnet0
05-27 13:03:45.500   135   135 D         : event { THERMAL=44 }
05-27 13:04:45.660   135   135 D         : event { THERMAL=44 }
05-27 13:05:45.820   135   135 D         : event { THERMAL=44 }
05-27 13:06:45.980   135   135 D         : event { THERMAL=44 }
05-27 13:07:46.140   135   135 D         : event { THERMAL=44 }
05-27 13:08:46.300   135   135 D         : event { THERMAL=44 }
05-27 13:09:46.460   135   135 D         : event { THERMAL=44 }
05-27 13:10:46.620   135   135 D         : event { THERMAL=44 }
05-27 13:11:46.780   135   135 D         : event { THERMAL=44 }
05-27 13:12:46.940   135   135 D         : event { THERMAL=44 }
05-27 13:13:16.750   914  1237 W ThrottleService: unable to find stats for iface rmnet0
05-27 13:13:47.100   135   135 D         : event { THERMAL=44 }
05-27 13:14:47.260   135   135 D         : event { THERMAL=44 }
05-27 13:15:47.420   135   135 D         : event { THERMAL=44 }
05-27 13:16:47.580   135   135 D         : event { THERMAL=44 }
05-27 13:17:47.740   135   135 D         : event { THERMAL=44 }
05-27 13:18:47.910   135   135 D         : event { THERMAL=44 }
05-27 13:19:48.060   135   135 D         : event { THERMAL=44 }
05-27 13:20:48.220   135   135 D         : event { THERMAL=45 }
05-27 13:21:48.380   135   135 D         : event { THERMAL=44 }
05-27 13:22:48.540   135   135 D         : event { THERMAL=45 }
05-27 13:23:16.760   914  1237 W ThrottleService: unable to find stats for iface rmnet0
05-27 13:23:48.700   135   135 D         : event { THERMAL=44 }
05-27 13:24:48.860   135   135 D         : event { THERMAL=44 }
05-27 13:25:49.020   135   135 D         : event { THERMAL=44 }
05-27 13:26:49.180   135   135 D         : event { THERMAL=44 }
05-27 13:27:49.340   135   135 D         : event { THERMAL=44 }
05-27 13:28:49.520   135   135 D         : event { THERMAL=44 }
05-27 13:29:49.660   135   135 D         : event { THERMAL=44 }
05-27 13:30:49.820   135   135 D         : event { THERMAL=47 }
05-27 13:31:49.980   135   135 D         : event { THERMAL=45 }
05-27 13:32:50.160   135   135 D         : event { THERMAL=45 }
05-27 13:33:16.770   914  1237 W ThrottleService: unable to find stats for iface rmnet0
05-27 13:33:50.300   135   135 D         : event { THERMAL=45 }
05-27 13:34:50.460   135   135 D         : event { THERMAL=45 }
05-27 13:35:50.620   135   135 D         : event { THERMAL=44 }
05-27 13:36:50.780   135   135 D         : event { THERMAL=45 }
05-27 13:37:51.060   135   135 D         : event { THERMAL=45 }
05-27 13:38:51.100   135   135 D         : event { THERMAL=45 }
05-27 13:39:51.260   135   135 D         : event { THERMAL=45 }
05-27 13:40:51.420   135   135 D         : event { THERMAL=45 }
05-27 13:41:51.580   135   135 D         : event { THERMAL=45 }
05-27 13:42:51.740   135   135 D         : event { THERMAL=45 }
05-27 13:43:16.780   914  1237 W ThrottleService: unable to find stats for iface rmnet0
05-27 13:43:51.900   135   135 D         : event { THERMAL=45 }
05-27 13:44:52.060   135   135 D         : event { THERMAL=45 }
05-27 13:45:52.230   135   135 D         : event { THERMAL=46 }
05-27 13:46:52.400   135   135 D         : event { THERMAL=45 }
05-27 13:47:52.560   135   135 D         : event { THERMAL=45 }
05-27 13:48:52.700   135   135 D         : event { THERMAL=45 }
05-27 13:49:52.870   135   135 D         : event { THERMAL=45 }
05-27 13:50:53.020   135   135 D         : event { THERMAL=45 }
05-27 13:51:53.180   135   135 D         : event { THERMAL=45 }
05-27 13:52:53.340   135   135 D         : event { THERMAL=45 }
05-27 13:53:16.790   914  1237 W ThrottleService: unable to find stats for iface rmnet0
05-27 13:53:53.500   135   135 D         : event { THERMAL=45 }
05-27 13:54:53.660   135   135 D         : event { THERMAL=45 }
05-27 13:55:53.820   135   135 D         : event { THERMAL=45 }
05-27 13:56:53.980   135   135 D         : event { THERMAL=45 }
05-27 13:57:54.160   135   135 D         : event { THERMAL=45 }
05-27 13:58:54.320   135   135 D         : event { THERMAL=45 }
05-27 13:59:54.460   135   135 D         : event { THERMAL=45 }
05-27 14:00:54.620   135   135 D         : event { THERMAL=45 }
05-27 14:01:54.780   135   135 D         : event { THERMAL=45 }
05-27 14:02:54.940   135   135 D         : event { THERMAL=45 }
05-27 14:03:16.800   914  1237 W ThrottleService: unable to find stats for iface rmnet0
05-27 14:03:55.100   135   135 D         : event { THERMAL=45 }
05-27 14:04:55.260   135   135 D         : event { THERMAL=45 }
05-27 14:05:55.420   135   135 D         : event { THERMAL=45 }
05-27 14:06:55.580   135   135 D         : event { THERMAL=45 }
05-27 14:07:55.740   135   135 D         : event { THERMAL=45 }
05-27 14:08:55.900   135   135 D         : event { THERMAL=46 }
05-27 14:09:56.060   135   135 D         : event { THERMAL=45 }
05-27 14:10:56.220   135   135 D         : event { THERMAL=46 }
05-27 14:11:56.380   135   135 D         : event { THERMAL=45 }
05-27 14:12:56.540   135   135 D         : event { THERMAL=45 }
05-27 14:13:16.810   914  1237 W ThrottleService: unable to find stats for iface rmnet0
05-27 14:13:56.700   135   135 D         : event { THERMAL=46 }
