05-27 14:36:51.500   772   848 D DashBoard_LocationController: TID:848 .../LocationController.cpp:94:	Enter getState
05-27 14:36:51.500   772   848 D DashBoard_LocationController: TID:848 .../LocationController.cpp:94:	Leave getState
05-27 14:36:51.500   772   848 D DashBoard_SystemStatusModel: TID:848 .../SystemStatusModel.cpp:123:	Leave getState
05-27 14:36:51.500   772   963 D DashBoard_StatusBarGpsModeModel: TID:963 .../fs/jenkins-project/leadcore_app_pisces/sdk/app/StatusBar/src/statusbar/gps/StatusBarGpsModeModel.cpp:72:	GpsModeModle::onReceive mIsGpsOn=0
05-27 14:36:51.500   772   848 D DashBoard_QuickSettings: TID:848 .../QuickSettings.cpp:534:	Leave handleGpsStateChange
05-27 14:36:51.500   772   848 D DashBoard_QuickSettings: TID:848 .../QuickSettings.cpp:429:	Leave refreshSystemTilesProperty
05-27 14:36:51.500   772   848 D DashBoard_QuickSettings: TID:848 .../QuickSettings.cpp:465:	Enter refreshSystemTilesWidget
05-27 14:36:51.500   772   963 D DashBoard_StatusBarGpsModeModel: TID:963 .../StatusBarGpsModeModel.cpp:70:	Leave onChange
05-27 14:36:51.500   772   848 D DashBoard_QuickSettings: TID:848 .../QuickSettings.cpp:465:	Leave refreshSystemTilesWidget
05-27 14:36:51.500   772   848 D DashBoard_QuickSettings: TID:848 .../QuickSettings.cpp:489:	Leave onChange
05-27 14:36:51.500   772   848 D DashBoard_SystemStatusModel: TID:848 .../SystemStatusModel.cpp:78:	Leave notifyChange
05-27 14:36:51.500   772   848 D DashBoard_SystemStatusModel: TID:848 .../SystemStatusModel.cpp:148:	Leave handleMessage
05-27 14:36:51.500   772   848 D DashBoard_StatusBarGpsModeWidget: TID:848 .../StatusBarGpsModeWidget.cpp:37:	Enter onUpdate
05-27 14:36:51.500   772   848 D DashBoard_StatusBarGpsModeWidget: TID:848 .../fs/jenkins-project/leadcore_app_pisces/sdk/app/StatusBar/src/statusbar/gps/StatusBarGpsModeWidget.cpp:43:	GpsModeModle::onReceive false
05-27 14:36:51.500   772   848 D DashBoard_StatusBarGpsModeWidget: TID:848 .../StatusBarGpsModeWidget.cpp:37:	Leave onUpdate
05-27 14:36:51.500   768   871 I ams     : TID:871 .../ActivityManagerService.cpp:11818:	[AMS] DropBox Tags dropbox:cos_app_native_crash is enable
05-27 14:36:51.530   768   871 I activity_thread: TID:871 .../ActivityThread.cpp:8396:	ActivityThread::acquireExistingProvider return NULL
05-27 14:36:51.530   768   871 I ams     : TID:871 .../ActivityManagerService.cpp:1479:	Putting proc to front: gaia.providers.backup
05-27 14:36:51.540   768   871 I activity_thread: TID:871 .../ActivityThread.cpp:8775:	names size: 1, mProviderMap: 3
05-27 14:36:51.540   768   871 I activity_thread: TID:871 .../ActivityThread.cpp:8779:	mProviderMap.keyAt(0): com.gaia.settings.accountsync.SYNC, (*names)[0]: backup
05-27 14:36:51.540   768   871 I activity_thread: TID:871 .../ActivityThread.cpp:8779:	mProviderMap.keyAt(1): securityguard, (*names)[0]: backup
05-27 14:36:51.540   768   871 I activity_thread: TID:871 .../ActivityThread.cpp:8779:	mProviderMap.keyAt(2): settings, (*names)[0]: backup
05-27 14:36:51.540   768   871 I activity_thread: TID:871 .../ActivityThread.cpp:8803:	add provider:backup in mProviderMap
05-27 14:36:51.540   768   871 I BackupManagerService: TID:871 .../BackupManagerService.cpp:4708:	the app include in the DB!
05-27 14:36:51.540  1328  1338 I activity_thread: TID:1338 .../ActivityThread.cpp:7826:	TrimMemory with level: 80
05-27 14:36:51.540   768   871 I BackupManagerService: TID:871 .../BackupManagerService.cpp:1303:	the package in the DB and set the need_backup true!
05-27 14:36:51.540   768   871 I activity_thread: TID:871 .../ActivityThread.cpp:8396:	ActivityThread::acquireExistingProvider return NULL
05-27 14:36:51.540   768   871 I ams     : TID:871 .../ActivityManagerService.cpp:1479:	Putting proc to front: gaia.providers.backup
05-27 14:36:51.540   768   871 I activity_thread: TID:871 .../ActivityThread.cpp:8775:	names size: 1, mProviderMap: 3
05-27 14:36:51.540   768   871 I activity_thread: TID:871 .../ActivityThread.cpp:8779:	mProviderMap.keyAt(0): com.gaia.settings.accountsync.SYNC, (*names)[0]: backup
05-27 14:36:51.540   768   871 I activity_thread: TID:871 .../ActivityThread.cpp:8779:	mProviderMap.keyAt(1): securityguard, (*names)[0]: backup
05-27 14:36:51.540   768   871 I activity_thread: TID:871 .../ActivityThread.cpp:8779:	mProviderMap.keyAt(2): settings, (*names)[0]: backup
05-27 14:36:51.540   768   871 I activity_thread: TID:871 .../ActivityThread.cpp:8803:	add provider:backup in mProviderMap
05-27 14:36:51.560  1328  1338 I activity_thread: TID:1338 .../ActivityThread.cpp:7826:	TrimMemory with level: 80
05-27 14:36:51.560   768   871 I BackupManagerService: TID:871 .../BackupManagerService.cpp:1169:	param pkgName is --->gaia.providers.settings
05-27 14:36:51.560   768   871 I BackupManagerService: TID:871 .../BackupManagerService.cpp:1173:	getCallingPid ----> 768
05-27 14:36:51.560   768   871 I BackupManagerService: TID:871 .../BackupManagerService.cpp:1174:	getCallingUid ----> 0
05-27 14:36:51.560   768   871 I BackupManagerService: TID:871 .../BackupManagerService.cpp:1193:	N --->1
05-27 14:36:51.560   768   871 I BackupManagerService: TID:871 .../BackupManagerService.cpp:1198:	num --->2
05-27 14:36:51.560   768   871 I BackupManagerService: TID:871 .../BackupManagerService.cpp:1308:	packageName is--->gaia.providers.settings
05-27 14:36:51.560   768   871 W content_obs: TID:871 .../ContentObserver.cpp:174:	mContentObserver promote error!
05-27 14:36:51.560   768  1061 I BackupManagerService: TID:1061 .../BackupManagerService.cpp:1267:	targets[0]->packageName--->com.gaia
05-27 14:36:51.560   768  1061 I BackupManagerService: TID:1061 .../BackupManagerService.cpp:1267:	targets[1]->packageName--->gaia.providers.settings
05-27 14:36:51.560   768  1061 I BackupManagerService: TID:1061 .../BackupManagerService.cpp:1269:	---------------
05-27 14:36:51.560   781   781 W content_obs: TID:781 .../ContentObserver.cpp:174:	mContentObserver promote error!
05-27 14:36:51.560   772   772 D DashBoard_StatusBarGpsModeModel: TID:772 .../StatusBarGpsModeModel.cpp:70:	Enter onChange
05-27 14:36:51.560   772   772 D DashBoard_StatusBarGpsModeModel: TID:772 .../fs/jenkins-project/leadcore_app_pisces/sdk/app/StatusBar/src/statusbar/gps/StatusBarGpsModeModel.cpp:72:	GpsModeModle::onReceive mIsGpsOn=0
05-27 14:36:51.560   772   772 D DashBoard_StatusBarGpsModeModel: TID:772 .../StatusBarGpsModeModel.cpp:70:	Leave onChange
05-27 14:36:51.560   772   848 D DashBoard_SystemStatusModel: TID:848 .../SystemStatusModel.cpp:148:	Enter handleMessage
05-27 14:36:51.560   772   848 D DashBoard_SystemStatusModel: TID:848 .../SystemStatusModel.cpp:78:	Enter notifyChange
05-27 14:36:51.560   772   848 D DashBoard_QuickSettings: TID:848 .../QuickSettings.cpp:489:	Enter onChange
05-27 14:36:51.560   772   848 D DashBoard_QuickSettings: TID:848 .../QuickSettings.cpp:429:	Enter refreshSystemTilesProperty
05-27 14:36:51.560   772   848 D DashBoard_QuickSettings: TID:848 .../QuickSettings.cpp:534:	Enter handleGpsStateChange
05-27 14:36:51.560   772   848 D DashBoard_SystemStatusModel: TID:848 .../SystemStatusModel.cpp:123:	Enter getState
05-27 14:36:51.560   772   848 D DashBoard_LocationController: TID:848 .../LocationController.cpp:94:	Enter getState
05-27 14:36:51.560   772   848 D DashBoard_LocationController: TID:848 .../LocationController.cpp:94:	Leave getState
05-27 14:36:51.560   772   848 D DashBoard_SystemStatusModel: TID:848 .../SystemStatusModel.cpp:123:	Leave getState
05-27 14:36:51.560   772   848 D DashBoard_QuickSettings: TID:848 .../QuickSettings.cpp:534:	Leave handleGpsStateChange
05-27 14:36:51.560   772   848 D DashBoard_QuickSettings: TID:848 .../QuickSettings.cpp:429:	Leave refreshSystemTilesProperty
05-27 14:36:51.560   772   848 D DashBoard_QuickSettings: TID:848 .../QuickSettings.cpp:465:	Enter refreshSystemTilesWidget
05-27 14:36:51.560   772   848 D DashBoard_QuickSettings: TID:848 .../QuickSettings.cpp:465:	Leave refreshSystemTilesWidget
05-27 14:36:51.560   772   848 D DashBoard_QuickSettings: TID:848 .../QuickSettings.cpp:489:	Leave onChange
05-27 14:36:51.560   772   848 D DashBoard_SystemStatusModel: TID:848 .../SystemStatusModel.cpp:78:	Leave notifyChange
05-27 14:36:51.560   772   848 D DashBoard_SystemStatusModel: TID:848 .../SystemStatusModel.cpp:148:	Leave handleMessage
05-27 14:36:51.560   772   848 D DashBoard_StatusBarGpsModeWidget: TID:848 .../StatusBarGpsModeWidget.cpp:37:	Enter onUpdate
05-27 14:36:51.560   772   848 D DashBoard_StatusBarGpsModeWidget: TID:848 .../fs/jenkins-project/leadcore_app_pisces/sdk/app/StatusBar/src/statusbar/gps/StatusBarGpsModeWidget.cpp:43:	GpsModeModle::onReceive false
05-27 14:36:51.560   772   848 D DashBoard_StatusBarGpsModeWidget: TID:848 .../StatusBarGpsModeWidget.cpp:37:	Leave onUpdate
05-27 14:36:51.570   781   855 I activity_thread: TID:855 .../ActivityThread.cpp:8396:	ActivityThread::acquireExistingProvider return NULL
05-27 14:36:51.570   768   871 I ams     : canRunHere: uid = Process::SYSTEM_UID = app->info->uid
05-27 14:36:51.570   768   871 I ams     : TID:871 .../ActivityManagerService.cpp:1479:	Putting proc to front: system
05-27 14:36:51.570   781   855 I activity_thread: TID:855 .../ActivityThread.cpp:8775:	names size: 1, mProviderMap: 0
05-27 14:36:51.570   781   855 I activity_thread: TID:855 .../ActivityThread.cpp:8803:	add provider:settings in mProviderMap
05-27 14:36:51.570   768   871 I IContentProvider: TID:871 .../IContentProvider.cpp:758:	modify case CALL_TRANSACTION: (myUid,myPid):(0,768),(CallingUid,CallingPid):(1000,781)
05-27 14:36:51.570   781   855 I DropBoxManagerService: TID:855 .../DropBoxManagerService.cpp:408:	return true for test
05-27 14:36:51.570   768  9612 I ams     : TID:9612 .../ActivityManagerService.cpp:11681:	[AMS][DROPBOX] DropBoxThread to run!
05-27 14:36:51.570   768  9612 I ams     : TID:9612 .../ActivityManagerService.cpp:11689:	To append File: /data/tombstones/tombstone_00, size:429340
05-27 14:36:51.570   768   871 I app     : TID:871 .../ApplicationErrorReport.cpp:266:	getErrorReportBroadcastReceiver APP_ERROR
05-27 14:36:51.580   768   871 I app     : TID:871 .../ApplicationErrorReport.cpp:266:	getErrorReportBroadcastReceiver APP_ERROR
05-27 14:36:51.580   768   871 I ams     : TID:871 .../ActivityManagerService.cpp:12245:	No errorReportReceiver
05-27 14:36:51.580   768   871 I ams     : TID:871 .../ActivityManagerService.cpp:12255:	packageName=fingerprintExample, errorReportReceiver=NULL
05-27 14:36:51.580   768   871 W ams     : TID:871 .../ActivityManagerService.cpp:12159:	  Force finishing activity fingerprintExample/.FingerprintExample
05-27 14:36:51.580   768   871 I ams     : TID:871 .../ActivityManagerService.cpp:1366:	Set ActivityRecord{0xb7af3730  userId=0 Launcher/.MainPage} as new top (instead of ActivityRecord{0xb7c50100  userId=0 fingerprintExample/.FingerprintExample})
05-27 14:36:51.580   768   871 I ams     : the same process diff activity, skip screen shot
05-27 14:36:51.580   768   871 I ams     : TID:871 .../ActivityStack.cpp:1496:	AMS_STATUS>> SCHEDULE_PAUSE_ACTIVITY: Process fingerprintExample (uid: 1000) Activity FingerprintExample (finishing = true, userLeaving = false, configChangeFlags = false)
05-27 14:36:51.580   768   871 I ams     : TID:871 .../ActivityManagerService.cpp:12032:	Waiting AppErrorDialog action~
05-27 14:36:51.580   768   878 I ams     : TID:878 .../ActivityManagerService.cpp:20972:	Kernel timestamp [11744.325]
05-27 14:36:51.580   768   878 I ams     : TID:878 .../ActivityManagerService.cpp:20974:	ActivityManagerService: HANDLE 1 SHOW_ERROR_MSG:0 / 0xb7b72ba8
05-27 14:36:51.580   768   878 D wm_impl : WindowManagerImpl::getDefault()
05-27 14:36:51.580   768   878 D wm_impl : WindowManagerImpl::getDefaultDisplay()
05-27 14:36:51.580   768   878 I window_impl: TID:878 .../PhoneWindow.cpp:3045:	specialSystemUiRequirement=0x       0
05-27 14:36:51.580   768   878 I window_impl: TID:878 .../PhoneWindow.cpp:3154:	###time1:1 ms###
05-27 14:36:51.580   768   878 I window_impl: TID:878 .../PhoneWindow.cpp:3271:	###time2:0 ms###
05-27 14:36:51.580   768   878 I linflater: TID:878 .../LayoutInflater.cpp:368:	Resource ID 0x109009c (android:layout/screen_simple_overlay_action_mode)
05-27 14:36:51.590   768   878 D view_stub: [setVisibility] mInflatedViewRef == 0
05-27 14:36:51.590   768   878 I window_impl: TID:878 .../PhoneWindow.cpp:3354:	###time2.1:2 ms###
05-27 14:36:51.590   768   878 I window_impl: TID:878 .../PhoneWindow.cpp:3370:	###time2.2:1 ms###
05-27 14:36:51.590   768   878 I window_impl: TID:878 .../PhoneWindow.cpp:3380:	###time2.3:0 ms###
05-27 14:36:51.590   768   878 I window_impl: TID:878 .../PhoneWindow.cpp:3385:	###time3:0 ms###
05-27 14:36:51.590   768   878 I window_impl: TID:878 .../PhoneWindow.cpp:3435:	###time4:0 ms###
05-27 14:36:51.590   768   878 I window_impl: TID:878 .../PhoneWindow.cpp:3440:	###total time:4 ms###
05-27 14:36:51.590   768   878 I linflater: TID:878 .../LayoutInflater.cpp:368:	Resource ID 0x2020008 (com.gaia:layout/alert_dialog)
05-27 14:36:51.590   768   878 D skia    : WARNING: One-shot allocator has already allocated (alloc count = 1)
05-27 14:36:51.600   768  9612 I ams     : TID:9612 .../ActivityManagerService.cpp:11718:	To append File complete!
05-27 14:36:51.600   768   878 D skia    : WARNING: One-shot allocator has already allocated (alloc count = 1)
05-27 14:36:51.610   768   878 D skia    : WARNING: One-shot allocator has already allocated (alloc count = 1)
05-27 14:36:51.610   768   878 D skia    : WARNING: One-shot allocator has already allocated (alloc count = 1)
05-27 14:36:51.620   768   878 D skia    : WARNING: One-shot allocator has already allocated (alloc count = 1)
05-27 14:36:51.630   768   878 D wm_impl : WindowManagerImpl::addView(sp<View>&, const sp<ViewGroup::LayoutParams>&)
05-27 14:36:51.630   768   878 I wm_impl : WindowManagerImpl::addView(sp<View>&, const sp<ViewGroup::LayoutParams>&, bool)
05-27 14:36:51.630   768   878 D wm_impl : [addView] wparams = 0xb7cf7650
05-27 14:36:51.630   768   878 D wm_impl : WindowManagerImpl::findViewLocked()
05-27 14:36:51.630   768   878 D wm_impl : [findViewLocked] count = 0
05-27 14:36:51.630   768   878 I wm_impl : [addView] index = -1
05-27 14:36:51.630   768   878 I viewroot: TID:878 .../ViewRoot.cpp:319:	get WindowSession w/ main looper
05-27 14:36:51.630   768   878 I viewroot: TID:878 .../ViewRoot.cpp:3803:	FreeViewRootRunnable 0xb7cf8a40
05-27 14:36:51.630   768   878 I Choreographer: TID:878 .../Choreographer.cpp:71:	USE_VSYNC=1, USE_FRAME_TIME=1, SKIPPED_FRAME_WARNING_LIMIT=30 0xb7cfa4b0
05-27 14:36:51.630   768   878 I viewroot: TID:878 .../ViewRoot.cpp:416:	a ViewRoot::ViewRoot 0xb7cf7a00 context 0xb7ca96d0
05-27 14:36:51.630   768   878 I viewroot: TID:878 .../ViewRoot.cpp:810:	(2003) set UI into gaia UI framework (call setView()) vr=0xb7cf7a00, mView=0xb7cd0b90
05-27 14:36:51.630   768   878 I viewroot: TID:878 .../ViewRoot.cpp:815:	setview context=0xb7ca96d0
05-27 14:36:51.630   768   878 I viewroot: TID:878 .../ViewRoot.cpp:1107:	This(2003) is not set to hardware acceleration, try to hardware acceleration
05-27 14:36:51.630   768   878 W viewroot: TID:878 .../ViewRoot.cpp:1136:	Attempting to initialize hardware acceleration outside of the main thread, aborting
05-27 14:36:51.630   768   878 W viewroot: TID:878 .../ViewRoot.cpp:1139:	mainlooper=0xb7479428, currentlooper=0xb7494608, mainthread=-1220045736, currentthread=-1219939464
05-27 14:36:51.630   768   878 I viewroot: TID:878 .../ViewRoot.cpp:1388:	ViewRoot::scheduleTraversals() start 0xb7cf7a00 1
05-27 14:36:51.630   768   878 I viewroot: TID:878 .../ViewRoot.cpp:1393:	ViewRoot::scheduleTraversals() before postSyncBarrier 0xb7cf7a00 1
05-27 14:36:51.630   768   878 I viewroot: TID:878 .../ViewRoot.cpp:1395:	ViewRoot::scheduleTraversals() after postSyncBarrier 0xb7cf7a00 1
05-27 14:36:51.630   768   878 I Choreographer: TID:878 .../Choreographer.cpp:391:	Choreographer::scheduleVsyncLocked 0xb7cfa4b0 1
05-27 14:36:51.630   768   878 I viewroot: TID:878 .../ViewRoot.cpp:1399:	ViewRoot::scheduleTraversals() end 0xb7cf7a00 1
05-27 14:36:51.630   768   878 I wms_core_ws: TID:878 .../WindowState.cpp:175:	WindowState() 0xb7c59dd0 instance
05-27 14:36:51.630   768   878 I wms_impl: TID:878 .../WindowManagerService.cpp:10503:	Changing focus from (0x0) to ()
05-27 14:36:51.630   768   878 I wms_impl: TID:878 .../WindowManagerService.cpp:10520:	WMS: new focus window ()
05-27 14:36:51.630   768   970 I statusbar: TID:970 .../StatusBarManagerService.cpp:606:	vis is the same with mSystemUiVisibility
05-27 14:36:51.630   768   872 I statusbar: TID:872 .../StatusBarManagerService.cpp:826:	mNavigationBar is NULL
05-27 14:36:51.630   768   878 I wms_impl: TID:878 .../WindowManagerService.cpp:10621:	#####[updateSystemUiBackground]  for specialSystemUiRequirement 0x0 #####
05-27 14:36:51.630   772  1190 I statusbar: TID:1190 .../PhoneStatusBar.cpp:704:	case is General app or recent app
05-27 14:36:51.630   772   848 I statusbar: TID:848 .../SystemUIControl.cpp:436:	STATUSBAR_UPDATESTATUSBARBACKGROUND
05-27 14:36:51.630   772   848 I statusbar: TID:848 .../PhoneStatusBarUIProxy.cpp:292:	getApiVersion is 12, using normal so
05-27 14:36:51.630   768   878 I wms_impl: TID:878 .../WindowManagerService.cpp:2546:	WMS: new window added ()
05-27 14:36:51.640   768   878 I Choreographer: TID:878 .../Choreographer.cpp:472:	Choreographer::FrameDisplayEventReceiver::onVsync 0xb7cfa610, 1, timestampNanos=11744385371399, frame=7041
05-27 14:36:51.640   768   878 I app_proc: TID:878 .../ContextImpl.cpp:1227:	[system] START Register BroadcastReceiver:0xb7c5ba98 (IIntentReceiver=0xb7bc7e54) IntentFilter=IntentFilter { act=[android.intent.action.CONFIGURATION_CHANGED] }
05-27 14:36:51.640   768   878 I ams     : TID:878 .../ActivityManagerService.cpp:15916:	START Register receiver:0xb7bc7e54(0xb7bc7e48) IntentFilter { act=[android.intent.action.CONFIGURATION_CHANGED] } from pid=768
05-27 14:36:51.640   768   878 I ams     : TID:878 .../ActivityManagerService.cpp:16051:	SUCCESS Register receiver 0xb7bc7e54(0xb7bc7e48): sticky=NULL, ReceiverList=ReceiverList{0xb7c5b630 768 system/1000/u0 local:0xb7bc7e54}
05-27 14:36:51.640   768   878 I Choreographer: TID:878 .../Choreographer.cpp:391:	Choreographer::scheduleVsyncLocked 0xb7cfa4b0 2
05-27 14:36:51.650   768   878 I TextLayoutCache: Adding Cache: SUCCESS, key:0xa94c19fc, value:0xb7d01798
05-27 14:36:51.650   768   878 I TextLayoutCache: Adding Cache: SUCCESS, key:0xa94c1c1c, value:0xb7d04158
05-27 14:36:51.660   768   878 I wms_impl: TID:878 .../WindowManagerService.cpp:10133:	winAnimator->mSurfaceW:720.000000 winAnimator->mSurfaceH:254.000000 winAnimator->mDrawState:1 configChanged:False
05-27 14:36:51.660   768   878 I viewroot: TID:878 .../ViewRoot.cpp:1388:	ViewRoot::scheduleTraversals() start 0xb7cf7a00 2
05-27 14:36:51.660   768   878 I viewroot: TID:878 .../ViewRoot.cpp:1393:	ViewRoot::scheduleTraversals() before postSyncBarrier 0xb7cf7a00 2
05-27 14:36:51.660   768   878 I viewroot: TID:878 .../ViewRoot.cpp:1395:	ViewRoot::scheduleTraversals() after postSyncBarrier 0xb7cf7a00 2
05-27 14:36:51.660   768   878 I viewroot: TID:878 .../ViewRoot.cpp:1399:	ViewRoot::scheduleTraversals() end 0xb7cf7a00 2
05-27 14:36:51.660   768   878 I Choreographer: TID:878 .../Choreographer.cpp:472:	Choreographer::FrameDisplayEventReceiver::onVsync 0xb7cfa610, 2, timestampNanos=11744402407558, frame=7042
05-27 14:36:51.660   143   393 I gralloc_mali: alloc_device_alloc: prepare to alloc buffer, [720 x 254(254)], size = 737280, format = 1, usage = 0x933 
05-27 14:36:51.670   143   393 I gralloc_mali: alloc_device_alloc, gc_gralloc_wrap succeed, phys = 0xffffffff, vaddr = 0xb38e1000, i = 70 
05-27 14:36:51.670   143   393 I gralloc_mali: alloc_device_alloc: alloc phys_addr = 0x00000000, ion_hnd_debug = 1
05-27 14:36:51.670   768   878 I [Gralloc]: gralloc_register_buffer line 205 size737280 base0xa4623000 phys_addr0 share_fd178 usage0x933 ion_hnd_debug0x1
05-27 14:36:51.670   768   878 I TextLayoutCache: Adding Cache: SUCCESS, key:0xa94c0cbc, value:0xb7d15ad8
05-27 14:36:51.670   768   878 I TextLayoutCache: Adding Cache: SUCCESS, key:0xa94c10e4, value:0xb7d6e900
05-27 14:36:51.680   768   878 I viewroot: TID:878 .../ViewRoot.cpp:2592:	 first drawing time 13.710938 ms
05-27 14:36:51.680   768   878 I wms_anim_wsa: TID:878 .../WindowStateAnimator.cpp:1452:	applyAnimationLocked: () mNextAppTransitionPackage = (null), transit = 4097, isEntrance = True
05-27 14:36:51.680   768   878 I viewroot: TID:878 .../ViewRoot.cpp:1388:	ViewRoot::scheduleTraversals() start 0xb7cf7a00 3
05-27 14:36:51.680   768   878 I viewroot: TID:878 .../ViewRoot.cpp:1393:	ViewRoot::scheduleTraversals() before postSyncBarrier 0xb7cf7a00 3
05-27 14:36:51.680   768   878 I viewroot: TID:878 .../ViewRoot.cpp:1395:	ViewRoot::scheduleTraversals() after postSyncBarrier 0xb7cf7a00 3
05-27 14:36:51.680   768   878 I Choreographer: TID:878 .../Choreographer.cpp:391:	Choreographer::scheduleVsyncLocked 0xb7cfa4b0 3
05-27 14:36:51.680   768   878 I viewroot: TID:878 .../ViewRoot.cpp:1399:	ViewRoot::scheduleTraversals() end 0xb7cf7a00 3
05-27 14:36:51.690   768   969 I wms_anim_wsa: TID:969 .../WindowStateAnimator.cpp:1405:	KPI_PATTERN WMS Show surface ()
05-27 14:36:51.690   768   878 I Choreographer: TID:878 .../Choreographer.cpp:472:	Choreographer::FrameDisplayEventReceiver::onVsync 0xb7cfa610, 3, timestampNanos=11744436481766, frame=7044
05-27 14:36:51.830   768  9612 I ams     : TID:9612 .../ActivityManagerService.cpp:11747:	[AMS][DROPBOX] DropBoxThread >> tag=cos_app_native_crash Run command: /system/bin/logcat -v time -b events -b system -b main -t 500 > data/system/log_cos_app_native_crash_1495867011611.log
05-27 14:36:51.840   768  9612 I ams     : TID:9612 .../ActivityManagerService.cpp:11758:	To read: readBytes=0, n=0, maxBytes=61163
05-27 14:36:51.840   768  9612 I ams     : TID:9612 .../ActivityManagerService.cpp:11761:	To append: maxBytes=61163, readBytes=61163, n=61163
05-27 14:36:51.840   768  9612 I ams     : TID:9612 .../ActivityManagerService.cpp:11774:	[AMS][DROPBOX] addText for cos_app_native_crash
05-27 14:36:51.860   781   781 I DropBoxManagerService: TID:781 .../DropBoxManagerService.cpp:408:	return true for test
05-27 14:36:51.860   768  9612 I IContentProvider: TID:9612 .../IContentProvider.cpp:758:	modify case CALL_TRANSACTION: (myUid,myPid):(0,768),(CallingUid,CallingPid):(1000,781)
05-27 14:36:51.860   768  9612 I IContentProvider: TID:9612 .../IContentProvider.cpp:758:	modify case CALL_TRANSACTION: (myUid,myPid):(0,768),(CallingUid,CallingPid):(1000,781)
05-27 14:36:51.860   768  9612 I IContentProvider: TID:9612 .../IContentProvider.cpp:758:	modify case CALL_TRANSACTION: (myUid,myPid):(0,768),(CallingUid,CallingPid):(1000,781)
05-27 14:36:51.860   768  9612 I IContentProvider: TID:9612 .../IContentProvider.cpp:758:	modify case CALL_TRANSACTION: (myUid,myPid):(0,768),(CallingUid,CallingPid):(1000,781)
05-27 14:36:51.860   768  9612 I IContentProvider: TID:9612 .../IContentProvider.cpp:758:	modify case CALL_TRANSACTION: (myUid,myPid):(0,768),(CallingUid,CallingPid):(1000,781)
05-27 14:36:51.900   781   781 I DropBoxManagerService: TID:781 .../DropBoxManagerService.cpp:736:	DropBoxManagerService::EntryFile::~EntryFile()
05-27 14:36:51.900   768  1200 I ams     : TID:1200 .../ActivityManagerService.cpp:16282:	Broadcast: Intent { act=android.intent.action.DROPBOX_ENTRY_ADDED (has extras) } ordered=false, callerApp=ProcessRecord{-1214799200 pid=781/tid=-1/ProcessName=system/bin/dropboxmgrserv/uid=1000, callerPackage=android, resolvedType=NULL, resultTo=0x0(0x0), userId=0 (from: pid=781, uid=1000)
05-27 14:36:51.900   768  1200 I ams     : TID:1200 .../ActivityManagerService.cpp:16209:	Set to newReceivers
05-27 14:36:51.900   768  1200 I ams     : TID:1200 .../ActivityManagerService.cpp:16256:	Leave AMS::collectReceiverComponents
05-27 14:36:51.900   768  1200 I ams     : TID:1200 .../ActivityManagerService.cpp:16661:	Collect 0 receivers for (null) typed broadcast
05-27 14:36:51.900   768  1200 I ams     : TID:1200 .../ActivityManagerService.cpp:16673:	Resolve 0 registered receivers for (null) typed broadcast Intent { act=android.intent.action.DROPBOX_ENTRY_ADDED (has extras) }
05-27 14:36:51.930   768   969 I wms_anim_wa: TID:969 .../WindowAnimator.cpp:589:	###[dimming]startDimming: send SET_DIM_PARAMETERS, dparams:0xb7c41ca0###
05-27 14:36:51.930   768   969 I wms_anim_wa: TID:969 .../WindowAnimator.cpp:589:	###[dimming]startDimming: send SET_DIM_PARAMETERS, dparams:0xb7c41b80###
05-27 14:36:51.930   768   969 I wms_impl: TID:969 .../WindowManagerService.cpp:8602:	[H::handleMessage] SET_DIM_PARAMETERS
05-27 14:36:51.930   768   969 I wms_impl: TID:969 .../WindowManagerService.cpp:8607:	###[dimming]wms->mAnimator->mDimParams:0xb7c41ca0###
05-27 14:36:51.930   768   969 I wms_impl: TID:969 .../WindowManagerService.cpp:8602:	[H::handleMessage] SET_DIM_PARAMETERS
05-27 14:36:51.930   768   969 I wms_impl: TID:969 .../WindowManagerService.cpp:8607:	###[dimming]wms->mAnimator->mDimParams:0xb7c41b80###
05-27 14:36:52.000   768   957 I batteryservice: Battery native update:
05-27 14:36:52.000   768   957 I batteryservice: AC(0) USB(1) Status(5) Health(2) Technology(Li-poly)
05-27 14:36:52.000   768   957 I batteryservice: Present(1) Level(100) Voltage(4338000) Temp(280)
05-27 14:36:52.000   768   957 I ams     : TID:957 .../ActivityManagerService.cpp:16282:	Broadcast sticky: Intent { act=android.intent.action.BATTERY_CHANGED flg=1610612736 (has extras) } ordered=false, callerApp=NULL, callerPackage=NULL, resolvedType=NULL, resultTo=0x0(0x0), userId=0 (from: pid=768, uid=1000)
05-27 14:36:52.000   768   957 I ams     : TID:957 .../ActivityManagerService.cpp:16673:	Resolve 7 registered receivers for (null) typed broadcast Intent { act=android.intent.action.BATTERY_CHANGED flg=1610612736 (has extras) }
05-27 14:36:52.000   768   957 I ams     : TID:957 .../BroadcastQueue.cpp:142:	Enqueue non-ordered broadcast: BroadcastRecord(0xb7e05b08) has 7 receivers for Intent { act=android.intent.action.BATTERY_CHANGED flg=1610612736 (has extras) }
05-27 14:36:52.000   768   878 I ams     : TID:878 .../BroadcastQueue.cpp:643:	processNextBroadcast [background]from Msg: 1 broadcasts, 0 ordered broadcasts
05-27 14:36:52.000   768   878 I ams     : TID:878 .../BroadcastQueue.cpp:494:	AMS_STATUS>> SCHEDULE_REGISTER_RECEIVER: Process system/bin/systemuid (pid:772, uid: 1000), Receiver 0xb7578ba8(0xb7578f90), Non-ordered broadcast, Intent { act=android.intent.action.BATTERY_CHANGED flg=1610612736 (has extras) }
05-27 14:36:52.000   772  1236 I activity_thread: TID:1236 .../ActivityThread.cpp:3037:	scheduleRegisteredReceiver: receiver=0xb748476c, Intent=Intent { act=android.intent.action.BATTERY_CHANGED flg=1610612736 (has extras) }, resultCode=-1, dataStr=NULL, ordered=false, sticky=false
05-27 14:36:52.000   772   848 I activity_thread: TID:848 .../ActivityThread.cpp:1514:	LIFESTAT onReceive: 0xb7481560
05-27 14:36:52.000   772   848 I SystemUIDialogs: TID:848 .../SystemUIDialogs.cpp:92:	ACTION= android.intent.action.BATTERY_CHANGED
05-27 14:36:52.000   772   848 I statusbar: TID:848 .../SystemUIControl.cpp:736:	UIDIALOG_DISMISS_LOWBATTERYWARNING
05-27 14:36:52.000   772   848 I statusbar: TID:848 .../SystemUIControl.cpp:825:	UIDIALOG_DISMISS_LOWCHARGINGWARNINGDIALOG2
05-27 14:36:52.000   768   878 I ams     : TID:878 .../BroadcastQueue.cpp:611:	performReceive of BroadcastRecord{0xb7e05b08 u0 android.intent.action.BATTERY_CHANGED}(4 millis)
05-27 14:36:52.010   768   878 I ams     : TID:878 .../BroadcastQueue.cpp:494:	AMS_STATUS>> SCHEDULE_REGISTER_RECEIVER: Process system (pid:768, uid: 1000), Receiver 0xb798fdf4(0xb798fde8), Non-ordered broadcast, Intent { act=android.intent.action.BATTERY_CHANGED flg=1610612736 (has extras) }
05-27 14:36:52.010   768   878 I activity_thread: TID:878 .../ActivityThread.cpp:3037:	scheduleRegisteredReceiver: receiver=0xb798fdf4, Intent=Intent { act=android.intent.action.BATTERY_CHANGED flg=1610612736 (has extras) }, resultCode=-1, dataStr=NULL, ordered=false, sticky=false
05-27 14:36:52.010   768   878 I ams     : TID:878 .../BroadcastQueue.cpp:611:	performReceive of BroadcastRecord{0xb7e05b08 u0 android.intent.action.BATTERY_CHANGED}(1 millis)
05-27 14:36:52.010   768   878 I ams     : TID:878 .../BroadcastQueue.cpp:494:	AMS_STATUS>> SCHEDULE_REGISTER_RECEIVER: Process system (pid:768, uid: 1000), Receiver 0xb79dd884(0xb79dd878), Non-ordered broadcast, Intent { act=android.intent.action.BATTERY_CHANGED flg=1610612736 (has extras) }
05-27 14:36:52.010   768   878 I activity_thread: TID:878 .../ActivityThread.cpp:3037:	scheduleRegisteredReceiver: receiver=0xb79dd884, Intent=Intent { act=android.intent.action.BATTERY_CHANGED flg=1610612736 (has extras) }, resultCode=-1, dataStr=NULL, ordered=false, sticky=false
05-27 14:36:52.010   768   878 I ams     : TID:878 .../BroadcastQueue.cpp:611:	performReceive of BroadcastRecord{0xb7e05b08 u0 android.intent.action.BATTERY_CHANGED}(1 millis)
05-27 14:36:52.010   768   957 I batteryservice: TID:957 .../BatteryService.cpp:764:	BatteryService::sendIntent() - success.
05-27 14:36:52.010   768   878 I ams     : TID:878 .../BroadcastQueue.cpp:494:	AMS_STATUS>> SCHEDULE_REGISTER_RECEIVER: Process system (pid:768, uid: 1000), Receiver 0xb7a91574(0xb7a91568), Non-ordered broadcast, Intent { act=android.intent.action.BATTERY_CHANGED flg=1610612736 (has extras) }
05-27 14:36:52.010   768   878 I activity_thread: TID:878 .../ActivityThread.cpp:3037:	scheduleRegisteredReceiver: receiver=0xb7a91574, Intent=Intent { act=android.intent.action.BATTERY_CHANGED flg=1610612736 (has extras) }, resultCode=-1, dataStr=NULL, ordered=false, sticky=false
05-27 14:36:52.010   768   878 I ams     : TID:878 .../BroadcastQueue.cpp:611:	performReceive of BroadcastRecord{0xb7e05b08 u0 android.intent.action.BATTERY_CHANGED}(1 millis)
05-27 14:36:52.010   768   878 I ams     : TID:878 .../BroadcastQueue.cpp:494:	AMS_STATUS>> SCHEDULE_REGISTER_RECEIVER: Process system (pid:768, uid: 1000), Receiver 0xb7a97cac(0xb7a97ca0), Non-ordered broadcast, Intent { act=android.intent.action.BATTERY_CHANGED flg=1610612736 (has extras) }
05-27 14:36:52.010   768   878 I activity_thread: TID:878 .../ActivityThread.cpp:3037:	scheduleRegisteredReceiver: receiver=0xb7a97cac, Intent=Intent { act=android.intent.action.BATTERY_CHANGED flg=1610612736 (has extras) }, resultCode=-1, dataStr=NULL, ordered=false, sticky=false
05-27 14:36:52.010   768   878 I ams     : TID:878 .../BroadcastQueue.cpp:611:	performReceive of BroadcastRecord{0xb7e05b08 u0 android.intent.action.BATTERY_CHANGED}(0 millis)
05-27 14:36:52.010   768   878 I ams     : TID:878 .../BroadcastQueue.cpp:494:	AMS_STATUS>> SCHEDULE_REGISTER_RECEIVER: Process system/bin/systemuid (pid:772, uid: 1000), Receiver 0xb7ae1150(0xb7aec0a0), Non-ordered broadcast, Intent { act=android.intent.action.BATTERY_CHANGED flg=1610612736 (has extras) }
05-27 14:36:52.010   772   963 I activity_thread: TID:963 .../ActivityThread.cpp:3037:	scheduleRegisteredReceiver: receiver=0xb764a3b4, Intent=Intent { act=android.intent.action.BATTERY_CHANGED flg=1610612736 (has extras) }, resultCode=-1, dataStr=NULL, ordered=false, sticky=false
05-27 14:36:52.010   772   848 I activity_thread: TID:848 .../ActivityThread.cpp:1514:	LIFESTAT onReceive: 0xb763df48
05-27 14:36:52.010   772   848 D DashBoard_StatusBarPowerStatusModel: TID:848 .../StatusBarPowerStatusModel.cpp:37:	Enter onReceive
05-27 14:36:52.010   772   848 D DashBoard_StatusBarPowerStatusModel: TID:848 .../StatusBarPowerStatusModel.cpp:37:	Leave onReceive
05-27 14:36:52.010   772   848 D DashBoard_StatusBarBatteryStatusWidget: TID:848 .../StatusBarBatteryStatusWidget.cpp:49:	Enter onUpdate
05-27 14:36:52.020   772   848 D DashBoard_StatusBarBatteryStatusWidget: TID:848 .../StatusBarBatteryStatusWidget.cpp:49:	Leave onUpdate
05-27 14:36:52.020   768   878 I ams     : TID:878 .../BroadcastQueue.cpp:611:	performReceive of BroadcastRecord{0xb7e05b08 u0 android.intent.action.BATTERY_CHANGED}(6 millis)
05-27 14:36:52.020   768   878 I ams     : TID:878 .../BroadcastQueue.cpp:494:	AMS_STATUS>> SCHEDULE_REGISTER_RECEIVER: Process system/bin/csmsd (pid:769, uid: 1000), Receiver 0xb7c46be8(0xb7c46c80), Non-ordered broadcast, Intent { act=android.intent.action.BATTERY_CHANGED flg=1610612736 (has extras) }
05-27 14:36:52.020   769  1133 I activity_thread: TID:1133 .../ActivityThread.cpp:3037:	scheduleRegisteredReceiver: receiver=0xb74ca9b4, Intent=Intent { act=android.intent.action.BATTERY_CHANGED flg=1610612736 (has extras) }, resultCode=-1, dataStr=NULL, ordered=false, sticky=false
05-27 14:36:52.020   769   839 I activity_thread: TID:839 .../ActivityThread.cpp:1514:	LIFESTAT onReceive: 0xb74c2b68
05-27 14:36:52.020   768   878 I ams     : TID:878 .../BroadcastQueue.cpp:611:	performReceive of BroadcastRecord{0xb7e05b08 u0 android.intent.action.BATTERY_CHANGED}(3 millis)
05-27 14:36:52.020   768   878 I ams     : TID:878 .../BroadcastQueue.cpp:728:	No more ordered Broadcasts pending, so all done!
05-27 14:36:52.020   768   878 I activity_thread: TID:878 .../ActivityThread.cpp:1514:	LIFESTAT onReceive: 0xb798fcb0
05-27 14:36:52.020   768   878 I activity_thread: TID:878 .../ActivityThread.cpp:1514:	LIFESTAT onReceive: 0xb799f548
05-27 14:36:52.020   768   878 I activity_thread: TID:878 .../ActivityThread.cpp:1514:	LIFESTAT onReceive: 0xb78b0c28
05-27 14:36:52.020   768   878 I activity_thread: TID:878 .../ActivityThread.cpp:1514:	LIFESTAT onReceive: 0xb7a54f48
05-27 14:36:52.080   768   872 I ams     : TID:872 .../ActivityStack.cpp:264:	ActivityStack: HANDLE 101 PAUSE_TIMEOUT_MSG:0 / 0xb7c5023c
05-27 14:36:52.080   768   872 W ams     : TID:872 .../ActivityStack.cpp:299:	Activity pause timeout for ActivityRecord{0xb7c50100  userId=0 fingerprintExample/.FingerprintExample}
05-27 14:36:52.080   768   872 I ams     : TID:872 .../ActivityManagerService.cpp:22145:	########[BinderTest] to test Application: fingerprintExample(pid=2724, tid=9585)
05-27 14:36:52.080   768   872 I KPI     : KPI_PATTERN = MainPage, KPI_OBJECT = AMS_launch, KPI_TYPE = RELAY, KPI_FLAG = Start New Activity
05-27 14:36:52.080   768   872 I wms_impl: TID:872 .../WindowManagerService.cpp:5064:	token 0xb7c2dbc0 already in reqested state with hiddenRequested True
05-27 14:36:52.080   768   872 I ams     : TID:872 .../ActivityStack.cpp:2443:	Resume running: ActivityRecord{0xb7af3730  userId=0 Launcher/.MainPage}
05-27 14:36:52.080   768   872 I ams     : TID:872 .../ActivityManagerService.cpp:1479:	Putting proc to front: Launcher
05-27 14:36:52.080   768   872 W ams     : TID:872 .../ActivityManagerService.cpp:18785:	Failed setting oom adj of fingerprintExample to 1
05-27 14:36:52.080   768   878 I ams     : TID:878 .../ActivityManagerService.cpp:20972:	Kernel timestamp [11744.829]
05-27 14:36:52.080   768   878 I ams     : TID:878 .../ActivityManagerService.cpp:20974:	ActivityManagerService: HANDLE 31 DISPATCH_PROCESSES_CHANGED:0 / 0x0
05-27 14:36:52.080   768   872 I ams     : TID:872 .../ActivityStack.cpp:2479:	###[navibar]resumeTopActivityLocked naviBarEnable:false###
05-27 14:36:52.080   768   872 I wms_other_nbc: TID:872 .../NavigationBarConfiguration.cpp:90:	###[navibar]strComponent:Launcher/.MainPage isContain:False###
05-27 14:36:52.080   768   872 I wms_impl: TID:872 .../WindowManagerService.cpp:12229:	###[navibar]bIsShowNavigationBar:False###
05-27 14:36:52.080   768   872 I ams     : TID:872 .../ActivityManagerService.cpp:16282:	Broadcast: Intent { act=android.intent.action.UPDATE_NAV_BAR_HEIGHT (has extras) } ordered=false, callerApp=ProcessRecord{-1215508720 pid=768/tid=-1/ProcessName=system/uid=1000, callerPackage=android, resolvedType=NULL, resultTo=0x0(0x0), userId=0 (from: pid=768, uid=1000)
05-27 14:36:52.080   768   872 I ams     : TID:872 .../ActivityManagerService.cpp:16209:	Set to newReceivers
05-27 14:36:52.080   768   872 I ams     : TID:872 .../ActivityManagerService.cpp:16256:	Leave AMS::collectReceiverComponents
05-27 14:36:52.080   768   872 I ams     : TID:872 .../ActivityManagerService.cpp:16661:	Collect 0 receivers for (null) typed broadcast
05-27 14:36:52.100   768   872 I ams     : TID:872 .../ActivityManagerService.cpp:16673:	Resolve 0 registered receivers for (null) typed broadcast Intent { act=android.intent.action.UPDATE_NAV_BAR_HEIGHT (has extras) }
05-27 14:36:52.100   768   872 W wms_impl: TID:872 .../WindowManagerService.cpp:7651:	orientation:1 (dw x dh) = (720 x 1280) (appWidth x appHeight) = (720 x 1280)
05-27 14:36:52.100   768   872 W wms_impl: TID:872 .../WindowManagerService.cpp:7446:	curLayout:36 rotation:0 (dw x dh) = (720 x 1280) (w x h) = (720 x 1280)
05-27 14:36:52.100   768   872 W wms_impl: TID:872 .../WindowManagerService.cpp:7446:	curLayout:268435490 rotation:1 (dw x dh) = (1280 x 720) (w x h) = (1280 x 720)
05-27 14:36:52.100   768   872 W wms_impl: TID:872 .../WindowManagerService.cpp:7446:	curLayout:268435490 rotation:2 (dw x dh) = (720 x 1280) (w x h) = (720 x 1280)
05-27 14:36:52.100   768   872 W wms_impl: TID:872 .../WindowManagerService.cpp:7446:	curLayout:268435490 rotation:3 (dw x dh) = (1280 x 720) (w x h) = (1280 x 720)
05-27 14:36:52.100   768   872 W ams     : TID:872 .../ActivityManagerService.cpp:17498:	[AMS_STATE][CONFIG] Update configuration failed: No config
05-27 14:36:52.100   768   872 I ams     : TID:872 .../ActivityManagerService.cpp:17511:	Config changed=0x0, handles=0x6a3
05-27 14:36:52.100   768   872 I ams     : TID:872 .../ActivityManagerService.cpp:17533:	[AMS_STATE][CONFIG] Consuming time: 0
05-27 14:36:52.100   768   872 I ams     : TID:872 .../ActivityStack.cpp:2560:	scheduleResumeActivity
05-27 14:36:52.100   768   872 I ams     : TID:872 .../ActivityStack.cpp:2570:	AMS_KPI, KPIRELAY MainPage Launch, Activity Switch
05-27 14:36:52.100   768   872 I KPI     : KPI_PATTERN = MainPage, KPI_OBJECT = AMS_launch, KPI_TYPE = RELAY, KPI_FLAG = Activity switch
05-27 14:36:52.100   768   872 I ams     : TID:872 .../ActivityStack.cpp:2586:	AMS_STATUS>> SCHEDULE_RESUME_ACTIVITY: Process Launcher (uid: 10021) Activity MainPage
05-27 14:36:52.110  1205  1211 I activity_thread: TID:1211 .../ActivityThread.cpp:5959:	[LIFESTATE][Activity] onResume (onRestart first if needed): ActivityRecord{0xb756f3a0 token 0xb756d460{Launcher/Launcher.MainPage}}
05-27 14:36:52.110  1205  1211 I activity_thread: TID:1211 .../ActivityThread.cpp:5962:	Uptime: 11744.852
05-27 14:36:52.110  1205  1211 D wm_impl : WindowManagerImpl::getDefault()
05-27 14:36:52.110  1205  1211 I app_proc: TID:1211 .../Instrumentation.cpp:1252:	[LIFE_CYCLE] call MainPage ActivityOnRestart
05-27 14:36:52.110  1205  1211 I app_proc: TID:1211 .../Instrumentation.cpp:1255:	[KPI_PATTERN][LIFE_CYCLE] MainPage ActivityOnRestart (0ms)
05-27 14:36:52.110   768   872 I ams     : TID:872 .../ActivityManagerService.cpp:1385:	Skip setting top: ActivityRecord{0xb7af3730  userId=0 Launcher/.MainPage} was top already
05-27 14:36:52.110  1205  1211 I app_proc: TID:1211 .../Instrumentation.cpp:1237:	[LIFE_CYCLE] call MainPage ActivityOnStart
05-27 14:36:52.110  1205  1211 I app_proc: TID:1211 .../Instrumentation.cpp:1240:	[KPI_PATTERN][LIFE_CYCLE] MainPage ActivityOnStart (1ms)
05-27 14:36:52.110  1205  1211 I app_proc: TID:1211 .../Instrumentation.cpp:1267:	[LIFE_CYCLE] call MainPage ActivityOnResume
05-27 14:36:52.110   768   872 I ams     : TID:872 .../ActivityStack.cpp:2638:	Resumed activity; didn't need icicle of: Launcher
05-27 14:36:52.110  1205  1211 I activity: TID:1211 .../AgentActivity.cpp:216:	AMS_KPI, MainPage->onResume UptimeMillis now = 11744855
05-27 14:36:52.110  1205  1211 I KPI     : KPI_PATTERN = MainPage, KPI_OBJECT = AMS_launch, KPI_TYPE = RELAY, KPI_FLAG = onResume Start
05-27 14:36:52.110  1205  1211 I KPI     : KPI_PATTERN = MainPage, KPI_OBJECT = AMS_launch, KPI_TYPE = RELAY, KPI_FLAG = onResume Stop
05-27 14:36:52.110   768   878 I ams     : TID:878 .../ActivityManagerService.cpp:20972:	Kernel timestamp [11744.856]
05-27 14:36:52.110   768   878 I ams     : TID:878 .../ActivityManagerService.cpp:20974:	ActivityManagerService: HANDLE 30 SHOW_COMPAT_MODE_DIALOG_MSG:0 / 0xb7af386c
05-27 14:36:52.110  1205  1211 I app_proc: TID:1211 .../Instrumentation.cpp:1270:	[KPI_PATTERN][LIFE_CYCLE] MainPage ActivityOnResume (1ms)
05-27 14:36:52.180   143   424 I gralloc_mali: fb_post line 214 FBIOPUT_VSCREENINFO buffer 0xb9049e10 blocktime=215ms now=11744928ms lasttime=250 tid=424
05-27 14:36:52.190  1205  1211 I opengl_egl_impl: TID:1211 .../EGLImpl.cpp:353:	Create Surface
05-27 14:36:52.190  1205  1211 D mali_winsys: new_window_surface returns 0x3000
05-27 14:36:52.190   143  1461 I gralloc_mali: alloc_device_alloc: prepare to alloc buffer, [720 x 1280(1280)], size = 3686400, format = 1, usage = 0x900 
05-27 14:36:52.200   143  1461 I gralloc_mali: alloc_device_alloc, gc_gralloc_wrap succeed, phys = 0xffffffff, vaddr = 0xb31fa000, i = 71 
05-27 14:36:52.200   143  1461 I gralloc_mali: alloc_device_alloc: alloc phys_addr = 0x00000000, ion_hnd_debug = 2
05-27 14:36:52.200  1205  1211 I [Gralloc]: gralloc_register_buffer line 205 size3686400 base0xa8abd000 phys_addr0 share_fd29 usage0x900 ion_hnd_debug0x2
05-27 14:36:52.200   143   390 I gralloc_mali: alloc_device_alloc: prepare to alloc buffer, [720 x 1280(1280)], size = 3686400, format = 1, usage = 0x900 
05-27 14:36:52.210   143   390 I gralloc_mali: alloc_device_alloc, gc_gralloc_wrap succeed, phys = 0xffffffff, vaddr = 0xb2e16000, i = 72 
05-27 14:36:52.210   143   390 I gralloc_mali: alloc_device_alloc: alloc phys_addr = 0x00000000, ion_hnd_debug = 3
05-27 14:36:52.210  1205  1211 I [Gralloc]: gralloc_register_buffer line 205 size3686400 base0xa852b000 phys_addr0 share_fd31 usage0x900 ion_hnd_debug0x3
05-27 14:36:52.220   768  1226 I wms_impl: TID:1226 .../WindowManagerService.cpp:3564:	applyAnimationLocked: (Launcher/MainPage) mNextAppTransitionType:0 transit = 4109, enter = True
05-27 14:36:52.220   768   969 I ams     : TID:969 .../ActivityRecord.cpp:974:	Ticking: this(0xb7af3730)
05-27 14:36:52.220   768   969 I ams     : TID:969 .../ActivityRecord.cpp:975:	Ticking: stack(0xb7582750)
05-27 14:36:52.220   768   969 I ams     : TID:969 .../ActivityRecord.cpp:976:	Ticking: mHandler(0xb7582390)
05-27 14:36:52.220   768  1226 I wms_anim_wsa: TID:1226 .../WindowStateAnimator.cpp:1452:	applyAnimationLocked: (Launcher/Launcher.MainPage) mNextAppTransitionPackage = (null), transit = 4099, isEntrance = True
05-27 14:36:52.220   768  1226 I wms_impl: TID:1226 .../WindowManagerService.cpp:3564:	applyAnimationLocked: (fingerprintExample/FingerprintExample) mNextAppTransitionType:0 transit = 4109, enter = False
05-27 14:36:52.220   768  1215 I ams     : TID:1215 .../ActivityRecord.cpp:974:	Ticking: this(0xb7af3730)
05-27 14:36:52.220   768  1215 I ams     : TID:1215 .../ActivityRecord.cpp:975:	Ticking: stack(0xb7582750)
05-27 14:36:52.220   768  1215 I ams     : TID:1215 .../ActivityRecord.cpp:976:	Ticking: mHandler(0xb7582390)
05-27 14:36:52.220   768  1215 I ams     : TID:1215 .../ActivityStack.cpp:5042:	SmartMode disable processStoppingActivitiesLocked
05-27 14:36:52.220   768  1215 I ams     : TID:1215 .../ActivityRecord.cpp:974:	Ticking: this(0xb7c50100)
05-27 14:36:52.220   768  1215 I ams     : TID:1215 .../ActivityRecord.cpp:975:	Ticking: stack(0xb7582750)
05-27 14:36:52.220   768  1215 I ams     : TID:1215 .../ActivityRecord.cpp:976:	Ticking: mHandler(0xb7582390)
05-27 14:36:52.220   768  1215 W ams     : TID:1215 .../ActivityManagerService.cpp:18785:	Failed setting oom adj of fingerprintExample to 9
05-27 14:36:52.220   768   878 I ams     : TID:878 .../ActivityManagerService.cpp:20972:	Kernel timestamp [11744.966]
05-27 14:36:52.220   768   878 I ams     : TID:878 .../ActivityManagerService.cpp:20974:	ActivityManagerService: HANDLE 31 DISPATCH_PROCESSES_CHANGED:0 / 0x0
05-27 14:36:52.220   768  1215 I ams     : TID:1215 .../ActivityStack.cpp:5752:	AMS_STATUS>> SCHEDULE_DESTROY_ACTIVITY: Process fingerprintExample (uid: 1000) Activity FingerprintExample
05-27 14:36:52.220   768  1215 W ams     : TID:1215 .../ActivityManagerService.cpp:18785:	Failed setting oom adj of fingerprintExample to 9
05-27 14:36:52.220   768   969 I wms_anim_wsa: TID:969 .../WindowStateAnimator.cpp:1405:	KPI_PATTERN WMS Show surface (gaia::GaiaWallpaperEngine)
05-27 14:36:52.220   768   969 I wms_anim_wsa: TID:969 .../WindowStateAnimator.cpp:1405:	KPI_PATTERN WMS Show surface (Launcher/Launcher.MainPage)
05-27 14:36:52.220   768   969 I KPI     : KPI_PATTERN = MainPage, KPI_OBJECT = AMS_launch, KPI_TYPE = STOP
05-27 14:36:52.230   768   969 I ams     : TID:969 .../ActivityManagerService.cpp:20435:	[AMS_STATE][KPI] App switch  time of Launcher/.MainPage is 5820
05-27 14:36:52.480   768   878 D skia    : WARNING: One-shot allocator has already allocated (alloc count = 1)
05-27 14:36:52.480   768   878 I viewroot: TID:878 .../ViewRoot.cpp:1388:	ViewRoot::scheduleTraversals() start 0xb7cf7a00 4
05-27 14:36:52.480   768   878 I viewroot: TID:878 .../ViewRoot.cpp:1393:	ViewRoot::scheduleTraversals() before postSyncBarrier 0xb7cf7a00 4
05-27 14:36:52.480   768   878 I viewroot: TID:878 .../ViewRoot.cpp:1395:	ViewRoot::scheduleTraversals() after postSyncBarrier 0xb7cf7a00 4
05-27 14:36:52.480   768   878 I Choreographer: TID:878 .../Choreographer.cpp:391:	Choreographer::scheduleVsyncLocked 0xb7cfa4b0 4
05-27 14:36:52.480   768   878 I viewroot: TID:878 .../ViewRoot.cpp:1399:	ViewRoot::scheduleTraversals() end 0xb7cf7a00 4
05-27 14:36:52.480   768   878 I viewroot: TID:878 .../ViewRoot.cpp:1388:	ViewRoot::scheduleTraversals() start 0xb7cf7a00 5
05-27 14:36:52.480   768   878 I viewroot: TID:878 .../ViewRoot.cpp:1399:	ViewRoot::scheduleTraversals() end 0xb7cf7a00 5
05-27 14:36:52.490   768   878 I Choreographer: TID:878 .../Choreographer.cpp:472:	Choreographer::FrameDisplayEventReceiver::onVsync 0xb7cfa610, 4, timestampNanos=11745237214400, frame=7089
05-27 14:36:52.500   143   390 I gralloc_mali: alloc_device_alloc: prepare to alloc buffer, [720 x 254(254)], size = 737280, format = 1, usage = 0x933 
05-27 14:36:52.500   143   390 I gralloc_mali: alloc_device_alloc, gc_gralloc_wrap succeed, phys = 0xffffffff, vaddr = 0xb382d000, i = 73 
05-27 14:36:52.500   143   390 I gralloc_mali: alloc_device_alloc: alloc phys_addr = 0x00000000, ion_hnd_debug = 4
05-27 14:36:52.500   768   878 I [Gralloc]: gralloc_register_buffer line 205 size737280 base0xa495a000 phys_addr0 share_fd179 usage0x933 ion_hnd_debug0x4
05-27 14:36:52.540   768   878 I viewroot: TID:878 .../ViewRoot.cpp:1388:	ViewRoot::scheduleTraversals() start 0xb7cf7a00 6
05-27 14:36:52.540   768   878 I Choreographer: TID:878 .../Choreographer.cpp:391:	Choreographer::scheduleVsyncLocked 0xb7cfa4b0 5
05-27 14:36:52.540   768   878 I Choreographer: TID:878 .../Choreographer.cpp:472:	Choreographer::FrameDisplayEventReceiver::onVsync 0xb7cfa610, 5, timestampNanos=11745288325541, frame=7092
05-27 14:36:52.550   143   390 I gralloc_mali: alloc_device_alloc: prepare to alloc buffer, [720 x 254(254)], size = 737280, format = 1, usage = 0x933 
05-27 14:36:52.550   143   390 I gralloc_mali: alloc_device_alloc, gc_gralloc_wrap succeed, phys = 0xffffffff, vaddr = 0xb3779000, i = 74 
05-27 14:36:52.550   143   390 I gralloc_mali: alloc_device_alloc: alloc phys_addr = 0x00000000, ion_hnd_debug = 5
05-27 14:36:52.550   768   878 I [Gralloc]: gralloc_register_buffer line 205 size737280 base0xa475e000 phys_addr0 share_fd180 usage0x933 ion_hnd_debug0x5
05-27 14:36:52.560   768   871 I ams     : TID:871 .../ActivityManagerService.cpp:12034:	Get AppErrorDialog action: 0
05-27 14:36:52.560   768   871 I ams     : TID:871 .../ActivityManagerService.cpp:3310:	[AMS_STATUS] Process fingerprintExample (pid 2724) has died.
05-27 14:36:52.560   768   871 I ams     : TID:871 .../ActivityRecord.cpp:974:	Ticking: this(0xb7c50100)
05-27 14:36:52.560   768   871 I ams     : TID:871 .../ActivityRecord.cpp:975:	Ticking: stack(0xb7582750)
05-27 14:36:52.560   768   871 I ams     : TID:871 .../ActivityRecord.cpp:976:	Ticking: mHandler(0xb7582390)
05-27 14:36:52.560   768   871 I ams     : TID:871 .../ActivityRecord.cpp:974:	Ticking: this(0xb7c50100)
05-27 14:36:52.560   768   871 I ams     : TID:871 .../ActivityRecord.cpp:975:	Ticking: stack(0xb7582750)
05-27 14:36:52.560   768   871 I ams     : TID:871 .../ActivityRecord.cpp:976:	Ticking: mHandler(0xb7582390)
05-27 14:36:52.560   768   871 W activity: TID:871 .../ActivityOptions.cpp:413:	Bundle == NULL
05-27 14:36:52.560   768   878 D wm_impl : WindowManagerImpl::removeView()
05-27 14:36:52.560   768   878 D wm_impl : WindowManagerImpl::findViewLocked()
05-27 14:36:52.560   768   878 D wm_impl : [findViewLocked] count = 1
05-27 14:36:52.560   768   878 D wm_impl : [findViewLocked] find view at index = 0
05-27 14:36:52.560   768   878 D wm_impl : WindowManagerImpl::removeViewLocked(index:0)
05-27 14:36:52.560   768   878 I viewroot: TID:878 .../ViewRoot.cpp:5031:	ViewRoot(0xb7cf7a00)::die 0
05-27 14:36:52.560   768   878 D wm_impl : WindowManagerImpl::finishRemoveViewLocked(view:0xb7cd0b90, index:0)
05-27 14:36:52.560   768   878 I app_proc: TID:878 .../ContextImpl.cpp:1249:	Receiver unregistering: 0xb7c5ba98
05-27 14:36:52.560   768   878 I app_proc: TID:878 .../ContextImpl.cpp:1256:	Receiver unregistered: 0xb7c5ba98
05-27 14:36:52.560   768   878 I ams     : TID:878 .../ActivityManagerService.cpp:16085:	START Unregister receiver: 0xb7bc7e54(0xb7bc7e48)
05-27 14:36:52.560   768   878 I ams     : TID:878 .../ActivityManagerService.cpp:16121:	SUCCESS Unregister receiver: 0xb7bc7e54(0xb7bc7e48)
05-27 14:36:52.560   768   878 I window_impl: TID:878 .../PhoneWindow.cpp:504:	window=0xb7db0010 is deleted
05-27 14:36:52.560   768   878 I ams     : TID:878 .../ActivityManagerService.cpp:20972:	Kernel timestamp [11745.302]
