05-27 14:36:42.150   768   994 I InputDispatcher: Not poking user activity: disabled by window 'Window{0xb7a7a1b8 title = Keyguard, paused = False}'.
05-27 14:36:42.170   768   994 I InputDispatcher: Not poking user activity: disabled by window 'Window{0xb7a7a1b8 title = Keyguard, paused = False}'.
05-27 14:36:42.170   768   994 I InputDispatcher: Not poking user activity: disabled by window 'Window{0xb7a7a1b8 title = Keyguard, paused = False}'.
05-27 14:36:42.210   768   994 I InputDispatcher: Not poking user activity: disabled by window 'Window{0xb7a7a1b8 title = Keyguard, paused = False}'.
05-27 14:36:42.210   768   994 I InputDispatcher: Not poking user activity: disabled by window 'Window{0xb7a7a1b8 title = Keyguard, paused = False}'.
05-27 14:36:42.230   768   994 I InputDispatcher: Not poking user activity: disabled by window 'Window{0xb7a7a1b8 title = Keyguard, paused = False}'.
05-27 14:36:42.230   768   994 I InputDispatcher: Not poking user activity: disabled by window 'Window{0xb7a7a1b8 title = Keyguard, paused = False}'.
05-27 14:36:42.240   768   994 I InputDispatcher: Not poking user activity: disabled by window 'Window{0xb7a7a1b8 title = Keyguard, paused = False}'.
05-27 14:36:42.240   768   994 I InputDispatcher: Not poking user activity: disabled by window 'Window{0xb7a7a1b8 title = Keyguard, paused = False}'.
05-27 14:36:42.250   768   994 I InputDispatcher: Not poking user activity: disabled by window 'Window{0xb7a7a1b8 title = Keyguard, paused = False}'.
05-27 14:36:42.250   768   994 I InputDispatcher: Not poking user activity: disabled by window 'Window{0xb7a7a1b8 title = Keyguard, paused = False}'.
05-27 14:36:42.270   768   994 I InputDispatcher: Not poking user activity: disabled by window 'Window{0xb7a7a1b8 title = Keyguard, paused = False}'.
05-27 14:36:42.270   768   994 I InputDispatcher: Not poking user activity: disabled by window 'Window{0xb7a7a1b8 title = Keyguard, paused = False}'.
05-27 14:36:42.280   768   994 I InputDispatcher: Not poking user activity: disabled by window 'Window{0xb7a7a1b8 title = Keyguard, paused = False}'.
05-27 14:36:42.280   768   994 I InputDispatcher: Not poking user activity: disabled by window 'Window{0xb7a7a1b8 title = Keyguard, paused = False}'.
05-27 14:36:42.290   768   994 I InputDispatcher: Not poking user activity: disabled by window 'Window{0xb7a7a1b8 title = Keyguard, paused = False}'.
05-27 14:36:42.290   768   994 I InputDispatcher: Not poking user activity: disabled by window 'Window{0xb7a7a1b8 title = Keyguard, paused = False}'.
05-27 14:36:42.310   768   994 I InputDispatcher: Not poking user activity: disabled by window 'Window{0xb7a7a1b8 title = Keyguard, paused = False}'.
05-27 14:36:42.310   768   994 I InputDispatcher: Not poking user activity: disabled by window 'Window{0xb7a7a1b8 title = Keyguard, paused = False}'.
05-27 14:36:42.320   768   994 I InputDispatcher: Not poking user activity: disabled by window 'Window{0xb7a7a1b8 title = Keyguard, paused = False}'.
05-27 14:36:42.320   768   994 I InputDispatcher: Not poking user activity: disabled by window 'Window{0xb7a7a1b8 title = Keyguard, paused = False}'.
05-27 14:36:42.340   768   994 I InputDispatcher: Not poking user activity: disabled by window 'Window{0xb7a7a1b8 title = Keyguard, paused = False}'.
05-27 14:36:42.340   768   994 I InputDispatcher: Not poking user activity: disabled by window 'Window{0xb7a7a1b8 title = Keyguard, paused = False}'.
05-27 14:36:42.350   768   994 I InputDispatcher: Not poking user activity: disabled by window 'Window{0xb7a7a1b8 title = Keyguard, paused = False}'.
05-27 14:36:42.360   768   994 I InputDispatcher: Not poking user activity: disabled by window 'Window{0xb7a7a1b8 title = Keyguard, paused = False}'.
05-27 14:36:42.380   768   994 I InputDispatcher: Not poking user activity: disabled by window 'Window{0xb7a7a1b8 title = Keyguard, paused = False}'.
05-27 14:36:42.380   768   994 I InputDispatcher: Not poking user activity: disabled by window 'Window{0xb7a7a1b8 title = Keyguard, paused = False}'.
05-27 14:36:42.390   768   994 I InputDispatcher: Not poking user activity: disabled by window 'Window{0xb7a7a1b8 title = Keyguard, paused = False}'.
05-27 14:36:42.390   768   994 I InputDispatcher: Not poking user activity: disabled by window 'Window{0xb7a7a1b8 title = Keyguard, paused = False}'.
05-27 14:36:42.400   768   994 I InputDispatcher: Not poking user activity: disabled by window 'Window{0xb7a7a1b8 title = Keyguard, paused = False}'.
05-27 14:36:42.400   768   994 I InputDispatcher: Not poking user activity: disabled by window 'Window{0xb7a7a1b8 title = Keyguard, paused = False}'.
05-27 14:36:42.410   768   994 I InputDispatcher: Not poking user activity: disabled by window 'Window{0xb7a7a1b8 title = Keyguard, paused = False}'.
05-27 14:36:42.410   768   994 I InputDispatcher: Not poking user activity: disabled by window 'Window{0xb7a7a1b8 title = Keyguard, paused = False}'.
05-27 14:36:42.410   768   994 I InputDispatcher: Not poking user activity: disabled by window 'Window{0xb7a7a1b8 title = Keyguard, paused = False}'.
05-27 14:36:42.420   768   994 I InputDispatcher: Not poking user activity: disabled by window 'Window{0xb7a7a1b8 title = Keyguard, paused = False}'.
05-27 14:36:42.430   143   424 I gralloc_mali: fb_post line 214 FBIOPUT_VSCREENINFO buffer 0xb9049e10 blocktime=73ms now=11735170ms lasttime=84 tid=424
05-27 14:36:42.440   770   778 I LockSettings: TID:778 .../LockSettingsService.cpp:299:	key = lockscreen_password_type, default value = -1220171952, result = 0
05-27 14:36:42.440   770   778 I LockSettings: TID:778 .../LockSettingsService.cpp:299:	key = lockscreen_password_type_alternate, default value = -1220171952, result = 0
05-27 14:36:42.450   770   778 I LockSettings: TID:778 .../LockSettingsService.cpp:299:	key = lockscreen_password_type, default value = -1220171952, result = 0
05-27 14:36:42.450   770   778 I keyguardview: TID:778 .../KeyguardView.cpp:743:	Current unlock type is Unknown
05-27 14:36:42.450   770   778 I keyguardview: TID:778 .../KeyguardView.cpp:812:	isSecure = false
05-27 14:36:42.450   768   954 I keyguard: TID:954 .../KeyguardService.cpp:1321:	KeyguardService::keyguardDone,wakeup:true
05-27 14:36:42.450   768   954 I keyguard: TID:954 .../KeyguardService.cpp:1334:	mNeedToShowKeyguard = false
05-27 14:36:42.450   768   970 I keyguard: TID:970 .../KeyguardService.cpp:1020:	hide keyguard
05-27 14:36:42.450   770   778 I LockScreen_SlideLockScreenWidget: TID:778 .../fs/jenkins-project/leadcore_app_pisces/sdk/app/LockScreen/src/slide/SlideLockScreenWidget.cpp:160:	Delete pAppPref 
05-27 14:36:42.450   768   970 I Audiof  : TID:970 .../GAudioService.cpp:4775:	[Audio] isStreamMute() stream=2, mDongleMediaOn=0
05-27 14:36:42.450   152   152 V AudioPolicyManagerBase: getDeviceForStrategy() strategy 0, device 2
05-27 14:36:42.450   152   152 V AudioPolicyManagerBase: getOutput() device 2, stream 1, samplingRate 0, format 0, channelMask 3, flags 0
05-27 14:36:42.450   152   152 V AudioPolicyManagerBase: getOutputsForDevice() device 0002
05-27 14:36:42.450   152   152 V AudioPolicyManagerBase: output 0 isDuplicated=0 device=007f
05-27 14:36:42.450   152   152 V AudioPolicyManagerBase: getOutputsForDevice() found output 2
05-27 14:36:42.450   152   152 V AudioPolicyManagerBase: getOutput() returns output 2
05-27 14:36:42.450   152  1421 V AudioPolicyManagerBase: getDeviceForStrategy() strategy 0, device 2
05-27 14:36:42.450   152  1421 V AudioPolicyManagerBase: getOutput() device 2, stream 1, samplingRate 0, format 0, channelMask 3, flags 0
05-27 14:36:42.450   152  1421 V AudioPolicyManagerBase: getOutputsForDevice() device 0002
05-27 14:36:42.450   152  1421 V AudioPolicyManagerBase: output 0 isDuplicated=0 device=007f
05-27 14:36:42.450   152  1421 V AudioPolicyManagerBase: getOutputsForDevice() found output 2
05-27 14:36:42.450   152  1421 V AudioPolicyManagerBase: getOutput() returns output 2
05-27 14:36:42.450   152   446 V AudioPolicyManagerBase: getDeviceForStrategy() strategy 0, device 2
05-27 14:36:42.450   152   446 V AudioPolicyManagerBase: getOutput() device 2, stream 1, samplingRate 44100, format 1, channelMask 1, flags 4
05-27 14:36:42.450   152   446 V AudioPolicyManagerBase: getOutputsForDevice() device 0002
05-27 14:36:42.450   152   446 V AudioPolicyManagerBase: output 0 isDuplicated=0 device=007f
05-27 14:36:42.450   152   446 V AudioPolicyManagerBase: getOutputsForDevice() found output 2
05-27 14:36:42.450   152   446 V AudioPolicyManagerBase: getOutput() returns output 2
05-27 14:36:42.450   152   446 V AudioPolicyManagerBase: startOutput() output 2, stream 1, session 15
05-27 14:36:42.450   152   446 V AudioPolicyManagerBase: changeRefCount() stream 1, count 1
05-27 14:36:42.450   152   446 V AudioPolicyManagerBase: getDeviceForStrategy() strategy 0, device 2
05-27 14:36:42.450   152   446 V AudioPolicyManagerBase: getNewDevice() selected device 2
05-27 14:36:42.450   152   446 V AudioPolicyManagerBase: setOutputDevice() output 2 device 0002 delayMs 0
05-27 14:36:42.450   152   446 V AudioPolicyManagerBase: setOutputDevice() prevDevice 0002
05-27 14:36:42.450   152   446 V AudioPolicyManagerBase: getDeviceForStrategy() strategy 0, device 2
05-27 14:36:42.450   152   446 V AudioPolicyManagerBase: getDeviceForStrategy() strategy 1, device 1
05-27 14:36:42.460   152   446 V AudioPolicyManagerBase: getDeviceForStrategy() strategy 2, device 2
05-27 14:36:42.460   152   446 V AudioPolicyManagerBase: getDeviceForStrategy() strategy 2, device 2
05-27 14:36:42.460   152   446 V AudioPolicyManagerBase: getDeviceForStrategy() strategy 3, device 2
05-27 14:36:42.460   152   446 V AudioPolicyManagerBase: getDeviceForStrategy() strategy 0, device 2
05-27 14:36:42.460   152   446 V AudioPolicyManagerBase: getDeviceForStrategy() strategy 4, device 2
05-27 14:36:42.460   152   446 V AudioPolicyManagerBase: getDeviceForStrategy() strategy 5, device 2
05-27 14:36:42.460   152   446 V AudioPolicyManagerBase: setOutputDevice() setting same device 0002 or null device for output 2
05-27 14:36:42.460   152   446 I AudioFlinger: setAppName(), name=[system/bin/gaiad], active=[1]
05-27 14:36:42.460   152   443 V audio_hw_primary: start Codec PCM Downlink
05-27 14:36:42.460   152   429 V AudioPolicyManagerBase: releaseOutput() 2
05-27 14:36:42.460   770   777 I keyguardview: TID:777 .../KeyguardViewService.cpp:801:	KeyguardViewService::hide
05-27 14:36:42.470   768   970 I ams     : TID:970 .../ActivityManagerService.cpp:16282:	Broadcast: Intent { act=android.intent.action.keyguard_not_showing } ordered=false, callerApp=ProcessRecord{-1215508720 pid=768/tid=-1/ProcessName=system/uid=1000, callerPackage=android, resolvedType=NULL, resultTo=0x0(0x0), userId=0 (from: pid=768, uid=1000)
05-27 14:36:42.470   152   443 V audio_hw_primary: select_output_device adev->mode=0x0, headset_on=0x0,headphone_on=0x0,speaker_on=0x2,earpiece_on=0x0,bt_on=0x0
05-27 14:36:42.470   768   970 I ams     : TID:970 .../ActivityManagerService.cpp:16209:	Set to newReceivers
05-27 14:36:42.470   768   970 I ams     : TID:970 .../ActivityManagerService.cpp:16256:	Leave AMS::collectReceiverComponents
05-27 14:36:42.470   768   970 I ams     : TID:970 .../ActivityManagerService.cpp:16661:	Collect 0 receivers for (null) typed broadcast
05-27 14:36:42.470   768   970 I ams     : TID:970 .../ActivityManagerService.cpp:16673:	Resolve 0 registered receivers for (null) typed broadcast Intent { act=android.intent.action.keyguard_not_showing }
05-27 14:36:42.470   768   970 I ams     : TID:970 .../ActivityRecord.cpp:1275:	AMS_STATUS>> SCHEDULE_SLEEPING: Process Launcher (uid: 10021) Activity MainPage
05-27 14:36:42.470  1205  1211 D wm_impl : WindowManagerImpl::getDefault()
05-27 14:36:42.470  1205  1211 I app_proc: TID:1211 .../Instrumentation.cpp:1252:	[LIFE_CYCLE] call MainPage ActivityOnRestart
05-27 14:36:42.470  1205  1211 I app_proc: TID:1211 .../Instrumentation.cpp:1255:	[KPI_PATTERN][LIFE_CYCLE] MainPage ActivityOnRestart (0ms)
05-27 14:36:42.470  1205  1211 I app_proc: TID:1211 .../Instrumentation.cpp:1237:	[LIFE_CYCLE] call MainPage ActivityOnStart
05-27 14:36:42.470  1205  1211 I app_proc: TID:1211 .../Instrumentation.cpp:1240:	[KPI_PATTERN][LIFE_CYCLE] MainPage ActivityOnStart (1ms)
05-27 14:36:42.470   768   970 I ams     : TID:970 .../ActivityRecord.cpp:1275:	AMS_STATUS>> SCHEDULE_SLEEPING: Process Settings (uid: 1000) Activity PreferenceSetting
05-27 14:36:42.470   768   970 I ams     : TID:970 .../ActivityRecord.cpp:1275:	AMS_STATUS>> SCHEDULE_SLEEPING: Process Settings (uid: 1000) Activity PreferenceSetting
05-27 14:36:42.470   768   970 I KPI     : KPI_PATTERN = MainPage, KPI_OBJECT = AMS_launch, KPI_TYPE = RELAY, KPI_FLAG = Start New Activity
05-27 14:36:42.470   768   970 I ams     : TID:970 .../ActivityStack.cpp:2443:	Resume running: ActivityRecord{0xb7af3730  userId=0 Launcher/.MainPage}
05-27 14:36:42.470   768   970 I wms_impl: TID:970 .../WindowManagerService.cpp:5064:	token 0xb7b47540 already in reqested state with hiddenRequested False
05-27 14:36:42.470   768   970 I ams     : TID:970 .../ActivityManagerService.cpp:1479:	Putting proc to front: Launcher
05-27 14:36:42.470   768   970 I ams     : TID:970 .../ActivityStack.cpp:2479:	###[navibar]resumeTopActivityLocked naviBarEnable:false###
05-27 14:36:42.470   768   970 I wms_other_nbc: TID:970 .../NavigationBarConfiguration.cpp:90:	###[navibar]strComponent:Launcher/.MainPage isContain:False###
05-27 14:36:42.470   768   970 I wms_impl: TID:970 .../WindowManagerService.cpp:12229:	###[navibar]bIsShowNavigationBar:False###
05-27 14:36:42.470   768   970 I ams     : TID:970 .../ActivityManagerService.cpp:16282:	Broadcast: Intent { act=android.intent.action.UPDATE_NAV_BAR_HEIGHT (has extras) } ordered=false, callerApp=ProcessRecord{-1215508720 pid=768/tid=-1/ProcessName=system/uid=1000, callerPackage=android, resolvedType=NULL, resultTo=0x0(0x0), userId=0 (from: pid=768, uid=1000)
05-27 14:36:42.470   768   970 I ams     : TID:970 .../ActivityManagerService.cpp:16209:	Set to newReceivers
05-27 14:36:42.470   768   970 I ams     : TID:970 .../ActivityManagerService.cpp:16256:	Leave AMS::collectReceiverComponents
05-27 14:36:42.470   768   970 I ams     : TID:970 .../ActivityManagerService.cpp:16661:	Collect 0 receivers for (null) typed broadcast
05-27 14:36:42.470   768   970 I ams     : TID:970 .../ActivityManagerService.cpp:16673:	Resolve 0 registered receivers for (null) typed broadcast Intent { act=android.intent.action.UPDATE_NAV_BAR_HEIGHT (has extras) }
05-27 14:36:42.470   768   970 W wms_impl: TID:970 .../WindowManagerService.cpp:7651:	orientation:1 (dw x dh) = (720 x 1280) (appWidth x appHeight) = (720 x 1280)
05-27 14:36:42.470   768   970 W wms_impl: TID:970 .../WindowManagerService.cpp:7446:	curLayout:36 rotation:0 (dw x dh) = (720 x 1280) (w x h) = (720 x 1280)
05-27 14:36:42.470   768   970 W wms_impl: TID:970 .../WindowManagerService.cpp:7446:	curLayout:268435490 rotation:1 (dw x dh) = (1280 x 720) (w x h) = (1280 x 720)
05-27 14:36:42.470   768   970 W wms_impl: TID:970 .../WindowManagerService.cpp:7446:	curLayout:268435490 rotation:2 (dw x dh) = (720 x 1280) (w x h) = (720 x 1280)
05-27 14:36:42.470   768   970 W wms_impl: TID:970 .../WindowManagerService.cpp:7446:	curLayout:268435490 rotation:3 (dw x dh) = (1280 x 720) (w x h) = (1280 x 720)
05-27 14:36:42.470   768   970 W ams     : TID:970 .../ActivityManagerService.cpp:17498:	[AMS_STATE][CONFIG] Update configuration failed: No config
05-27 14:36:42.470   768   970 I ams     : TID:970 .../ActivityManagerService.cpp:17511:	Config changed=0x0, handles=0x6a3
05-27 14:36:42.470   768   970 I ams     : TID:970 .../ActivityManagerService.cpp:17533:	[AMS_STATE][CONFIG] Consuming time: 0
05-27 14:36:42.470   768   878 I ams     : TID:878 .../ActivityManagerService.cpp:20972:	Kernel timestamp [11735.218]
05-27 14:36:42.470   768   878 I ams     : TID:878 .../ActivityManagerService.cpp:20974:	ActivityManagerService: HANDLE 30 SHOW_COMPAT_MODE_DIALOG_MSG:0 / 0xb7af386c
05-27 14:36:42.470   768   970 I ams     : TID:970 .../ActivityStack.cpp:2560:	scheduleResumeActivity
05-27 14:36:42.470   768   970 I ams     : TID:970 .../ActivityStack.cpp:2570:	AMS_KPI, KPIRELAY MainPage Launch, Activity Switch
05-27 14:36:42.470   768   970 I KPI     : KPI_PATTERN = MainPage, KPI_OBJECT = AMS_launch, KPI_TYPE = RELAY, KPI_FLAG = Activity switch
05-27 14:36:42.470   768   970 I ams     : TID:970 .../ActivityStack.cpp:2586:	AMS_STATUS>> SCHEDULE_RESUME_ACTIVITY: Process Launcher (uid: 10021) Activity MainPage
05-27 14:36:42.480  1205  1211 I activity_thread: TID:1211 .../ActivityThread.cpp:5959:	[LIFESTATE][Activity] onResume (onRestart first if needed): ActivityRecord{0xb756f3a0 token 0xb756d460{Launcher/Launcher.MainPage}}
05-27 14:36:42.480  1205  1211 I activity_thread: TID:1211 .../ActivityThread.cpp:5962:	Uptime: 11735.224
05-27 14:36:42.480  1205  1211 I app_proc: TID:1211 .../Instrumentation.cpp:1267:	[LIFE_CYCLE] call MainPage ActivityOnResume
05-27 14:36:42.480  1205  1211 I activity: TID:1211 .../AgentActivity.cpp:216:	AMS_KPI, MainPage->onResume UptimeMillis now = 11735225
05-27 14:36:42.480  1205  1211 I KPI     : KPI_PATTERN = MainPage, KPI_OBJECT = AMS_launch, KPI_TYPE = RELAY, KPI_FLAG = onResume Start
05-27 14:36:42.480  1205  1211 I KPI     : KPI_PATTERN = MainPage, KPI_OBJECT = AMS_launch, KPI_TYPE = RELAY, KPI_FLAG = onResume Stop
05-27 14:36:42.480  1205  1211 I app_proc: TID:1211 .../Instrumentation.cpp:1270:	[KPI_PATTERN][LIFE_CYCLE] MainPage ActivityOnResume (1ms)
05-27 14:36:42.480   768   970 I ams     : TID:970 .../ActivityManagerService.cpp:1385:	Skip setting top: ActivityRecord{0xb7af3730  userId=0 Launcher/.MainPage} was top already
05-27 14:36:42.480  1205  1211 D wm_impl : WindowManagerImpl::updateViewLayout()
05-27 14:36:42.490  1205  1211 D wm_impl : WindowManagerImpl::findViewLocked()
05-27 14:36:42.490  1205  1211 D wm_impl : [findViewLocked] count = 1
05-27 14:36:42.490   770   778 I keyguardview: TID:778 .../KeyguardScreen.cpp:84:	LockScreen.pkg is about to onPause
05-27 14:36:42.490  1205  1211 D wm_impl : [findViewLocked] find view at index = 0
05-27 14:36:42.490   768   970 I wms_impl: TID:970 .../WindowManagerService.cpp:9475:	###mPolicy->allowAppAnimationsLw() is false, set animLp to NULL###
05-27 14:36:42.490   770   778 D graphics: releaseImpl() 0xb7591ff0
05-27 14:36:42.490   770   778 I LockScreen_SlideLockScreen: TID:778 .../fs/jenkins-project/leadcore_app_pisces/sdk/app/LockScreen/src/slide/SlideLockScreen.cpp:28:	Delete mpSlideLockScreenWidget 
05-27 14:36:42.490   770   778 I LockScreen_SlideLockScreenWidget: TID:778 .../fs/jenkins-project/leadcore_app_pisces/sdk/app/LockScreen/src/slide/SlideLockScreenWidget.cpp:80:	Delete mpKeyguardWidgetStateManager 
05-27 14:36:42.490   770   778 D LockScreen_KeyguardWidgetStateManager: TID:778 .../KeyguardWidgetStateManager.cpp:108:	Enter ~KeyguardWidgetStateManager
05-27 14:36:42.490   770   778 I LockScreen_KeyguardWidgetStateManager: TID:778 .../fs/jenkins-project/leadcore_app_pisces/sdk/app/LockScreen/src/slide/KeyguardWidgetStateManager.cpp:114:	Delete mpChargeAnimation 
05-27 14:36:42.490   770   778 I LockScreen_ChargingWidget: TID:778 .../fs/jenkins-project/leadcore_app_pisces/sdk/app/LockScreen/src/slide/ChargingWidget.cpp:104:	Delete mpImage1 
05-27 14:36:42.490   770   778 I LockScreen_ChargingWidget: TID:778 .../fs/jenkins-project/leadcore_app_pisces/sdk/app/LockScreen/src/slide/ChargingWidget.cpp:105:	Delete mpImage2 
05-27 14:36:42.490   770   778 I LockScreen_ChargingWidget: TID:778 .../fs/jenkins-project/leadcore_app_pisces/sdk/app/LockScreen/src/slide/ChargingWidget.cpp:106:	Delete mpTrAnimation1 
05-27 14:36:42.490   770   778 I LockScreen_ChargingWidget: TID:778 .../fs/jenkins-project/leadcore_app_pisces/sdk/app/LockScreen/src/slide/ChargingWidget.cpp:107:	Delete mpTrAnimation2 
05-27 14:36:42.490   770   778 I LockScreen_KeyguardWidgetStateManager: TID:778 .../fs/jenkins-project/leadcore_app_pisces/sdk/app/LockScreen/src/slide/KeyguardWidgetStateManager.cpp:116:	Delete mpTelephonyManager 
05-27 14:36:42.490   770   778 I LockScreen_KeyguardWidgetStateManager: TID:778 .../fs/jenkins-project/leadcore_app_pisces/sdk/app/LockScreen/src/slide/KeyguardWidgetStateManager.cpp:117:	Delete mpKeyguardUpdateMonitor 
05-27 14:36:42.490   770   778 I app_proc: TID:778 .../ContextImpl.cpp:1249:	Receiver unregistering: 0xb7683490
05-27 14:36:42.490   770   778 I app_proc: TID:778 .../ContextImpl.cpp:1256:	Receiver unregistered: 0xb7683490
05-27 14:36:42.490   768   959 I ams     : TID:959 .../ActivityManagerService.cpp:16085:	START Unregister receiver: 0xb7ca11b8(0xb7be6998)
05-27 14:36:42.490   768   970 I ams     : TID:970 .../ActivityStack.cpp:2638:	Resumed activity; didn't need icicle of: Launcher
05-27 14:36:42.490   768   959 I ams     : TID:959 .../ActivityManagerService.cpp:16121:	SUCCESS Unregister receiver: 0xb7ca11b8(0xb7be6998)
05-27 14:36:42.490   770   778 I LockScreen_KeyguardWidgetStateManager: TID:778 .../fs/jenkins-project/leadcore_app_pisces/sdk/app/LockScreen/src/slide/KeyguardWidgetStateManager.cpp:118:	Delete mpSystemSettings 
05-27 14:36:42.490   770   778 I LockScreen_KeyguardWidgetStateManager: TID:778 .../fs/jenkins-project/leadcore_app_pisces/sdk/app/LockScreen/src/slide/KeyguardWidgetStateManager.cpp:119:	Delete mpRes 
05-27 14:36:42.490   770   778 D LockScreen_KeyguardWidgetStateManager: TID:778 .../KeyguardWidgetStateManager.cpp:108:	Leave ~KeyguardWidgetStateManager
05-27 14:36:42.490   770   778 I LockScreen_SlideLockScreenWidget: TID:778 .../fs/jenkins-project/leadcore_app_pisces/sdk/app/LockScreen/src/slide/SlideLockScreenWidget.cpp:81:	Delete mpShortCutTouchListener 
05-27 14:36:42.490   770   778 I LockScreen_ShortCutTouchListener: TID:778 .../fs/jenkins-project/leadcore_app_pisces/sdk/app/LockScreen/src/slide/ShortCutTouchListener.cpp:87:	Delete mpRes 
05-27 14:36:42.490   770   778 I LockScreen_ShortCutTouchListener: TID:778 .../fs/jenkins-project/leadcore_app_pisces/sdk/app/LockScreen/src/slide/ShortCutTouchListener.cpp:109:	Delete pCompDeleted 
05-27 14:36:42.490   770   778 I LockScreen_ShortCutTouchListener: TID:778 .../fs/jenkins-project/leadcore_app_pisces/sdk/app/LockScreen/src/slide/ShortCutTouchListener.cpp:109:	Delete pCompDeleted 
05-27 14:36:42.500   770   778 I LockScreen_ShortCutTouchListener: TID:778 .../fs/jenkins-project/leadcore_app_pisces/sdk/app/LockScreen/src/slide/ShortCutTouchListener.cpp:109:	Delete pCompDeleted 
05-27 14:36:42.500   770   778 I LockScreen_ShortCutTouchListener: TID:778 .../fs/jenkins-project/leadcore_app_pisces/sdk/app/LockScreen/src/slide/ShortCutTouchListener.cpp:109:	Delete pCompDeleted 
05-27 14:36:42.500   770   778 I LockScreen_SlideLockScreenWidget: TID:778 .../fs/jenkins-project/leadcore_app_pisces/sdk/app/LockScreen/src/slide/SlideLockScreenWidget.cpp:82:	Delete mpGlowPadWidget 
05-27 14:36:42.500   770   778 I LockScreen_GlowPadWidget: TID:778 .../fs/jenkins-project/leadcore_app_pisces/sdk/app/LockScreen/src/slide/GlowPadWidget.cpp:62:	Delete mpRes 
05-27 14:36:42.500   770   778 I app_proc: TID:778 .../ContextImpl.cpp:1249:	Receiver unregistering: 0xb777d6b0
05-27 14:36:42.500   770   778 I app_proc: TID:778 .../ContextImpl.cpp:1256:	Receiver unregistered: 0xb777d6b0
05-27 14:36:42.500   768  1209 I ams     : TID:1209 .../ActivityManagerService.cpp:16085:	START Unregister receiver: 0xb7b704a0(0xb7be6998)
05-27 14:36:42.500   768  1209 I ams     : TID:1209 .../ActivityManagerService.cpp:16121:	SUCCESS Unregister receiver: 0xb7b704a0(0xb7be6998)
05-27 14:36:42.500   770   778 I LockScreen_SlideLockScreenWidget: TID:778 .../fs/jenkins-project/leadcore_app_pisces/sdk/app/LockScreen/src/slide/SlideLockScreenWidget.cpp:84:	Delete mpSlideHandle 
05-27 14:36:42.500   770   778 I LockScreen_SlideLockScreenWidget: TID:778 .../fs/jenkins-project/leadcore_app_pisces/sdk/app/LockScreen/src/slide/SlideLockScreenWidget.cpp:146:	Delete mpLockPatternUtils 
05-27 14:36:42.500   770   778 I LockScreen_SlideLockScreenWidget: TID:778 .../fs/jenkins-project/leadcore_app_pisces/sdk/app/LockScreen/src/slide/SlideLockScreenWidget.cpp:147:	Delete mpPageName 
05-27 14:36:42.500   770   778 I LockScreen_SlideLockScreenWidget: TID:778 .../fs/jenkins-project/leadcore_app_pisces/sdk/app/LockScreen/src/slide/SlideLockScreenWidget.cpp:85:	Delete mpInflater 
05-27 14:36:42.500   770   778 I LockScreen_SlideLockScreenWidget: TID:778 .../fs/jenkins-project/leadcore_app_pisces/sdk/app/LockScreen/src/slide/SlideLockScreenWidget.cpp:86:	Delete mpRes 
05-27 14:36:42.500   770   778 I LockScreen_SlideLockScreenWidget: TID:778 .../fs/jenkins-project/leadcore_app_pisces/sdk/app/LockScreen/src/slide/SlideLockScreenWidget.cpp:87:	Delete mpMusicWidget 
05-27 14:36:42.500   770   778 D LockScreen_Music_MusicWidget: TID:778 .../MusicWidget.cpp:61:	Enter ~MusicWidget
05-27 14:36:42.500   770   778 I LockScreen_Music_MusicWidget: TID:778 .../fs/jenkins-project/leadcore_app_pisces/sdk/app/LockScreen/src/slide/music/MusicWidget.cpp:62:	Delete mpConn 
05-27 14:36:42.500   770   778 I delegate: TID:778 ...sdk/wrapper/core/app/DelegateConnection.cpp:18:	~DelegateConnection 0xb75797f0
05-27 14:36:42.500   770   778 I service : TID:778 .../ServiceConnectionProxy.cpp:62:	~ServiceConnectionProxy, mpConnection addr = 0xb767fe10
05-27 14:36:42.500   770   778 I delegate: TID:778 ...sdk/wrapper/core/app/DelegateConnectionStub.cpp:39:	~DelegateConnectionStub 0xb757a2a0
05-27 14:36:42.500   770   778 I LockScreen_Music_MusicWidget: TID:778 .../fs/jenkins-project/leadcore_app_pisces/sdk/app/LockScreen/src/slide/music/MusicWidget.cpp:63:	Delete mpMusicUpdateMonitorr 
05-27 14:36:42.500   770   778 I app_proc: TID:778 .../ContextImpl.cpp:1249:	Receiver unregistering: 0xb757b7f8
05-27 14:36:42.500   770   778 I app_proc: TID:778 .../ContextImpl.cpp:1256:	Receiver unregistered: 0xb757b7f8
05-27 14:36:42.500   768  1050 I ams     : TID:1050 .../ActivityManagerService.cpp:16085:	START Unregister receiver: 0xb7b99ca8(0xb7be6998)
05-27 14:36:42.500   768  1050 I ams     : TID:1050 .../ActivityManagerService.cpp:16121:	SUCCESS Unregister receiver: 0xb7b99ca8(0xb7be6998)
05-27 14:36:42.500   770   778 I LockScreen_Music_MusicWidget: TID:778 .../fs/jenkins-project/leadcore_app_pisces/sdk/app/LockScreen/src/slide/music/MusicWidget.cpp:64:	Delete mpRes 
05-27 14:36:42.500   770   778 I LockScreen_Music_MusicWidget: TID:778 .../fs/jenkins-project/leadcore_app_pisces/sdk/app/LockScreen/src/slide/music/MusicWidget.cpp:65:	Delete mpAudioControl 
05-27 14:36:42.500   770   778 I Audiof  : TID:778 .../GAudioManager.cpp:162:	GAudioManager destructor
05-27 14:36:42.500   770   778 I LockScreen_Music_MusicWidget: TID:778 .../fs/jenkins-project/leadcore_app_pisces/sdk/app/LockScreen/src/slide/music/MusicWidget.cpp:66:	Delete mpAppPref 
05-27 14:36:42.500   770   778 D LockScreen_Music_MusicWidget: TID:778 .../MusicWidget.cpp:61:	Leave ~MusicWidget
05-27 14:36:42.500   770   778 I LockScreen_SlideLockScreenWidget: TID:778 .../fs/jenkins-project/leadcore_app_pisces/sdk/app/LockScreen/src/slide/SlideLockScreenWidget.cpp:88:	Delete mpRecordWidget 
05-27 14:36:42.500   770   778 D LockScreen_RecordWidget: TID:778 .../RecordWidget.cpp:68:	Enter ~RecordWidget
05-27 14:36:42.500   770   778 I LockScreen_RecordWidget: TID:778 .../fs/jenkins-project/leadcore_app_pisces/sdk/app/LockScreen/src/slide/record/RecordWidget.cpp:69:	Delete mpRes 
05-27 14:36:42.500   770   778 I LockScreen_RecordWidget: TID:778 .../fs/jenkins-project/leadcore_app_pisces/sdk/app/LockScreen/src/slide/record/RecordWidget.cpp:70:	Delete mpConn 
05-27 14:36:42.500   770   778 I delegate: TID:778 ...sdk/wrapper/core/app/DelegateConnection.cpp:18:	~DelegateConnection 0xb757c1c8
05-27 14:36:42.500   770   778 I service : TID:778 .../ServiceConnectionProxy.cpp:62:	~ServiceConnectionProxy, mpConnection addr = 0xb757ca80
05-27 14:36:42.500   770   778 I delegate: TID:778 ...sdk/wrapper/core/app/DelegateConnectionStub.cpp:39:	~DelegateConnectionStub 0xb757cc98
05-27 14:36:42.500   770   778 I LockScreen_RecordWidget: TID:778 .../fs/jenkins-project/leadcore_app_pisces/sdk/app/LockScreen/src/slide/record/RecordWidget.cpp:71:	Delete mpSpectrumWidget 
05-27 14:36:42.500   770   778 I SpectrumWidget: TID:778 .../fs/jenkins-project/leadcore_app_pisces/sdk/app/LockScreen/src/slide/record/SpectrumWidget.cpp:62:	Delete mpRes 
05-27 14:36:42.500   770   778 I app_proc: TID:778 .../ContextImpl.cpp:1249:	Receiver unregistering: 0xb757f668
05-27 14:36:42.500   770   778 I app_proc: TID:778 .../ContextImpl.cpp:1256:	Receiver unregistered: 0xb757f668
05-27 14:36:42.500   768  1215 I ams     : TID:1215 .../ActivityManagerService.cpp:16085:	START Unregister receiver: 0xb7ca2798(0xb7be6998)
05-27 14:36:42.500   768  1215 I ams     : TID:1215 .../ActivityManagerService.cpp:16121:	SUCCESS Unregister receiver: 0xb7ca2798(0xb7be6998)
05-27 14:36:42.500   770   778 I LockScreen_RecordWidget: TID:778 .../fs/jenkins-project/leadcore_app_pisces/sdk/app/LockScreen/src/slide/record/RecordWidget.cpp:73:	Delete mpSubscriber 
05-27 14:36:42.500   770   778 D LockScreen_RecordWidget: TID:778 .../RecordWidget.cpp:68:	Leave ~RecordWidget
05-27 14:36:42.500   770   778 W ComponentLoader: TID:778 ...sdk/wrapper/core/ComponentLoader.cpp:177:	Skip increasing refcount due to memory detection
05-27 14:36:42.500   770   778 I keyguardview: TID:778 .../KeyguardScreenStub.cpp:113:	ComponentLoader unloads "/data/data/LockScreen/lib"
05-27 14:36:42.500   772   848 I statusbar: TID:848 .../SystemUIControl.cpp:334:	STATUSBAR_DISABLE
05-27 14:36:42.500   772   848 I statusbar: TID:848 .../SystemUIControl.cpp:344:	OOBE setting finished call disable ok
05-27 14:36:42.500   772   848 I statusbar: TID:848 .../PhoneStatusBar.cpp:1420:	call do_disable state = 0
05-27 14:36:42.500   772   848 I statusbar: TID:848 .../PhoneStatusBarUIProxy.cpp:207:	getApiVersion is 12, using normal so
05-27 14:36:42.500   768   970 I ams     : TID:970 .../ActivityManagerService.cpp:16282:	Broadcast: Intent { act=android.intent.action.USER_PRESENT flg=536870912 } ordered=false, callerApp=ProcessRecord{-1215508720 pid=768/tid=-1/ProcessName=system/uid=1000, callerPackage=android, resolvedType=NULL, resultTo=0x0(0x0), userId=0 (from: pid=768, uid=1000)
05-27 14:36:42.500   768   970 I ams     : TID:970 .../ActivityManagerService.cpp:16209:	Set to newReceivers
05-27 14:36:42.500   768   970 I ams     : TID:970 .../ActivityManagerService.cpp:16256:	Leave AMS::collectReceiverComponents
05-27 14:36:42.500   768   970 I ams     : TID:970 .../ActivityManagerService.cpp:16661:	Collect 0 receivers for (null) typed broadcast
05-27 14:36:42.500   768   970 I ams     : TID:970 .../ActivityManagerService.cpp:16673:	Resolve 3 registered receivers for (null) typed broadcast Intent { act=android.intent.action.USER_PRESENT flg=536870912 }
05-27 14:36:42.510   768   970 I ams     : TID:970 .../BroadcastQueue.cpp:142:	Enqueue non-ordered broadcast: BroadcastRecord(0xb7c2dbc0) has 3 receivers for Intent { act=android.intent.action.USER_PRESENT flg=536870912 }
05-27 14:36:42.510   768   878 I ams     : TID:878 .../BroadcastQueue.cpp:643:	processNextBroadcast [background]from Msg: 1 broadcasts, 0 ordered broadcasts
05-27 14:36:42.510   768   878 I ams     : TID:878 .../BroadcastQueue.cpp:494:	AMS_STATUS>> SCHEDULE_REGISTER_RECEIVER: Process system (pid:768, uid: 1000), Receiver 0xb7a91574(0xb7a91568), Non-ordered broadcast, Intent { act=android.intent.action.USER_PRESENT flg=536870912 }
05-27 14:36:42.510   768   878 I activity_thread: TID:878 .../ActivityThread.cpp:3037:	scheduleRegisteredReceiver: receiver=0xb7a91574, Intent=Intent { act=android.intent.action.USER_PRESENT flg=536870912 }, resultCode=-1, dataStr=NULL, ordered=false, sticky=false
05-27 14:36:42.510   768   878 I ams     : TID:878 .../BroadcastQueue.cpp:611:	performReceive of BroadcastRecord{0xb7c2dbc0 u0 android.intent.action.USER_PRESENT}(1 millis)
05-27 14:36:42.510   770   778 I [Gralloc]: gralloc_unregister_buffer line 260 size3571712 base0xa8d43000 phys_addr0 share_fd31 usage0x900 ion_hnd_debug0x1
05-27 14:36:42.510   770   778 I [Gralloc]: gralloc_unregister_buffer line 260 size3571712 base0xa9614000 phys_addr0 share_fd33 usage0x900 ion_hnd_debug0x2
05-27 14:36:42.510   770   778 I [Gralloc]: gralloc_unregister_buffer line 260 size3571712 base0xa88fa000 phys_addr0 share_fd34 usage0x900 ion_hnd_debug0x5
05-27 14:36:42.510   768   878 I ams     : TID:878 .../BroadcastQueue.cpp:494:	AMS_STATUS>> SCHEDULE_REGISTER_RECEIVER: Process system/bin/systemuid (pid:772, uid: 1000), Receiver 0xb7ae33e0(0xb7a74630), Non-ordered broadcast, Intent { act=android.intent.action.USER_PRESENT flg=536870912 }
05-27 14:36:42.510   768   878 I ams     : TID:878 .../BroadcastQueue.cpp:611:	performReceive of BroadcastRecord{0xb7c2dbc0 u0 android.intent.action.USER_PRESENT}(2 millis)
05-27 14:36:42.510   143  1461 I gralloc_mali: alloc_device_free: free phys_addr = 0x00000000, ion_hnd_debug = 1
05-27 14:36:42.510   772   852 I activity_thread: TID:852 .../ActivityThread.cpp:3037:	scheduleRegisteredReceiver: receiver=0xb75d008c, Intent=Intent { act=android.intent.action.USER_PRESENT flg=536870912 }, resultCode=-1, dataStr=NULL, ordered=false, sticky=false
05-27 14:36:42.510   772   848 I activity_thread: TID:848 .../ActivityThread.cpp:1514:	LIFESTAT onReceive: 0xb75dd350
05-27 14:36:42.510   768   878 I ams     : TID:878 .../BroadcastQueue.cpp:494:	AMS_STATUS>> SCHEDULE_REGISTER_RECEIVER: Process gaia.process.media (pid:1235, uid: 1013), Receiver 0xb7bb9150(0xb7a64898), Non-ordered broadcast, Intent { act=android.intent.action.USER_PRESENT flg=536870912 }
05-27 14:36:42.510   772   848 D DashBoard_StatusBarScreenStateModel: TID:848 .../StatusBarScreenStateModel.cpp:40:	Enter onReceive
05-27 14:36:42.510  1235  1235 I activity_thread: TID:1235 .../ActivityThread.cpp:3037:	scheduleRegisteredReceiver: receiver=0xb76a6964, Intent=Intent { act=android.intent.action.USER_PRESENT flg=536870912 }, resultCode=-1, dataStr=NULL, ordered=false, sticky=false
05-27 14:36:42.510  1235  1244 I activity_thread: TID:1244 .../ActivityThread.cpp:1514:	LIFESTAT onReceive: 0xb7761810
05-27 14:36:42.510   768   878 I ams     : TID:878 .../BroadcastQueue.cpp:611:	performReceive of BroadcastRecord{0xb7c2dbc0 u0 android.intent.action.USER_PRESENT}(1 millis)
05-27 14:36:42.510   768   878 I ams     : TID:878 .../BroadcastQueue.cpp:728:	No more ordered Broadcasts pending, so all done!
05-27 14:36:42.510   768   878 I activity_thread: TID:878 .../ActivityThread.cpp:1514:	LIFESTAT onReceive: 0xb78b0c28
05-27 14:36:42.510   772   848 D DashBoard_StatusBarScreenStateModel: TID:848 .../fs/jenkins-project/leadcore_app_pisces/sdk/app/StatusBar/src/statusbar/screenstate/StatusBarScreenStateModel.cpp:43:	StatusBarScreenStateModel::onReceive action[android.intent.action.USER_PRESENT]
05-27 14:36:42.510   772   848 D DashBoard_StatusBarScreenStateModel: TID:848 .../StatusBarScreenStateModel.cpp:40:	Leave onReceive
05-27 14:36:42.510   152   443 V audio_hw_primary: start_output_stream_deep_buffer success
05-27 14:36:42.510   772   848 D DashBoard_StatusBarWidget: TID:848 .../StatusBarWidget.cpp:262:	Enter onUpdate
05-27 14:36:42.510   772   848 D DashBoard_StatusBarWidget: TID:848 .../StatusBarWidget.cpp:262:	Leave onUpdate
05-27 14:36:42.510  1205  1211 I [Gralloc]: gralloc_unregister_buffer line 260 size3686400 base0xa8abd000 phys_addr0 share_fd29 usage0x900 ion_hnd_debug0x3
05-27 14:36:42.510   772   848 D DashBoard_StatusBarNotificationWidget: TID:848 .../StatusBarNotificationWidget.cpp:127:	Enter onUpdate
05-27 14:36:42.510  1205  1211 I [Gralloc]: gralloc_unregister_buffer line 260 size3686400 base0xa852b000 phys_addr0 share_fd31 usage0x900 ion_hnd_debug0x4
05-27 14:36:42.510  1205  1211 I [Gralloc]: gralloc_unregister_buffer line 260 size3686400 base0xa81a7000 phys_addr0 share_fd32 usage0x900 ion_hnd_debug0x8
05-27 14:36:42.520   143   390 I gralloc_mali: alloc_device_free: free phys_addr = 0x00000000, ion_hnd_debug = 8
05-27 14:36:42.520   772   848 D DashBoard_StatusBarNotificationWidget: TID:848 .../StatusBarNotificationWidget.cpp:127:	Leave onUpdate
05-27 14:36:42.520   772   848 D DashBoard_StatusBarTimeWidget: TID:848 .../StatusBarTimeWidget.cpp:90:	Enter onUpdate
05-27 14:36:42.520   143   390 I gralloc_mali: alloc_device_free: gc_gralloc_unwrap, vaddr = 0xb1e5c000, err = 0
05-27 14:36:42.520   143  1461 I gralloc_mali: alloc_device_free: gc_gralloc_unwrap, vaddr = 0xb3216000, err = 0
05-27 14:36:42.520   772   848 D DashBoard_StatusBarTimeWidget: TID:848 .../StatusBarTimeWidget.cpp:90:	Leave onUpdate
05-27 14:36:42.520   143   390 I gralloc_mali: alloc_device_free: free phys_addr = 0x00000000, ion_hnd_debug = 3
05-27 14:36:42.520   143  1461 I gralloc_mali: alloc_device_free: free phys_addr = 0x00000000, ion_hnd_debug = 2
05-27 14:36:42.520   143   390 I gralloc_mali: alloc_device_free: gc_gralloc_unwrap, vaddr = 0xb16ec000, err = 0
05-27 14:36:42.520   143  1461 I gralloc_mali: alloc_device_free: gc_gralloc_unwrap, vaddr = 0xb2e32000, err = 0
05-27 14:36:42.520   768  1210 I wms_anim_wsa: TID:1210 .../WindowStateAnimator.cpp:1452:	applyAnimationLocked: (Keyguard) mNextAppTransitionPackage = (null), transit = 8194, isEntrance = False
05-27 14:36:42.520   768  1210 I wms_impl: TID:1210 .../WindowManagerService.cpp:10509:	Changing focus from (Keyguard) to (Launcher/Launcher.MainPage)
05-27 14:36:42.520   768  1210 I wms_impl: TID:1210 .../WindowManagerService.cpp:10520:	WMS: new focus window (Launcher/Launcher.MainPage)
05-27 14:36:42.520   768  1210 I wms_impl: TID:1210 .../WindowManagerService.cpp:10621:	#####[updateSystemUiBackground] Launcher/Launcher.MainPage for specialSystemUiRequirement 0x0 #####
05-27 14:36:42.520   768   970 I statusbar: TID:970 .../StatusBarManagerService.cpp:606:	vis is the same with mSystemUiVisibility
05-27 14:36:42.520   768   872 I statusbar: TID:872 .../StatusBarManagerService.cpp:826:	mNavigationBar is NULL
05-27 14:36:42.520  1205  1211 I opengl_egl_impl: TID:1211 .../EGLImpl.cpp:353:	Create Surface
05-27 14:36:42.520   772   772 I statusbar: TID:772 .../PhoneStatusBar.cpp:704:	case is General app or recent app
05-27 14:36:42.530  1205  1211 D mali_winsys: new_window_surface returns 0x3000
05-27 14:36:42.530   143   851 I gralloc_mali: alloc_device_alloc: prepare to alloc buffer, [720 x 1280(1280)], size = 3686400, format = 1, usage = 0x900 
05-27 14:36:42.530   772   848 I TextLayoutCache: Adding Cache: SUCCESS, key:0xaa630b54, value:0xb78c6968
05-27 14:36:42.540   143   851 I gralloc_mali: alloc_device_alloc, gc_gralloc_wrap succeed, phys = 0xffffffff, vaddr = 0xb31fa000, i = 63 
05-27 14:36:42.540   143   851 I gralloc_mali: alloc_device_alloc: alloc phys_addr = 0x00000000, ion_hnd_debug = 1
05-27 14:36:42.540  1205  1211 I [Gralloc]: gralloc_register_buffer line 205 size3686400 base0xa8abd000 phys_addr0 share_fd29 usage0x900 ion_hnd_debug0x1
05-27 14:36:42.540   772   848 I statusbar: TID:848 .../SystemUIControl.cpp:436:	STATUSBAR_UPDATESTATUSBARBACKGROUND
05-27 14:36:42.540   772   848 I statusbar: TID:848 .../PhoneStatusBarUIProxy.cpp:292:	getApiVersion is 12, using normal so
05-27 14:36:42.540   143   390 I gralloc_mali: alloc_device_alloc: prepare to alloc buffer, [720 x 1280(1280)], size = 3686400, format = 1, usage = 0x900 
05-27 14:36:42.540   143   143 I gralloc_mali: alloc_device_free: free phys_addr = 0x00000000, ion_hnd_debug = 4
05-27 14:36:42.550   143   143 I gralloc_mali: alloc_device_free: gc_gralloc_unwrap, vaddr = 0xb1368000, err = 0
05-27 14:36:42.550   143   390 I gralloc_mali: alloc_device_alloc, gc_gralloc_wrap succeed, phys = 0xffffffff, vaddr = 0xb1e5c000, i = 64 
05-27 14:36:42.550   143   390 I gralloc_mali: alloc_device_alloc: alloc phys_addr = 0x00000000, ion_hnd_debug = 2
05-27 14:36:42.550  1205  1211 I [Gralloc]: gralloc_register_buffer line 205 size3686400 base0xa852b000 phys_addr0 share_fd31 usage0x900 ion_hnd_debug0x2
05-27 14:36:42.560  1205  1211 I imm     : TID:1211 .../InputMethodManager.cpp:959:	Before onCreateInputConnection() view 0xb75b5760 is gaia::PhoneWindow::DecorView
05-27 14:36:42.560  1205  1211 I view_new: TID:1211 .../View.cpp:7327:	start View::onCreateInputConnection 0xb75b5760 is gaia::PhoneWindow::DecorView
05-27 14:36:42.560  1205  1211 I imm     : TID:1211 .../InputMethodManager.cpp:968:	After onCreateInputConnection() ic is NULL
05-27 14:36:42.560   768  1199 W imms    : TID:1199 .../InputMethodManagerService.cpp:2166:	Window already focused, ignoring focus gain of: client=0xb74c33b0 attribute=0xb7aed860
05-27 14:36:42.560   768  1199 I imms    : TID:1199 .../InputMethodManagerService.cpp:2766:	MSG_START_INPUT: IInputContext=0x0
05-27 14:36:42.560   768   873 I ams     : TID:873 .../ActivityRecord.cpp:974:	Ticking: this(0xb7af3730)
05-27 14:36:42.560   768   873 I ams     : TID:873 .../ActivityRecord.cpp:975:	Ticking: stack(0xb7582750)
05-27 14:36:42.560   768   873 I ams     : TID:873 .../ActivityRecord.cpp:976:	Ticking: mHandler(0xb7582390)
05-27 14:36:42.560   768   873 I ams     : TID:873 .../ActivityStack.cpp:5042:	SmartMode disable processStoppingActivitiesLocked
05-27 14:36:42.560   143   143 I gralloc_mali: alloc_device_free: free phys_addr = 0x00000000, ion_hnd_debug = 5
05-27 14:36:42.560   143   143 I gralloc_mali: alloc_device_free: gc_gralloc_unwrap, vaddr = 0xb2aca000, err = 0
05-27 14:36:42.690   152   429 V AudioPolicyManagerBase: stopOutput() output 2, stream 1, session 15
05-27 14:36:42.690   152   429 V AudioPolicyManagerBase: changeRefCount() stream 1, count 0
05-27 14:36:42.690   152   429 V AudioPolicyManagerBase: getNewDevice() selected device 0
05-27 14:36:42.690   152   429 V AudioPolicyManagerBase: setOutputDevice() output 2 device 0000 delayMs 190
05-27 14:36:42.690   152   429 V AudioPolicyManagerBase: setOutputDevice() prevDevice 0002
05-27 14:36:42.690   152   429 V AudioPolicyManagerBase: getDeviceForStrategy() strategy 0, device 2
05-27 14:36:42.690   152   429 V AudioPolicyManagerBase: getDeviceForStrategy() strategy 1, device 1
05-27 14:36:42.690   152   429 V AudioPolicyManagerBase: getDeviceForStrategy() strategy 2, device 2
05-27 14:36:42.690   152   429 V AudioPolicyManagerBase: getDeviceForStrategy() strategy 2, device 2
05-27 14:36:42.690   152   429 V AudioPolicyManagerBase: getDeviceForStrategy() strategy 3, device 2
05-27 14:36:42.690   152   429 V AudioPolicyManagerBase: getDeviceForStrategy() strategy 0, device 2
05-27 14:36:42.690   152   429 V AudioPolicyManagerBase: getDeviceForStrategy() strategy 4, device 2
05-27 14:36:42.690   152   429 V AudioPolicyManagerBase: getDeviceForStrategy() strategy 5, device 2
05-27 14:36:42.690   152   429 V AudioPolicyManagerBase: setOutputDevice() setting same device 0000 or null device for output 2
05-27 14:36:42.840   768  1220 I ams     : TID:1220 .../ActivityManagerService.cpp:16282:	Broadcast sticky: Intent { act=android.intent.action.SIG_STR flg=536870912 (has extras) } ordered=false, callerApp=ProcessRecord{-1215508720 pid=768/tid=-1/ProcessName=system/uid=1000, callerPackage=android, resolvedType=NULL, resultTo=0x0(0x0), userId=0 (from: pid=1195, uid=1001)
05-27 14:36:42.840   768  1220 I ams     : TID:1220 .../ActivityManagerService.cpp:16209:	Set to newReceivers
05-27 14:36:42.840   768  1220 I ams     : TID:1220 .../ActivityManagerService.cpp:16256:	Leave AMS::collectReceiverComponents
05-27 14:36:42.840   768  1220 I ams     : TID:1220 .../ActivityManagerService.cpp:16661:	Collect 0 receivers for (null) typed broadcast
05-27 14:36:42.840   768  1220 I ams     : TID:1220 .../ActivityManagerService.cpp:16673:	Resolve 0 registered receivers for (null) typed broadcast Intent { act=android.intent.action.SIG_STR flg=536870912 (has extras) }
05-27 14:36:43.500   152  1421 I AudioFlinger: setAppName(), name=[system/bin/gaiad], active=[0]
05-27 14:36:44.890   143  1461 I gralloc_mali: alloc_device_alloc: prepare to alloc buffer, [720 x 1280(1280)], size = 3686400, format = 1, usage = 0x900 
05-27 14:36:44.910   143  1461 I gralloc_mali: alloc_device_alloc, gc_gralloc_wrap succeed, phys = 0xffffffff, vaddr = 0xb2e16000, i = 65 
05-27 14:36:44.910   143  1461 I gralloc_mali: alloc_device_alloc: alloc phys_addr = 0x00000000, ion_hnd_debug = 3
05-27 14:36:44.910  1205  1211 I [Gralloc]: gralloc_register_buffer line 205 size3686400 base0xa81a7000 phys_addr0 share_fd32 usage0x900 ion_hnd_debug0x3
05-27 14:36:45.570   152   443 V audio_hw_primary: do_output_standby
05-27 14:36:45.630   143   424 I gralloc_mali: fb_post line 214 FBIOPUT_VSCREENINFO buffer 0xb9031ad0 blocktime=98ms now=11738379ms lasttime=110 tid=424
05-27 14:36:46.370   768  1227 I IContentProvider: TID:1227 .../IContentProvider.cpp:758:	modify case CALL_TRANSACTION: (myUid,myPid):(0,768),(CallingUid,CallingPid):(10021,1205)
05-27 14:36:46.380   768   954 I ams     : TID:954 .../ActivityManagerService.cpp:2542:	AMS_KPI, startActivity UptimeMillis now = 11739124
05-27 14:36:46.380   768   954 I ams     : TID:954 .../ActivityManagerService.cpp:2551:	AMS_KPI, KPISTART FingerprintExample launch (startActivity UptimeMillis now = 11739124)
05-27 14:36:46.380   768   954 I appwidget: TID:954 .../AppWidgetService.cpp:524:	AppWidgetService::setUpdateFlag UFlag=0
05-27 14:36:46.390   768   954 I app_proc: TID:954 .../ContextImpl.cpp:4189:	to find resource name "{sp<ResourceName> fingerprintExample / 2130968576}" in sStringCache 
05-27 14:36:46.390   768   954 I app_proc: TID:954 .../ContextImpl.cpp:4169:	packageName "fingerprintExample" hashCode -2011711514
05-27 14:36:46.390   768   954 I app_proc: TID:954 .../ContextImpl.cpp:4205:	sStringCache with no resource name "{sp<ResourceName> fingerprintExample / 2130968576}"
05-27 14:36:46.390   768   954 I app_proc: TID:954 .../ContextImpl.cpp:4169:	packageName "fingerprintExample" hashCode -2011711514
05-27 14:36:46.390   768   954 I app_proc: TID:954 .../ContextImpl.cpp:4169:	packageName "fingerprintExample" hashCode -2011711514
05-27 14:36:46.400   768   954 I app_proc: TID:954 .../ContextImpl.cpp:4224:	put resource name "{sp<ResourceName> fingerprintExample / 2130968576}" with chars "Fingerprint Example" in sStringCache
05-27 14:36:46.400   768   954 W resource: TID:954 .../Resources.cpp:201:	 
05-27 14:36:46.400   768   954 W resource: TID:954 .../Resources.cpp:202:	~Resources 0xb7c4b748
05-27 14:36:46.400   768   954 I AppGuard: TID:954 .../AppGuard.cpp:469:	startActivity: Fingerprint Example fingerprintExample
05-27 14:36:46.400   768   954 I ams     : TID:954 .../ActivityStack.cpp:4421:	startActivity: FingerprintExample
05-27 14:36:46.400   768   954 I KPI     : KPI_PATTERN = FingerprintExample, KPI_OBJECT = AMS_launch, KPI_TYPE = START
05-27 14:36:46.410   768   954 I ams     : TID:954 .../ActivityStack.cpp:3469:	START user: 0 { act=android.intent.action.MAIN cat=[android.intent.category.LAUNCHER] flg=270532608 cmp=fingerprintExample/.FingerprintExample} from pid 1205
05-27 14:36:46.410   768   954 I app_proc: packageInfo :0xb7c52768, getStrongCount() :2
05-27 14:36:46.410   768   954 I app_proc: mResources :0xb7c4b748, getStrongCount() :2
05-27 14:36:46.410   768   954 I app_proc: container :0xb726b0e0, getStrongCount() :9
05-27 14:36:46.410   768   954 I app_proc: mResources :0xb7c4b748, getStrongCount() :2
05-27 14:36:46.410   768   954 I app_proc: TID:954 .../ContextImpl.cpp:2575:	mAppearanceMode: 0, mode: 0
05-27 14:36:46.410   768   954 I app_proc: TID:954 .../ContextImpl.cpp:2591:	Theme type: 0x20d0000
05-27 14:36:46.410   768   954 I ams     : TID:954 .../ActivityManagerService.cpp:7029:	data == NULL && clip == NULL
05-27 14:36:46.410   768   954 I wms_impl: TID:954 .../WindowManagerService.cpp:3915:	addAppToken: addPos = 3, (fingerprintExample/FingerprintExample), groupId = 4, requestedOrientation = -1, fullscreen = True
05-27 14:36:46.410   768   954 I wms_core_awt: TID:954 .../AppWindowToken.cpp:83:	AppWindowToken(Package: fingerprintExample, Class: FingerprintExample) instance
05-27 14:36:46.410   768   954 I wms_anim_awa: TID:954 .../AppWindowAnimator.cpp:75:	AppWindowAnimator instance 0xb7a83200
05-27 14:36:46.410   768   954 I wms_impl: TID:954 .../WindowManagerService.cpp:3886:	###addAppTokenToAnimating: addPos:3 mAnimatingAppTokens.size():3 mAppTokens.size():4###
05-27 14:36:46.410   768   954 I wms_impl: TID:954 .../WindowManagerService.cpp:3964:	WMS: new app token added (fingerprintExample/FingerprintExample)
05-27 14:36:46.410   768   954 I ams     : TID:954 .../ActivityStack.cpp:6690:	[AMS_STATE][WINDOW] Show starting window for fingerprintExample
05-27 14:36:46.410   768   969 I activity_thread: TID:969 .../ActivityThread.cpp:4113:	Got PackageInfo for fingerprintExample isUptoDate /system/app/FingerprintExample.pkg: 
05-27 14:36:46.410   768   969 I app_proc: packageInfo :0xb7c52768, getStrongCount() :3
05-27 14:36:46.410   768   969 I app_proc: mResources :0xb7c4b748, getStrongCount() :3
05-27 14:36:46.410   768   969 I app_proc: container :0xb726b0e0, getStrongCount() :9
05-27 14:36:46.410   768   969 I app_proc: mResources :0xb7c4b748, getStrongCount() :3
05-27 14:36:46.410   768   969 I app_proc: TID:969 .../ContextImpl.cpp:2575:	mAppearanceMode: 0, mode: 0
05-27 14:36:46.410   768   969 I app_proc: TID:969 .../ContextImpl.cpp:2591:	Theme type: 0x20d0000
05-27 14:36:46.410   768   969 D wm_impl : WindowManagerImpl::getDefault()
05-27 14:36:46.410   768   969 D wm_impl : WindowManagerImpl::getDefault()
05-27 14:36:46.420   768   969 I window_impl: TID:969 .../PhoneWindow.cpp:3045:	specialSystemUiRequirement=0x       0
05-27 14:36:46.420   768   969 I window_impl: TID:969 .../PhoneWindow.cpp:3154:	###time1:0 ms###
05-27 14:36:46.420   768   969 I window_impl: TID:969 .../PhoneWindow.cpp:3166:	fingerprintExample's Starting Window generate decorView
