05-27 14:36:46.810  2724  9585 I imm     : TID:9585 .../InputMethodManager.cpp:959:	Before onCreateInputConnection() view 0xb75a9360 is gaia::EditText
05-27 14:36:46.810  2724  9585 I imm     : TID:9585 .../InputMethodManager.cpp:966:	After onCreateInputConnection() ic 0xb76b2c88 is gaia::EditableInputConnection
05-27 14:36:46.820  1205  1211 I imm     : TID:1211 .../InputMethodManager.cpp:201:	HandleMessage: MSG_SET_ACTIVE active is turning off
05-27 14:36:46.820   768  1050 I imms    : TID:1050 .../InputMethodManagerService.cpp:2766:	MSG_START_INPUT: IInputContext=0xb7c5de38
05-27 14:36:46.820  1177  1183 I ims     : TID:1183 .../InputMethodService.cpp:1781:	Bind input with InputBinding=0xb75bcdc8, InputConnection=0xb75bcd44
05-27 14:36:46.830  2724  9585 I TextLayoutCache: Adding Cache: SUCCESS, key:0xab563a4c, value:0xb76bf3a8
05-27 14:36:46.830  2724  9585 I TextLayoutCache: Adding Cache: SUCCESS, key:0xab5647d4, value:0xb7593ab8
05-27 14:36:46.830  2724  9585 I TextLayoutCache: Adding Cache: SUCCESS, key:0xab5646e4, value:0xb76c3a10
05-27 14:36:46.840  2724  9585 I TextLayoutCache: Adding Cache: SUCCESS, key:0xab5646e4, value:0xb76c32c0
05-27 14:36:46.840  2724  9585 I TextLayoutCache: Adding Cache: SUCCESS, key:0xab5646e4, value:0xb76b7f68
05-27 14:36:46.840  2724  9585 I TextLayoutCache: Adding Cache: SUCCESS, key:0xab5646e4, value:0xb76c51b8
05-27 14:36:46.840  2724  9585 I TextLayoutCache: Adding Cache: SUCCESS, key:0xab5646e4, value:0xb76c4da0
05-27 14:36:46.840  2724  9585 I TextLayoutCache: Adding Cache: SUCCESS, key:0xab5646e4, value:0xb76c6210
05-27 14:36:46.840  2724  9585 I TextLayoutCache: Adding Cache: SUCCESS, key:0xab5646e4, value:0xb76c5d88
05-27 14:36:46.840  2724  9585 I TextLayoutCache: Adding Cache: SUCCESS, key:0xab5646e4, value:0xb76c72b0
05-27 14:36:46.840  2724  9585 I TextLayoutCache: Adding Cache: SUCCESS, key:0xab5646e4, value:0xb76c6e78
05-27 14:36:46.850  2724  9585 I TextLayoutCache: Adding Cache: SUCCESS, key:0xab5642dc, value:0xb76c9240
05-27 14:36:46.850  2724  9585 I TextLayoutCache: Adding Cache: SUCCESS, key:0xab5647d4, value:0xb76c81d8
05-27 14:36:46.970   143   851 I gralloc_mali: alloc_device_alloc: prepare to alloc buffer, [720 x 1280(1280)], size = 3686400, format = 1, usage = 0x900 
05-27 14:36:46.980   143   851 I gralloc_mali: alloc_device_alloc, gc_gralloc_wrap succeed, phys = 0xffffffff, vaddr = 0xb2e16000, i = 68 
05-27 14:36:46.980   143   851 I gralloc_mali: alloc_device_alloc: alloc phys_addr = 0x00000000, ion_hnd_debug = 3
05-27 14:36:46.980  2724  9585 I [Gralloc]: gralloc_register_buffer line 205 size3686400 base0xa9b1a000 phys_addr0 share_fd33 usage0x900 ion_hnd_debug0x3
05-27 14:36:46.980  2724  9585 I viewroot: TID:9585 .../ViewRoot.cpp:2592:	FingerprintExample first drawing time 165.623779 ms
05-27 14:36:46.980  2724  9599 I activity: TID:9599 .../AgentActivity.cpp:53:	first_draw_callback
05-27 14:36:46.980  2724  9599 I page    : TID:9599 ...sdk/wrapper/core/app/Page.cpp:113:	Page::finishFirstDraw()
05-27 14:36:46.980  2724  9585 I imm     : TID:9585 .../InputMethodManager.cpp:201:	HandleMessage: MSG_SET_ACTIVE active is turning on
05-27 14:36:46.990  2724  9585 I imm     : TID:9585 .../InputMethodManager.cpp:959:	Before onCreateInputConnection() view 0xb75a9360 is gaia::EditText
05-27 14:36:46.990  2724  9585 I imm     : TID:9585 .../InputMethodManager.cpp:966:	After onCreateInputConnection() ic 0xb77a1368 is gaia::EditableInputConnection
05-27 14:36:46.990   768  1227 I ams     : TID:1227 .../ActivityRecord.cpp:974:	Ticking: this(0xb7c50100)
05-27 14:36:46.990   768  1227 I ams     : TID:1227 .../ActivityRecord.cpp:975:	Ticking: stack(0xb7582750)
05-27 14:36:46.990   768  1227 I ams     : TID:1227 .../ActivityRecord.cpp:976:	Ticking: mHandler(0xb7582390)
05-27 14:36:46.990   768  1227 I ams     : TID:1227 .../ActivityStack.cpp:5042:	SmartMode disable processStoppingActivitiesLocked
05-27 14:36:46.990   768   969 I wms_anim_wsa: TID:969 .../WindowStateAnimator.cpp:1452:	applyAnimationLocked: (fingerprintExample/fingerprintExample.FingerprintExample) mNextAppTransitionPackage = (null), transit = 4097, isEntrance = True
05-27 14:36:46.990   768   969 I wms_anim_wsa: TID:969 .../WindowStateAnimator.cpp:1405:	KPI_PATTERN WMS Show surface (fingerprintExample/fingerprintExample.FingerprintExample)
05-27 14:36:46.990   768   969 D wm_impl : WindowManagerImpl::getDefault()
05-27 14:36:46.990   768   969 D wm_impl : WindowManagerImpl::removeView()
05-27 14:36:46.990   768   969 D wm_impl : WindowManagerImpl::findViewLocked()
05-27 14:36:46.990   768   969 D wm_impl : [findViewLocked] count = 1
05-27 14:36:46.990   768   969 D wm_impl : [findViewLocked] find view at index = 0
05-27 14:36:46.990   768   969 D wm_impl : WindowManagerImpl::removeViewLocked(index:0)
05-27 14:36:46.990   768   969 I viewroot: TID:969 .../ViewRoot.cpp:5031:	ViewRoot(0xb7c5f080)::die 0
05-27 14:36:46.990   768   969 D wm_impl : WindowManagerImpl::finishRemoveViewLocked(view:0xb7a7e4d8, index:0)
05-27 14:36:46.990   768   969 I ams     : TID:969 .../ActivityRecord.cpp:1063:	Displayed activity fingerprintExample/.FingerprintExample: 493 ms (total 493 ms)
05-27 14:36:46.990   768   969 I ams     : TID:969 .../ActivityRecord.cpp:974:	Ticking: this(0xb7c50100)
05-27 14:36:46.990   768   969 I ams     : TID:969 .../ActivityRecord.cpp:975:	Ticking: stack(0xb7582750)
05-27 14:36:46.990   768   969 I ams     : TID:969 .../ActivityRecord.cpp:976:	Ticking: mHandler(0xb7582390)
05-27 14:36:46.990   768   969 I viewroot: TID:969 .../ViewRoot.cpp:5047:	DIE in 0xb7c5f080 of 0xb7d6b6e8
05-27 14:36:46.990   768   969 I viewroot: TID:969 .../ViewRoot.cpp:3316:	Detaching in ViewRoot: 0xb7c5f080 of Surafce: 0xb7d6b6e8
05-27 14:36:47.000   768   969 W window  : Window::getCallback() mCallback is NULL
05-27 14:36:47.000   768   969 I wms_impl: TID:969 .../WindowManagerService.cpp:2571:	Remove (Starting fingerprintExample) client = 0xb7d74564, surface = 0xb7dad1b8
05-27 14:36:47.000   768   969 I wms_core_ws: TID:969 .../WindowState.cpp:887:	disposeInputChannel: mInputChannel: NOT NULL
05-27 14:36:47.000   768   969 I wms_impl: TID:969 .../WindowManagerService.cpp:2585:	Remove (Starting fingerprintExample): mSurface 0xb7dad1b8 mExiting = False isAnimating = True inPendingTransaction = False mDisplayFrozen = False
05-27 14:36:47.000   768   969 I wms_impl: TID:969 .../WindowManagerService.cpp:2600:	wasVisible:True
05-27 14:36:47.000   768   969 I wms_anim_wsa: TID:969 .../WindowStateAnimator.cpp:1452:	applyAnimationLocked: (Starting fingerprintExample) mNextAppTransitionPackage = (null), transit = 5, isEntrance = False
05-27 14:36:47.000   768   969 I wms_anim_wsa: TID:969 .../WindowStateAnimator.cpp:1477:	###anim(17432593) != 0 a:gaia::AnimationSet@-1210392736###
05-27 14:36:47.000   768   969 I wms_impl: TID:969 .../WindowManagerService.cpp:2611:	win->mExiting:True win->mWinAnimator->isAnimating():True
05-27 14:36:47.000   768   969 I wms_impl: TID:969 .../WindowManagerService.cpp:2622:	win->mAppToken != NULL, call updateReportedVisibilityLocked
05-27 14:36:47.000   768   969 I viewroot: TID:969 .../ViewRoot.cpp:1406:	ViewRoot::unscheduleTraversals() start 0xb7c5f080 0
05-27 14:36:47.000   768   969 I viewroot: TID:969 .../ViewRoot.cpp:1416:	ViewRoot::unscheduleTraversals() end 0xb7c5f080 1
05-27 14:36:47.000   768   969 I viewroot: TID:969 .../ViewRoot.cpp:3787:	viewroot isDoDie 0xb7c5f080
05-27 14:36:47.000   768   969 I viewroot: TID:969 .../ViewRoot.cpp:1406:	ViewRoot::unscheduleTraversals() start 0xb7c5f080 1
05-27 14:36:47.000   768   969 I viewroot: TID:969 .../ViewRoot.cpp:1416:	ViewRoot::unscheduleTraversals() end 0xb7c5f080 2
05-27 14:36:47.000   768   969 I window_impl: TID:969 .../PhoneWindow.cpp:504:	window=0xb7c67cf0 is deleted
05-27 14:36:47.000   768   969 I viewroot: TID:969 .../ViewRoot.cpp:3813:	FreeViewRootRunnable clears mViewRoot(0xb7c5f080)
05-27 14:36:47.000   768   969 I viewroot: TID:969 .../ViewRoot.cpp:501:	Starting fingerprintExample ViewRoot 0xb7c5f080 is deleted
05-27 14:36:47.010   768   969 D linflater_factory: TID:969 ...sdk/wrapper/core/LayoutInflaterFactoryStub.cpp:42:	~LayoutInflaterFactoryStub: release widget count = 0
05-27 14:36:47.010   768   969 I viewroot: TID:969 .../ViewRoot.cpp:3807:	~FreeViewRootRunnable 0xb7d74958
05-27 14:36:47.110   768   956 I ams     : TID:956 .../ActivityManagerService.cpp:16282:	Broadcast sticky: Intent { act=android.intent.action.SIG_STR flg=536870912 (has extras) } ordered=false, callerApp=ProcessRecord{-1215508720 pid=768/tid=-1/ProcessName=system/uid=1000, callerPackage=android, resolvedType=NULL, resultTo=0x0(0x0), userId=0 (from: pid=1195, uid=1001)
05-27 14:36:47.110   768   956 I ams     : TID:956 .../ActivityManagerService.cpp:16209:	Set to newReceivers
05-27 14:36:47.110   768   956 I ams     : TID:956 .../ActivityManagerService.cpp:16256:	Leave AMS::collectReceiverComponents
05-27 14:36:47.110   768   956 I ams     : TID:956 .../ActivityManagerService.cpp:16661:	Collect 0 receivers for (null) typed broadcast
05-27 14:36:47.110   768   956 I ams     : TID:956 .../ActivityManagerService.cpp:16673:	Resolve 0 registered receivers for (null) typed broadcast Intent { act=android.intent.action.SIG_STR flg=536870912 (has extras) }
05-27 14:36:47.120   768   959 I ams     : TID:959 .../ActivityManagerService.cpp:16282:	Broadcast sticky: Intent { act=android.intent.action.SIG_STR flg=536870912 (has extras) } ordered=false, callerApp=ProcessRecord{-1215508720 pid=768/tid=-1/ProcessName=system/uid=1000, callerPackage=android, resolvedType=NULL, resultTo=0x0(0x0), userId=0 (from: pid=1195, uid=1001)
05-27 14:36:47.120   768   959 I ams     : TID:959 .../ActivityManagerService.cpp:16209:	Set to newReceivers
05-27 14:36:47.120   768   959 I ams     : TID:959 .../ActivityManagerService.cpp:16256:	Leave AMS::collectReceiverComponents
05-27 14:36:47.120   768   959 I ams     : TID:959 .../ActivityManagerService.cpp:16661:	Collect 0 receivers for (null) typed broadcast
05-27 14:36:47.120   768   959 I ams     : TID:959 .../ActivityManagerService.cpp:16673:	Resolve 0 registered receivers for (null) typed broadcast Intent { act=android.intent.action.SIG_STR flg=536870912 (has extras) }
05-27 14:36:47.130   768   872 I ams     : TID:872 .../ActivityStack.cpp:264:	ActivityStack: HANDLE 103 IDLE_NOW_MSG:0 / 0x0
05-27 14:36:47.130   768   872 I ams     : TID:872 .../ActivityStack.cpp:405:	ActivityRecord r == NULL
05-27 14:36:47.130   768   872 I ams     : TID:872 .../ActivityStack.cpp:5042:	SmartMode disable processStoppingActivitiesLocked
05-27 14:36:47.130   768   872 I ams     : TID:872 .../ActivityStack.cpp:4856:	AMS_STATUS>> SCHEDULE_STOP_ACTIVITY: Process Launcher (uid: 10021) Activity MainPage (visible = false, configChangeFlags = false)
05-27 14:36:47.130  1205  1211 I activity_thread: TID:1211 .../ActivityThread.cpp:6449:	[LIFESTATE][Activity] onCreateDescription: ActivityRecord{0xb756f3a0 token 0xb756d460{Launcher/Launcher.MainPage}}
05-27 14:36:47.130  1205  1211 I activity_thread: TID:1211 .../ActivityThread.cpp:6467:	[LIFESTATE][Activity] onStop: ActivityRecord{0xb756f3a0 token 0xb756d460{Launcher/Launcher.MainPage}}
05-27 14:36:47.130  1205  1211 D wm_impl : WindowManagerImpl::getDefault()
05-27 14:36:47.130   768   969 I KPI     : KPI_PATTERN = FingerprintExample, KPI_OBJECT = AMS_launch, KPI_TYPE = STOP
05-27 14:36:47.130   768   969 I ams     : TID:969 .../ActivityManagerService.cpp:20419:	[AMS_STATE][KPI] Cold launch time of fingerprintExample/.FingerprintExample is 730
05-27 14:36:47.130  1205  1211 I app_proc: TID:1211 .../Instrumentation.cpp:1308:	[LIFE_CYCLE] call MainPage ActivityOnStop
05-27 14:36:47.140  1205  1211 I app_proc: TID:1211 .../Instrumentation.cpp:1311:	[KPI_PATTERN][LIFE_CYCLE] MainPage ActivityOnStop (0ms)
05-27 14:36:47.140   768   954 I ams     : TID:954 .../ActivityStack.cpp:1664:	Saving icicle of MainPage (0xb7af3730): Bundle[mParcelledData->dataSize=1140]
05-27 14:36:47.140   143   143 I gralloc_mali: alloc_device_free: free phys_addr = 0x00000000, ion_hnd_debug = 2
05-27 14:36:47.150   143   143 I gralloc_mali: alloc_device_free: gc_gralloc_unwrap, vaddr = 0xb1e5c000, err = 0
05-27 14:36:47.200   768   969 I [Gralloc]: gralloc_unregister_buffer line 260 size3686400 base0xa448e000 phys_addr0 share_fd177 usage0x933 ion_hnd_debug0x4
05-27 14:36:47.200   768   969 I wms_impl: TID:969 .../WindowManagerService.cpp:2670:	removeWindowInnerLocked: (Starting fingerprintExample)
05-27 14:36:47.200   768   969 I wms_impl: TID:969 .../WindowManagerService.cpp:2688:	Final remove of window: (Starting fingerprintExample)
05-27 14:36:47.200   768   969 I wms_impl: TID:969 .../WindowManagerService.cpp:2701:	Removing (Starting fingerprintExample) from 0xb7c2dbc0
05-27 14:36:47.200   768   969 I wms_impl: TID:969 .../WindowManagerService.cpp:2710:	**** Removing (Starting fingerprintExample): count = 1
05-27 14:36:47.200   768   969 I wms_core_ws: TID:969 .../WindowState.cpp:269:	WindowState(Starting fingerprintExample) 0xb7d76c28 relase
05-27 14:36:47.210   143   143 I gralloc_mali: alloc_device_free: free phys_addr = 0x00000000, ion_hnd_debug = 4
05-27 14:36:47.210   143   143 I gralloc_mali: alloc_device_free: gc_gralloc_unwrap, vaddr = 0xb2a92000, err = 0
05-27 14:36:47.310  2724  9585 I Choreographer: TID:9585 .../Choreographer.cpp:391:	Choreographer::scheduleVsyncLocked 0xb75d08e0 3
05-27 14:36:47.330  2724  9585 I Choreographer: TID:9585 .../Choreographer.cpp:472:	Choreographer::FrameDisplayEventReceiver::onVsync 0xb75d0a40, 3, timestampNanos=11740075006910, frame=7024
05-27 14:36:47.350   143  1461 I gralloc_mali: alloc_device_alloc: prepare to alloc buffer, [720 x 1280(1280)], size = 3686400, format = 1, usage = 0x900 
05-27 14:36:47.360   143  1461 I gralloc_mali: alloc_device_alloc, gc_gralloc_wrap succeed, phys = 0xffffffff, vaddr = 0xb2a92000, i = 69 
05-27 14:36:47.360   143  1461 I gralloc_mali: alloc_device_alloc: alloc phys_addr = 0x00000000, ion_hnd_debug = 2
05-27 14:36:47.370  2724  9585 I [Gralloc]: gralloc_register_buffer line 205 size3686400 base0xa978e000 phys_addr0 share_fd34 usage0x900 ion_hnd_debug0x2
05-27 14:36:47.810  2724  9585 I Choreographer: TID:9585 .../Choreographer.cpp:391:	Choreographer::scheduleVsyncLocked 0xb75d08e0 4
05-27 14:36:47.820  2724  9585 I Choreographer: TID:9585 .../Choreographer.cpp:472:	Choreographer::FrameDisplayEventReceiver::onVsync 0xb75d0a40, 4, timestampNanos=11740569094791, frame=7026
05-27 14:36:47.840   768   968 I AlarmManager: TID:968 .../AlarmManagerService.cpp:1215:	before send alarm->PendingIntent
05-27 14:36:47.850   768   968 I ams     : TID:968 .../ActivityManagerService.cpp:16282:	Broadcast: Intent { act=com.securityguard.networktrafficmonitor.restoredataalarm flg=4 (has extras) } ordered=true, callerApp=NULL, callerPackage=android, resolvedType=NULL, resultTo=0xb7a5f94c(0xb7a5f940), userId=0 (from: pid=-1, uid=0)
05-27 14:36:47.850   768   968 I ams     : TID:968 .../ActivityManagerService.cpp:16209:	Set to newReceivers
05-27 14:36:47.850   768   968 I ams     : TID:968 .../ActivityManagerService.cpp:16256:	Leave AMS::collectReceiverComponents
05-27 14:36:47.850   768   968 I ams     : TID:968 .../ActivityManagerService.cpp:16661:	Collect 0 receivers for (null) typed broadcast
05-27 14:36:47.850   768   968 I ams     : TID:968 .../ActivityManagerService.cpp:16673:	Resolve 1 registered receivers for (null) typed broadcast Intent { act=com.securityguard.networktrafficmonitor.restoredataalarm flg=4 (has extras) }
05-27 14:36:47.850   768   968 I ams     : TID:968 .../BroadcastQueue.cpp:156:	Enqueue ordered broadcast: BroadcastRecord(0xb7cd4290) has 1 receivers for Intent { act=com.securityguard.networktrafficmonitor.restoredataalarm flg=4 (has extras) }
05-27 14:36:47.850   768   878 I ams     : TID:878 .../BroadcastQueue.cpp:643:	processNextBroadcast [background]from Msg: 0 broadcasts, 1 ordered broadcasts
05-27 14:36:47.850   768   878 I ams     : TID:878 .../BroadcastQueue.cpp:834:	Processing ordered broadcast: BroadcastRecord(0xb7cd4290) for Intent { act=com.securityguard.networktrafficmonitor.restoredataalarm flg=4 (has extras) }, 1 ordered broadcast left
05-27 14:36:47.860   768   878 I ams     : TID:878 .../BroadcastQueue.cpp:868:	Submitting BROADCAST_TIMEOUT_MSG [background] for BroadcastRecord{0xb7cd4290 u0 com.securityguard.networktrafficmonitor.restoredataalarm} (TimeoutPeriod=60000)
05-27 14:36:47.860   768   878 I ams     : TID:878 .../BroadcastQueue.cpp:494:	AMS_STATUS>> SCHEDULE_REGISTER_RECEIVER: Process system/bin/csmsd (pid:769, uid: 1000), Receiver 0xb754b6d8(0xb7579880), Ordered broadcast, Intent { act=com.securityguard.networktrafficmonitor.restoredataalarm flg=4 (has extras) }
05-27 14:36:47.860   768   968 I AlarmManager: TID:968 .../AlarmManagerService.cpp:1217:	after send alarm->PendingIntent
05-27 14:36:47.860   769  1132 I activity_thread: TID:1132 .../ActivityThread.cpp:3037:	scheduleRegisteredReceiver: receiver=0xb74d0adc, Intent=Intent { act=com.securityguard.networktrafficmonitor.restoredataalarm flg=4 (has extras) }, resultCode=0, dataStr=NULL, ordered=true, sticky=false
05-27 14:36:47.860   769   839 I activity_thread: TID:839 .../ActivityThread.cpp:1514:	LIFESTAT onReceive: 0xb746e618
05-27 14:36:47.860   768   878 I ams     : TID:878 .../BroadcastQueue.cpp:611:	performReceive of BroadcastRecord{0xb7cd4290 u0 com.securityguard.networktrafficmonitor.restoredataalarm}(3 millis)
05-27 14:36:47.860   768   968 I AlarmManager: TID:968 .../AlarmManagerService.cpp:1218:	send pendingIntent comes from android
05-27 14:36:47.860   768   968 I AlarmManager: TID:968 .../AlarmManagerService.cpp:1232:	Alarmd is doing acquire(), for sending pendingIntent comes from android
05-27 14:36:47.860  2724  9585 I Choreographer: TID:9585 .../Choreographer.cpp:391:	Choreographer::scheduleVsyncLocked 0xb75d08e0 5
05-27 14:36:47.870   775  1005 I FrameworkNet: TID:1005 .../INetworkStatsService.cpp:178:	BnNetworkStatsService::onTransact 4
05-27 14:36:47.870  2724  9585 I Audiof  : TID:9585 .../GAudioManager.cpp:150:	GAudioManager constructor
05-27 14:36:47.870   768  1189 I IContentProvider: TID:1189 .../IContentProvider.cpp:758:	modify case CALL_TRANSACTION: (myUid,myPid):(0,768),(CallingUid,CallingPid):(1000,2724)
05-27 14:36:47.870  2724  9585 I Fingerprint: TID:9585 ...sdk/example/FingerprintTest/src/FingerprintExample.cpp:309:	App getFingerprint begain
05-27 14:36:47.870   768  1210 I Fingerprint: TID:1210 .../FingerprintService.cpp:126:	FingerprintServiceWrapper::getEnrolledFingerprints(0 getEnrolledFingerprints)
05-27 14:36:47.870  2724  9585 I Fingerprint: TID:9585 ...sdk/example/FingerprintTest/src/FingerprintExample.cpp:317:	App getFingerprint size=2
05-27 14:36:47.870  2724  9585 I Fingerprint: TID:9585 ...sdk/example/FingerprintTest/src/FingerprintExample.cpp:318:	App getFingerprint lise 0xb7579ca8
05-27 14:36:47.870  2724  9585 I Fingerprint: TID:9585 ...sdk/example/FingerprintTest/src/FingerprintExample.cpp:327:	App getEnrolledFingerprints Finger1, 0, 0, 0
05-27 14:36:47.870  2724  9585 I Fingerprint: TID:9585 ...sdk/example/FingerprintTest/src/FingerprintExample.cpp:327:	App getEnrolledFingerprints Finger2, 0, 0, 0
05-27 14:36:47.880  2724  9585 I TextLayoutCache: Adding Cache: SUCCESS, key:0xab565a94, value:0xb77e8e18
05-27 14:36:47.880  2724  9585 I TextLayoutCache: Adding Cache: SUCCESS, key:0xab565a94, value:0xb77f3578
05-27 14:36:47.880  2724  9585 I Choreographer: TID:9585 .../Choreographer.cpp:472:	Choreographer::FrameDisplayEventReceiver::onVsync 0xb75d0a40, 5, timestampNanos=11740620207621, frame=7028
05-27 14:36:47.900  2724  9585 I TextLayoutCache: Adding Cache: SUCCESS, key:0xab5646e4, value:0xb77fba30
05-27 14:36:47.900  2724  9585 I TextLayoutCache: Adding Cache: SUCCESS, key:0xab5646e4, value:0xb77fb860
05-27 14:36:47.900  2724  9585 I TextLayoutCache: Adding Cache: SUCCESS, key:0xab5646e4, value:0xb77fbf98
05-27 14:36:47.960   775  1307 I FrameworkNet: TID:1307 .../INetworkStatsService.cpp:178:	BnNetworkStatsService::onTransact 4
05-27 14:36:48.040   769   839 I BroadcastReceiver: TID:839 .../BroadcastReceiver.cpp:408:	Finishing broadcast to 0xb74d0adc
05-27 14:36:48.040   768   954 I ams     : TID:954 .../ActivityManagerService.cpp:17041:	Finish receiver: 0xb754b6d8
05-27 14:36:48.040   768   954 I ams     : TID:954 .../BroadcastQueue.cpp:441:	Finish receiver: BroadcastRecord{0xb7cd4290 u0 com.securityguard.networktrafficmonitor.restoredataalarm}, resultCode=0, resultData=(null), resultAbort=false, explicit=true
05-27 14:36:48.040   768   954 I ams     : TID:954 .../ActivityManagerService.cpp:17068:	[AMS_STATE] Finish receiver: 0xb754b6d8 (BroadcastRecord{0xb7cd4290 u0 com.securityguard.networktrafficmonitor.restoredataalarm}), resultCode=0, resultData=NULL, resultAbort=false, doNext=true
05-27 14:36:48.040   768   954 I ams     : TID:954 .../BroadcastQueue.cpp:643:	processNextBroadcast [background]: 0 broadcasts, 1 ordered broadcasts
05-27 14:36:48.040   768   954 I ams     : TID:954 .../BroadcastQueue.cpp:508:	AMS_STATUS>> PERFORM_RECEIVE: Receiver 0xb7a5f94c(0xb7a5f940), Non-ordered broadcast, Intent { act=com.securityguard.networktrafficmonitor.restoredataalarm flg=4 (has extras) }
05-27 14:36:48.040   768   954 I ams     : TID:954 .../BroadcastQueue.cpp:801:	performReceive of BroadcastRecord{0xb7cd4290 u0 com.securityguard.networktrafficmonitor.restoredataalarm}(1 millis)
05-27 14:36:48.040   768   954 I ams     : TID:954 .../BroadcastQueue.cpp:816:	Cancelling BROADCAST_TIMEOUT_MSG [background] for BroadcastRecord{0xb7cd4290 u0 com.securityguard.networktrafficmonitor.restoredataalarm}
05-27 14:36:48.040   768   954 I ams     : TID:954 .../BroadcastQueue.cpp:728:	No more ordered Broadcasts pending, so all done!
05-27 14:36:48.040   768   872 I AlarmManager: TID:872 .../AlarmManagerService.cpp:2727:	Alarmd is doing release(), for finishing pendingIntent comes from android
05-27 14:36:48.370  2724  9585 I Choreographer: TID:9585 .../Choreographer.cpp:391:	Choreographer::scheduleVsyncLocked 0xb75d08e0 6
05-27 14:36:48.370  2724  9585 I Choreographer: TID:9585 .../Choreographer.cpp:472:	Choreographer::FrameDisplayEventReceiver::onVsync 0xb75d0a40, 6, timestampNanos=11741114247127, frame=7030
05-27 14:36:48.440   768   878 I ams     : TID:878 .../ActivityManagerService.cpp:20972:	Kernel timestamp [11741.180]
05-27 14:36:48.440   768   878 I ams     : TID:878 .../ActivityManagerService.cpp:20974:	ActivityManagerService: HANDLE 125 REMOVE_PER_LOCK:0 / 0x0
05-27 14:36:48.860  2724  9585 I Fingerprint: TID:9585 ...sdk/example/FingerprintTest/src/FingerprintExample.cpp:298:	App preEnroll begain
05-27 14:36:48.860  2724  9585 F libc    : Fatal signal 11 (SIGSEGV) at 0xbeafdead (code=1), thread 9585 (gerprintExample)
05-27 14:36:48.970   148   148 I DEBUG   : debuggerd: 2017-05-27 14:36:48
05-27 14:36:48.970   148   148 I DEBUG   : *** *** *** *** *** *** *** *** *** *** *** *** *** *** *** ***
05-27 14:36:48.970   148   148 I DEBUG   : Build fingerprint: 'Leadcore/full_lte26047/lte26047:1.2.0/JRO03C/eng.hubert.20170324.192605:userdebug/test-keys'
05-27 14:36:48.970   148   148 I DEBUG   : Build image version: unknown
05-27 14:36:48.970   148   148 I DEBUG   : Build date: '2017 03 24  19:26:43 CST'
05-27 14:36:48.970   148   148 I DEBUG   : Product manufacturer: LEADCORE
05-27 14:36:48.970   148   148 I DEBUG   : Product model: L1860
05-27 14:36:48.970   148   148 I DEBUG   : pid: 2724, tid: 9585, name: gerprintExample  >>> fingerprintExample <<<
05-27 14:36:48.970   148   148 I DEBUG   : debuggerd: checkTellLttSettings
05-27 14:36:48.980   148   148 I DEBUG   : debuggerd: buildType: userdebug, roAaReport: , ro.sf: 
05-27 14:36:48.980   148   148 I DEBUG   : debuggerd: [Old ROM] isShippingROM: false
05-27 14:36:48.980   148   148 I DEBUG   : signal 11 (SIGSEGV), code 1 (SEGV_MAPERR), fault addr beafdead
05-27 14:36:50.340   148   148 I DEBUG   :     r0 beafdead  r1 00000000  r2 00000000  r3 beafdead
05-27 14:36:50.340   148   148 I DEBUG   :     r4 ab263ddc  r5 00002571  r6 b75a49b8  r7 adc50531
05-27 14:36:50.340   148   148 I DEBUG   :     r8 0000001a  r9 00000000  sl 009e67d2  fp b4ab0038
05-27 14:36:50.340   148   148 I DEBUG   :     ip ab263eb0  sp ab5665d0  lr ab2606ed  pc adc9cdd4  cpsr 600f0030
05-27 14:36:50.340   148   148 I DEBUG   :     d0  6e6961676562206c  d1  54746e6972707270
05-27 14:36:50.340   148   148 I DEBUG   :     d2  2f6372732f747370  d3  72707265676e6920
05-27 14:36:50.340   148   148 I DEBUG   :     d4  0000000000000000  d5  0000000000000000
05-27 14:36:50.340   148   148 I DEBUG   :     d6  0000000000000000  d7  8000000080000000
05-27 14:36:50.340   148   148 I DEBUG   :     d8  000003e800000aa4  d9  000003e800000aa4
05-27 14:36:50.340   148   148 I DEBUG   :     d10 0000000000000000  d11 0000000000000000
05-27 14:36:50.340   148   148 I DEBUG   :     d12 0000000000000000  d13 0000000000000000
05-27 14:36:50.340   148   148 I DEBUG   :     d14 0000000000000000  d15 0000000000000000
05-27 14:36:50.340   148   148 I DEBUG   :     d16 000000000000001c  d17 0000000000000000
05-27 14:36:50.340   148   148 I DEBUG   :     d18 0000000000000000  d19 00000000a9e9f080
05-27 14:36:50.340   148   148 I DEBUG   :     d20 00000000a9e9f080  d21 00000000aa0e6841
05-27 14:36:50.340   148   148 I DEBUG   :     d22 0080004000100040  d23 0000000000000001
05-27 14:36:50.340   148   148 I DEBUG   :     d24 00000000000000f0  d25 0000000000000208
05-27 14:36:50.340   148   148 I DEBUG   :     d26 0000000000000118  d27 0000000000000005
05-27 14:36:50.340   148   148 I DEBUG   :     d28 000000aa10914000  d29 000000aa10914005
05-27 14:36:50.340   148   148 I DEBUG   :     d30 00000000aa0e6c01  d31 0000000000000001
05-27 14:36:50.340   148   148 I DEBUG   :     scr 60000013
05-27 14:36:50.350   148   148 I DEBUG   : 
05-27 14:36:50.350   148   148 I DEBUG   : backtrace:
05-27 14:36:50.350   148   148 I DEBUG   :     #00  pc 00473dd4  /system/lib/libapi.12.so (gaia::core::CancellationSignal::~CancellationSignal()+23)
05-27 14:36:50.350   148   148 I DEBUG   :     #01  pc 000076e9  /data/data/fingerprintExample/lib/libfingerprintExample.so (FingerprintExample::onClick(gaia::core::Widget*)+3588)
05-27 14:36:50.350   148   148 I DEBUG   :     #02  pc 0042750f  /system/lib/libapi.12.so (gaia::core::OnGesturingListenerStub::onGesturingEnded(gaia::core::GestureControllerStub*)+10)
05-27 14:36:50.350   148   148 I DEBUG   :     #03  pc 0288a1c1  /system/lib/libgaiaframework.so (gaia::core::OnClickListenerProxy::onClick(android::sp<gaia::View> const&)+56)
05-27 14:36:50.350   148   148 I DEBUG   :     #04  pc 021e1adf  /system/lib/libgaiaframework.so (gaia::View::performClick()+94)
05-27 14:36:50.350   148   148 I DEBUG   :     #05  pc 021d93cb  /system/lib/libgaiaframework.so (gaia::View::PerformClick::run()+26)
05-27 14:36:50.350   148   148 I DEBUG   :     #06  pc 0091508b  /system/lib/libgaiacore.so (gaia::Handler::handleCallback(android::sp<gaia::Message> const&)+10)
05-27 14:36:50.350   148   148 I DEBUG   :     #07  pc 00917a9d  /system/lib/libgaiacore.so (gaia::Looper::loop()+220)
05-27 14:36:50.350   148   148 I DEBUG   :     #08  pc 027b075f  /system/lib/libgaiaframework.so (gaia::ActivityThread::main(int, char**)+342)
05-27 14:36:50.350   148   148 I DEBUG   :     #09  pc 00009f9f  /system/bin/app_process_gaia
05-27 14:36:50.350   148   148 I DEBUG   :     #10  pc 000f895f  /system/lib/libutilscos.so (gaia::GThread::_gthreadLoop(void*)+278)
05-27 14:36:50.350   148   148 I DEBUG   :     #11  pc 000be4ff  /system/lib/libutilscos.so
05-27 14:36:50.350   148   148 I DEBUG   :     #12  pc 0000d15c  /system/lib/libc.so (__thread_entry+72)
05-27 14:36:50.350   148   148 I DEBUG   :     #13  pc 0000d2e4  /system/lib/libc.so (pthread_create+224)
05-27 14:36:50.350   148   148 I DEBUG   : 
05-27 14:36:50.350   148   148 I DEBUG   : stack:
05-27 14:36:50.350   148   148 I DEBUG   :          ab566590  ab5665bc  [stack:9585]
05-27 14:36:50.350   148   148 I DEBUG   :          ab566594  b7696780  [heap]
05-27 14:36:50.350   148   148 I DEBUG   :          ab566598  00000000  
05-27 14:36:50.350   148   148 I DEBUG   :          ab56659c  ab5665bc  [stack:9585]
05-27 14:36:50.350   148   148 I DEBUG   :          ab5665a0  b7696780  [heap]
05-27 14:36:50.350   148   148 I DEBUG   :          ab5665a4  adc58b9d  /system/lib/libapi.12.so (gaia::base::String::~String()+52)
05-27 14:36:50.350   148   148 I DEBUG   :          ab5665a8  b76c3018  [heap]
05-27 14:36:50.350   148   148 I DEBUG   :          ab5665ac  016ddac6  
05-27 14:36:50.350   148   148 I DEBUG   :          ab5665b0  b7579cd8  [heap]
05-27 14:36:50.350   148   148 I DEBUG   :          ab5665b4  ab263ddc  /data/data/fingerprintExample/lib/libfingerprintExample.so
05-27 14:36:50.350   148   148 I DEBUG   :          ab5665b8  00002571  
05-27 14:36:50.350   148   148 I DEBUG   :          ab5665bc  b75a49b8  [heap]
05-27 14:36:50.350   148   148 I DEBUG   :          ab5665c0  adc50531  /system/lib/libapi.12.so (OnClickListenerStub_onClick)
05-27 14:36:50.350   148   148 I DEBUG   :          ab5665c4  ab260657  /data/data/fingerprintExample/lib/libfingerprintExample.so (FingerprintExample::onClick(gaia::core::Widget*)+3442)
05-27 14:36:50.350   148   148 I DEBUG   :          ab5665c8  ab262300  /data/data/fingerprintExample/lib/libfingerprintExample.so
05-27 14:36:50.350   148   148 I DEBUG   :          ab5665cc  00002571  
05-27 14:36:50.350   148   148 I DEBUG   :     #00  ab5665d0  ab261cf4  /data/data/fingerprintExample/lib/libfingerprintExample.so
05-27 14:36:50.350   148   148 I DEBUG   :          ........  ........
05-27 14:36:50.350   148   148 I DEBUG   :     #01  ab5665d0  ab261cf4  /data/data/fingerprintExample/lib/libfingerprintExample.so
05-27 14:36:50.350   148   148 I DEBUG   :          ab5665d4  0000012a  
05-27 14:36:50.350   148   148 I DEBUG   :          ab5665d8  ffffffff  
05-27 14:36:50.350   148   148 I DEBUG   :          ab5665dc  ffffffff  
05-27 14:36:50.350   148   148 I DEBUG   :          ab5665e0  00000000  
05-27 14:36:50.350   148   148 I DEBUG   :          ab5665e4  b75d2f30  [heap]
05-27 14:36:50.350   148   148 I DEBUG   :          ab5665e8  b75d2a00  [heap]
05-27 14:36:50.350   148   148 I DEBUG   :          ab5665ec  ab56661c  [stack:9585]
05-27 14:36:50.350   148   148 I DEBUG   :          ab5665f0  b75a4128  [heap]
05-27 14:36:50.350   148   148 I DEBUG   :          ab5665f4  b7579c48  [heap]
05-27 14:36:50.350   148   148 I DEBUG   :          ab5665f8  00000001  
05-27 14:36:50.350   148   148 I DEBUG   :          ab5665fc  0000001a  
05-27 14:36:50.350   148   148 I DEBUG   :          ab566600  00000000  
05-27 14:36:50.350   148   148 I DEBUG   :          ab566604  009e67d2  
05-27 14:36:50.350   148   148 I DEBUG   :          ab566608  b4ab0038  /system/lib/libgaiacore.so
05-27 14:36:50.350   148   148 I DEBUG   :          ab56660c  b5dd331f  /system/lib/libutilscos.so (gaia::Integer::parse(android::sp<gaia::String> const&, unsigned int, int, bool)+18)
05-27 14:36:50.350   148   148 I DEBUG   :          ........  ........
05-27 14:36:50.350   148   148 I DEBUG   :     #02  ab566880  ae9ce27c  
05-27 14:36:50.350   148   148 I DEBUG   :          ab566884  b2a901c3  /system/lib/libgaiaframework.so (gaia::core::OnClickListenerProxy::onClick(android::sp<gaia::View> const&)+58)
05-27 14:36:50.350   148   148 I DEBUG   : 
05-27 14:36:50.350   148   148 I DEBUG   : memory near r0:
05-27 14:36:50.350   148   148 I DEBUG   :     beafde8c ffffffff ffffffff ffffffff ffffffff  ................
05-27 14:36:50.350   148   148 I DEBUG   :     beafde9c ffffffff ffffffff ffffffff ffffffff  ................
05-27 14:36:50.350   148   148 I DEBUG   :     beafdeac ffffffff ffffffff ffffffff ffffffff  ................
05-27 14:36:50.350   148   148 I DEBUG   :     beafdebc ffffffff ffffffff ffffffff ffffffff  ................
05-27 14:36:50.350   148   148 I DEBUG   :     beafdecc ffffffff ffffffff ffffffff ffffffff  ................
05-27 14:36:50.350   148   148 I DEBUG   : 
05-27 14:36:50.350   148   148 I DEBUG   : memory near r3:
05-27 14:36:50.350   148   148 I DEBUG   :     beafde8c ffffffff ffffffff ffffffff ffffffff  ................
05-27 14:36:50.350   148   148 I DEBUG   :     beafde9c ffffffff ffffffff ffffffff ffffffff  ................
05-27 14:36:50.350   148   148 I DEBUG   :     beafdeac ffffffff ffffffff ffffffff ffffffff  ................
05-27 14:36:50.350   148   148 I DEBUG   :     beafdebc ffffffff ffffffff ffffffff ffffffff  ................
05-27 14:36:50.350   148   148 I DEBUG   :     beafdecc ffffffff ffffffff ffffffff ffffffff  ................
05-27 14:36:50.350   148   148 I DEBUG   : 
05-27 14:36:50.350   148   148 I DEBUG   : memory near r4:
05-27 14:36:50.350   148   148 I DEBUG   :     ab263dbc adf499cc adf5b598 adf59790 adf5a134  ............4...
05-27 14:36:50.350   148   148 I DEBUG   :     ab263dcc ab263bd8 ab26180d ab264004 ab264008  .;&...&..@&..@&.
05-27 14:36:50.350   148   148 I DEBUG   :     ab263ddc 00000000 00000000 00000000 adc7cced  ................
05-27 14:36:50.350   148   148 I DEBUG   :     ab263dec adc7cc79 b5c8e1d5 adeb0f6d add29841  y.......m...A...
05-27 14:36:50.350   148   148 I DEBUG   :     ab263dfc add29861 add298d1 b5cc8044 adc5ad59  a.......D...Y...
05-27 14:36:50.350   148   148 I DEBUG   : 
05-27 14:36:50.350   148   148 I DEBUG   : memory near r5:
05-27 14:36:50.350   148   148 I DEBUG   :     00002550 ffffffff ffffffff ffffffff ffffffff  ................
05-27 14:36:50.350   148   148 I DEBUG   :     00002560 ffffffff ffffffff ffffffff ffffffff  ................
05-27 14:36:50.350   148   148 I DEBUG   :     00002570 ffffffff ffffffff ffffffff ffffffff  ................
05-27 14:36:50.350   148   148 I DEBUG   :     00002580 ffffffff ffffffff ffffffff ffffffff  ................
05-27 14:36:50.350   148   148 I DEBUG   :     00002590 ffffffff ffffffff ffffffff ffffffff  ................
05-27 14:36:50.350   148   148 I DEBUG   : 
05-27 14:36:50.350   148   148 I DEBUG   : memory near r6:
05-27 14:36:50.350   148   148 I DEBUG   :     b75a4998 00000000 0000001b adf597a8 00000000  ................
05-27 14:36:50.350   148   148 I DEBUG   :     b75a49a8 b75a4128 00000000 00000000 0000004b  (AZ.........K...
05-27 14:36:50.350   148   148 I DEBUG   :     b75a49b8 b39162e8 b75a49a0 00000000 b75a4a00  .b...IZ......JZ.
05-27 14:36:50.350   148   148 I DEBUG   :     b75a49c8 00000000 00000000 00000000 00000000  ................
05-27 14:36:50.350   148   148 I DEBUG   :     b75a49d8 00000000 00000000 00000000 00000000  ................
05-27 14:36:50.350   148   148 I DEBUG   : 
05-27 14:36:50.350   148   148 I DEBUG   : memory near r7:
05-27 14:36:50.350   148   148 I DEBUG   :     adc50510 bf00bd08 2004b510 f7bf460c 6004e8a6  ....... .F.....`
05-27 14:36:50.350   148   148 I DEBUG   :     adc50520 bf00bd10 2300b118 f2756003 4770be9d  .......#.`u...pG
05-27 14:36:50.350   148   148 I DEBUG   :     adc50530 bfe8f7ff 4c56b538 447c4856 68135822  ....8.VLVH|D"X.h
05-27 14:36:50.350   148   148 I DEBUG   :     adc50540 0301f013 808ef000 58a24a53 f0136813  ........SJ.X.h..
05-27 14:36:50.350   148   148 I DEBUG   :     adc50550 d0710301 58a24a51 f0136813 d0550301  ..q.QJ.X.h....U.
05-27 14:36:50.350   148   148 I DEBUG   : 
05-27 14:36:50.350   148   148 I DEBUG   : memory near sl:
05-27 14:36:50.350   148   148 I DEBUG   :     009e67b0 ffffffff ffffffff ffffffff ffffffff  ................
05-27 14:36:50.350   148   148 I DEBUG   :     009e67c0 ffffffff ffffffff ffffffff ffffffff  ................
05-27 14:36:50.350   148   148 I DEBUG   :     009e67d0 ffffffff ffffffff ffffffff ffffffff  ................
05-27 14:36:50.350   148   148 I DEBUG   :     009e67e0 ffffffff ffffffff ffffffff ffffffff  ................
05-27 14:36:50.350   148   148 I DEBUG   :     009e67f0 ffffffff ffffffff ffffffff ffffffff  ................
05-27 14:36:50.350   148   148 I DEBUG   : 
05-27 14:36:50.350   148   148 I DEBUG   : memory near fp:
05-27 14:36:50.350   148   148 I DEBUG   :     b4ab0018 70657270 20657261 706f6f4c 000a7265  prepare Looper..
05-27 14:36:50.360   148   148 I DEBUG   :     b4ab0028 61696167 6961672f 726f6361 736f2f65  gaia/gaiacore/os
05-27 14:36:50.360   148   148 I DEBUG   :     b4ab0038 6f6f4c2f 2e726570 00707063 3a444954  /Looper.cpp.TID:
05-27 14:36:50.360   148   148 I DEBUG   :     b4ab0048 2e206425 73252e2e 3a64253a 6c614309  %d ...%s:%d:.Cal
05-27 14:36:50.360   148   148 I DEBUG   :     b4ab0058 7473206c 3a6b6361 0000000a 00732509  l stack:.....%s.
05-27 14:36:50.360   148   148 I DEBUG   : 
05-27 14:36:50.360   148   148 I DEBUG   : memory near ip:
05-27 14:36:50.360   148   148 I DEBUG   :     ab263e90 adc58e89 adeb1001 adeb0df5 adeb106d  ............m...
05-27 14:36:50.360   148   148 I DEBUG   :     ab263ea0 adeb0ded adeb0ef9 adeb0f09 adeb0dd5  ................
05-27 14:36:50.360   148   148 I DEBUG   :     ab263eb0 adc9cdd5 adeb0ddd adc831f9 adc517f9  .........1......
05-27 14:36:50.360   148   148 I DEBUG   :     ab263ec0 adc7cd99 adc7cf29 b5c8e679 adc4e91d  ....)...y.......
05-27 14:36:50.360   148   148 I DEBUG   :     ab263ed0 ade6f885 adc954d5 ade6fda9 adc8377d  .....T......}7..
05-27 14:36:50.360   148   148 I DEBUG   : 
05-27 14:36:50.360   148   148 I DEBUG   : memory near sp:
05-27 14:36:50.360   148   148 I DEBUG   :     ab5665b0 b7579cd8 ab263ddc 00002571 b75a49b8  ..W..=&.q%...IZ.
05-27 14:36:50.360   148   148 I DEBUG   :     ab5665c0 adc50531 ab260657 ab262300 00002571  1...W.&..#&.q%..
05-27 14:36:50.360   148   148 I DEBUG   :     ab5665d0 ab261cf4 0000012a ffffffff ffffffff  ..&.*...........
05-27 14:36:50.360   148   148 I DEBUG   :     ab5665e0 00000000 b75d2f30 b75d2a00 ab56661c  ....0/]..*]..fV.
05-27 14:36:50.360   148   148 I DEBUG   :     ab5665f0 b75a4128 b7579c48 00000001 0000001a  (AZ.H.W.........
05-27 14:36:50.360   148   148 I DEBUG   : 
05-27 14:36:50.360   148   148 I DEBUG   : code around pc:
05-27 14:36:50.360   148   148 I DEBUG   :     adc9cdb4 46206025 bf00bd38 4605b538 b12c6804  %` F8...8..F.h,.
05-27 14:36:50.360   148   148 I DEBUG   :     adc9cdc4 f7784620 4620efe0 ebaaf772 bd384628   Fx... Fr...(F8.
05-27 14:36:50.360   148   148 I DEBUG   :     adc9cdd4 f22d6800 bf00ba2f f22d6800 bf00ba33  .h-./....h-.3...
05-27 14:36:50.360   148   148 I DEBUG   :     adc9cde4 4c65b538 447c4865 68135822 0301f013  8.eLeH|D"X.h....
05-27 14:36:50.360   148   148 I DEBUG   :     adc9cdf4 80abf000 58a24a62 f0136813 f0000301  ....bJ.X.h......
05-27 14:36:50.360   148   148 I DEBUG   : 
05-27 14:36:50.360   148   148 I DEBUG   : code around lr:
05-27 14:36:50.360   148   148 I DEBUG   :     ab2606cc 681bab09 46186d1b ea9ef7fd 460b4602  ...h.m.F.....F.F
05-27 14:36:50.360   148   148 I DEBUG   :     ab2606dc 231ae9cd 681bab09 46186f5b ea9af7fd  ...#...h[o.F....
05-27 14:36:50.360   148   148 I DEBUG   :     ab2606ec f7fde348 4603e984 d0012b00 e984f7fd  H......F.+......
05-27 14:36:50.360   148   148 I DEBUG   :     ab2606fc 36f0f8df 4618447b e984f7fd 2b004603  ...6{D.F.....F.+
05-27 14:36:50.360   148   148 I DEBUG   :     ab26070c f04fd01a f7fd00e0 4603e984 f8df461d  ..O........F.F..
05-27 14:36:50.360   148   148 I DEBUG   : 
05-27 14:36:50.360   148   148 I DEBUG   : memory map around fault addr beafdead:
05-27 14:36:50.360   148   148 I DEBUG   :     bea8f000-beab0000 [stack]
05-27 14:36:50.360   148   148 I DEBUG   :     (no map for address)
05-27 14:36:50.360   148   148 I DEBUG   :     ffff0000-ffff1000 [vectors]
05-27 14:36:50.520   148   148 I DEBUG   : *** *** *** *** *** ***
05-27 14:36:50.520   148   148 I DEBUG   : Parent Tree: fingerprintExample(2724) <- system/bin/seed-12(149) <- /init(1) 
05-27 14:36:50.520   148   148 I DEBUG   : *** *** *** *** *** ***
05-27 14:36:51.290   148   148 I DEBUG   : crash 9585 1000
05-27 14:36:51.290   148   148 I DEBUG   : __show_error_message_debug_format is null
05-27 14:36:51.450   145   145 I debugfx : TID:145 .../DebugManagerService.cpp:393:	DebugManager(0xb8305d90) of 'fingerprintExample(pid: 2724)' is being unregistered
05-27 14:36:51.450   768   871 I ams     : TID:871 .../ActivityManagerService.cpp:11513:	check pid=2724, dump_crash_time =2017-05-27 14:36:48, dump_crash_pid=2724
05-27 14:36:51.450   768  1221 I wms_sess_impl: TID:1221 .../Session.cpp:122:	Session (0xb7cea0b8 from Calling mPid: 2724 and mUid 1000) received binderDied (mClient 0xb7c37ce0)
05-27 14:36:51.450   768   768 I wms_core_ws: TID:768 .../WindowState.cpp:926:	WIN DEATH: Window{0xb7ce97a8 title = fingerprintExample/fingerprintExample.FingerprintExample, paused = False}
05-27 14:36:51.450   768   871 I ams     : TID:871 .../ActivityManagerService.cpp:20886:	[AMS_STATS][CRASH] native crash process: fingerprintExample, pid:2724, uid: 1000, time: 11744193
05-27 14:36:51.450   768   768 I wms_impl: TID:768 .../WindowManagerService.cpp:2571:	Remove (fingerprintExample/fingerprintExample.FingerprintExample) client = 0xb7cd15c0, surface = 0xb7cea6d8
05-27 14:36:51.450   143   393 I gralloc_mali: alloc_device_free: free phys_addr = 0x00000000, ion_hnd_debug = 1
05-27 14:36:51.450   768   768 I wms_core_ws: TID:768 .../WindowState.cpp:887:	disposeInputChannel: mInputChannel: NOT NULL
05-27 14:36:51.450   768  1221 I imms    : TID:1221 .../InputMethodManagerService.cpp:996:	imms remove client(0xb7c37ce0)
05-27 14:36:51.450   768   871 I ams     : TID:871 .../ActivityManagerService.cpp:11798:	[AMS_STATS] addErrorToDropBox: type(crash) process: fingerprintExample activity(NULL), service(NULL), broadcast(NULL)
05-27 14:36:51.450   768   768 I wms_impl: TID:768 .../WindowManagerService.cpp:2585:	Remove (fingerprintExample/fingerprintExample.FingerprintExample): mSurface 0xb7cea6d8 mExiting = False isAnimating = False inPendingTransaction = False mDisplayFrozen = False
05-27 14:36:51.450   768   768 I wms_impl: TID:768 .../WindowManagerService.cpp:2600:	wasVisible:True
05-27 14:36:51.450   768   768 I wms_anim_wsa: TID:768 .../WindowStateAnimator.cpp:1452:	applyAnimationLocked: (fingerprintExample/fingerprintExample.FingerprintExample) mNextAppTransitionPackage = (null), transit = 8194, isEntrance = False
05-27 14:36:51.460   768   768 I wms_impl: TID:768 .../WindowManagerService.cpp:2611:	win->mExiting:False win->mWinAnimator->isAnimating():False
05-27 14:36:51.460   768   768 I wms_impl: TID:768 .../WindowManagerService.cpp:2670:	removeWindowInnerLocked: (fingerprintExample/fingerprintExample.FingerprintExample)
05-27 14:36:51.460   768   768 I wms_impl: TID:768 .../WindowManagerService.cpp:2688:	Final remove of window: (fingerprintExample/fingerprintExample.FingerprintExample)
05-27 14:36:51.460   768   768 I wms_impl: TID:768 .../WindowManagerService.cpp:2701:	Removing (fingerprintExample/fingerprintExample.FingerprintExample) from 0xb7c2dbc0
05-27 14:36:51.460   768   768 I wms_impl: TID:768 .../WindowManagerService.cpp:2710:	**** Removing (fingerprintExample/fingerprintExample.FingerprintExample): count = 0
05-27 14:36:51.460   768   878 W Process : TID:878 .../Process.cpp:1446:	Unable to open process file: /proc/2724/stat
05-27 14:36:51.460   768   878 W Process : 
05-27 14:36:51.460   143   393 I gralloc_mali: alloc_device_free: gc_gralloc_unwrap, vaddr = 0xb31fa000, err = 0
05-27 14:36:51.460   768   878 W Process : TID:878 .../Process.cpp:1446:	Unable to open process file: /proc/9589/stat
05-27 14:36:51.460   768   878 W Process : 
05-27 14:36:51.460   143   393 I gralloc_mali: alloc_device_free: free phys_addr = 0x00000000, ion_hnd_debug = 3
05-27 14:36:51.460   768   768 I wms_impl: TID:768 .../WindowManagerService.cpp:2755:	win->mAppToken != NULL, call updateReportedVisibilityLocked
05-27 14:36:51.470   768   768 I wms_impl: TID:768 .../WindowManagerService.cpp:10507:	Changing focus from (fingerprintExample/fingerprintExample.FingerprintExample) to (0x0)
05-27 14:36:51.470   768   969 I wms_core_ws: TID:969 .../WindowState.cpp:269:	WindowState(fingerprintExample/fingerprintExample.FingerprintExample) 0xb7ce97a8 relase
05-27 14:36:51.470   143   393 I gralloc_mali: alloc_device_free: gc_gralloc_unwrap, vaddr = 0xb2e16000, err = 0
05-27 14:36:51.470   143   143 I gralloc_mali: alloc_device_free: free phys_addr = 0x00000000, ion_hnd_debug = 2
05-27 14:36:51.470   768   871 I activity_thread: TID:871 .../ActivityThread.cpp:8396:	ActivityThread::acquireExistingProvider return NULL
05-27 14:36:51.470   768   871 I ams     : TID:871 .../ActivityManagerService.cpp:1479:	Putting proc to front: gaia.providers.backup
05-27 14:36:51.470   143   143 I gralloc_mali: alloc_device_free: gc_gralloc_unwrap, vaddr = 0xb2a92000, err = 0
05-27 14:36:51.470   768   871 I activity_thread: TID:871 .../ActivityThread.cpp:8775:	names size: 1, mProviderMap: 3
05-27 14:36:51.470   768   871 I activity_thread: TID:871 .../ActivityThread.cpp:8779:	mProviderMap.keyAt(0): com.gaia.settings.accountsync.SYNC, (*names)[0]: backup
05-27 14:36:51.470   768   871 I activity_thread: TID:871 .../ActivityThread.cpp:8779:	mProviderMap.keyAt(1): securityguard, (*names)[0]: backup
05-27 14:36:51.480   768   871 I activity_thread: TID:871 .../ActivityThread.cpp:8779:	mProviderMap.keyAt(2): settings, (*names)[0]: backup
05-27 14:36:51.480   768   871 I activity_thread: TID:871 .../ActivityThread.cpp:8803:	add provider:backup in mProviderMap
05-27 14:36:51.480   768   871 I BackupManagerService: TID:871 .../BackupManagerService.cpp:4708:	the app include in the DB!
05-27 14:36:51.480  1328  1338 I activity_thread: TID:1338 .../ActivityThread.cpp:7826:	TrimMemory with level: 80
05-27 14:36:51.480   768   871 I BackupManagerService: TID:871 .../BackupManagerService.cpp:1303:	the package in the DB and set the need_backup true!
05-27 14:36:51.480   768   871 I activity_thread: TID:871 .../ActivityThread.cpp:8396:	ActivityThread::acquireExistingProvider return NULL
05-27 14:36:51.480   768   871 I ams     : TID:871 .../ActivityManagerService.cpp:1479:	Putting proc to front: gaia.providers.backup
05-27 14:36:51.480   768   871 I activity_thread: TID:871 .../ActivityThread.cpp:8775:	names size: 1, mProviderMap: 3
05-27 14:36:51.480   768   871 I activity_thread: TID:871 .../ActivityThread.cpp:8779:	mProviderMap.keyAt(0): com.gaia.settings.accountsync.SYNC, (*names)[0]: backup
05-27 14:36:51.480   768   871 I activity_thread: TID:871 .../ActivityThread.cpp:8779:	mProviderMap.keyAt(1): securityguard, (*names)[0]: backup
05-27 14:36:51.480   768   871 I activity_thread: TID:871 .../ActivityThread.cpp:8779:	mProviderMap.keyAt(2): settings, (*names)[0]: backup
05-27 14:36:51.490   768   871 I activity_thread: TID:871 .../ActivityThread.cpp:8803:	add provider:backup in mProviderMap
05-27 14:36:51.500  1328  1338 I activity_thread: TID:1338 .../ActivityThread.cpp:7826:	TrimMemory with level: 80
05-27 14:36:51.500   768   871 I BackupManagerService: TID:871 .../BackupManagerService.cpp:1169:	param pkgName is --->gaia.providers.settings
05-27 14:36:51.500   768   871 I BackupManagerService: TID:871 .../BackupManagerService.cpp:1173:	getCallingPid ----> 768
05-27 14:36:51.500   768   871 I BackupManagerService: TID:871 .../BackupManagerService.cpp:1174:	getCallingUid ----> 0
05-27 14:36:51.500   768   871 I BackupManagerService: TID:871 .../BackupManagerService.cpp:1193:	N --->1
05-27 14:36:51.500   768   871 I BackupManagerService: TID:871 .../BackupManagerService.cpp:1198:	num --->2
05-27 14:36:51.500   768   871 I BackupManagerService: TID:871 .../BackupManagerService.cpp:1308:	packageName is--->gaia.providers.settings
05-27 14:36:51.500   768  1061 I BackupManagerService: TID:1061 .../BackupManagerService.cpp:1267:	targets[0]->packageName--->com.gaia
05-27 14:36:51.500   768  1061 I BackupManagerService: TID:1061 .../BackupManagerService.cpp:1267:	targets[1]->packageName--->gaia.providers.settings
05-27 14:36:51.500   768  1061 I BackupManagerService: TID:1061 .../BackupManagerService.cpp:1269:	---------------
05-27 14:36:51.500   768  1061 I BackupManagerService: TID:1061 .../BackupManagerService.cpp:1276:	GConcurrentHashMap, put null
05-27 14:36:51.500   768  1061 I BackupManagerService: TID:1061 .../BackupManagerService.cpp:1277:	GConcurrentHashMap-->1, gaia.providers.settings
05-27 14:36:51.500   768  1061 I BackupManagerService: TID:1061 .../BackupManagerService.cpp:1236:	str is --->gaia.providers.settings
05-27 14:36:51.500   768  1061 I BackupManagerService: TID:1061 .../BackupManagerService.cpp:1243:	mJournal is--->, /data/backup/pending/journal-685838481.tmp
05-27 14:36:51.500   768  1061 I BackupManagerService: TID:1061 .../BackupManagerService.cpp:1244:	mJournalDir is--->, /data/backup/pending
05-27 14:36:51.500   768  1061 I BackupManagerService: TID:1061 .../BackupManagerService.cpp:1247:	File offset-->241
05-27 14:36:51.500   768   871 W content_obs: TID:871 .../ContentObserver.cpp:174:	mContentObserver promote error!
05-27 14:36:51.500   772   963 D DashBoard_StatusBarGpsModeModel: TID:963 .../StatusBarGpsModeModel.cpp:70:	Enter onChange
05-27 14:36:51.500   781   855 W content_obs: TID:855 .../ContentObserver.cpp:174:	mContentObserver promote error!
05-27 14:36:51.500   772   848 D DashBoard_SystemStatusModel: TID:848 .../SystemStatusModel.cpp:148:	Enter handleMessage
05-27 14:36:51.500   772   848 D DashBoard_SystemStatusModel: TID:848 .../SystemStatusModel.cpp:78:	Enter notifyChange
05-27 14:36:51.500   772   848 D DashBoard_QuickSettings: TID:848 .../QuickSettings.cpp:489:	Enter onChange
05-27 14:36:51.500   772   848 D DashBoard_QuickSettings: TID:848 .../QuickSettings.cpp:429:	Enter refreshSystemTilesProperty
05-27 14:36:51.500   772   848 D DashBoard_QuickSettings: TID:848 .../QuickSettings.cpp:534:	Enter handleGpsStateChange
05-27 14:36:51.500   772   848 D DashBoard_SystemStatusModel: TID:848 .../SystemStatusModel.cpp:123:	Enter getState
